 __  __ _                                  _   
|  \/  (_) ___ _ __ ___  _ __   __ _ _   _| |_ 
| |\/| | |/ __| '__/ _ \| '_ \ / _` | | | | __|
| |  | | | (__| | | (_) | | | | (_| | |_| | |_ 
|_|  |_|_|\___|_|  \___/|_| |_|\__,_|\__,_|\__|
WARNING: A terminally deprecated method in sun.misc.Unsafe has been called
WARNING: sun.misc.Unsafe::objectFieldOffset has been called by io.netty.util.internal.PlatformDependent0$4 (file:/home/philip/teaql-startup-benchmark/matched-six/micronaut/lib/netty-common-4.1.108.Final.jar)
WARNING: Please consider reporting this to the maintainers of class io.netty.util.internal.PlatformDependent0$4
WARNING: sun.misc.Unsafe::objectFieldOffset will be removed in a future release
[TeaQL MUTATION GOVERNANCE][MUTATION-POLICY-001] request=Merchant.saveGraph execution=22479572-855c-4d55-a98d-b8c039e2f88e policy=none approval=NOT_APPLICABLE
2026-10-10 10:46:17,621 ERROR i.m.http.server.RouteExecutor - Unexpected error occurred: Fixture value only
java.lang.IllegalArgumentException: Fixture value only
	at com.doublechaintech.liquidfilling.probe.ProbeOperations.write(ProbeOperations.java:100)
	at io.teaql.benchmark.micronaut.ProbeController.write(ProbeController.java:15)
	at io.teaql.benchmark.micronaut.$ProbeController$Definition$Exec.dispatch(Unknown Source)
	at io.micronaut.context.AbstractExecutableMethodsDefinition$DispatchedExecutableMethod.invokeUnsafe(AbstractExecutableMethodsDefinition.java:461)
	at io.micronaut.context.DefaultBeanContext$BeanContextUnsafeExecutionHandle.invokeUnsafe(DefaultBeanContext.java:4276)
	at io.micronaut.web.router.AbstractRouteMatch.execute(AbstractRouteMatch.java:236)
	at io.micronaut.http.server.RouteExecutor.executeRouteAndConvertBody(RouteExecutor.java:488)
	at io.micronaut.http.server.RouteExecutor.lambda$callRoute$6(RouteExecutor.java:465)
	at io.micronaut.core.execution.ExecutionFlow.lambda$async$1(ExecutionFlow.java:87)
	at io.micronaut.core.propagation.PropagatedContext.lambda$wrap$3(PropagatedContext.java:211)
	at java.base/java.util.concurrent.ThreadPoolExecutor.runWorker(ThreadPoolExecutor.java:1090)
	at java.base/java.util.concurrent.ThreadPoolExecutor$Worker.run(ThreadPoolExecutor.java:614)
	at java.base/java.lang.Thread.run(Thread.java:1527)
