
  .   ____          _            __ _ _
 /\\ / ___'_ __ _ _(_)_ __  __ _ \ \ \ \
( ( )\___ | '_ | '_| | '_ \/ _` | \ \ \ \
 \\/  ___)| |_)| | | | | || (_| |  ) ) ) )
  '  |____| .__|_| |_|_| |_\__, | / / / /
 =========|_|==============|___/=/_/_/_/
 :: Spring Boot ::                (v3.2.0)

2026-10-09T19:05:06.221+08:00  INFO 290092 --- [tanker-latest-library-probe] [           main] c.d.l.probe.ProbeApplication             : Starting ProbeApplication using Java 21.0.12.1 with PID 290092 (/home/philip/teaql-startup-benchmark/modern-probe/lib/modern-probe.jar started by philip in /home/philip/teaql-startup-benchmark/modern-probe)
2026-10-09T19:05:06.223+08:00  INFO 290092 --- [tanker-latest-library-probe] [           main] c.d.l.probe.ProbeApplication             : No active profile set, falling back to 1 default profile: "default"
2026-10-09T19:05:06.945+08:00  INFO 290092 --- [tanker-latest-library-probe] [           main] o.s.b.w.embedded.tomcat.TomcatWebServer  : Tomcat initialized with port 18881 (http)
2026-10-09T19:05:06.952+08:00  INFO 290092 --- [tanker-latest-library-probe] [           main] o.apache.catalina.core.StandardService   : Starting service [Tomcat]
2026-10-09T19:05:06.953+08:00  INFO 290092 --- [tanker-latest-library-probe] [           main] o.apache.catalina.core.StandardEngine    : Starting Servlet engine: [Apache Tomcat/10.1.16]
2026-10-09T19:05:06.993+08:00  INFO 290092 --- [tanker-latest-library-probe] [           main] o.a.c.c.C.[Tomcat].[localhost].[/]       : Initializing Spring embedded WebApplicationContext
2026-10-09T19:05:06.994+08:00  INFO 290092 --- [tanker-latest-library-probe] [           main] w.s.c.ServletWebServerApplicationContext : Root WebApplicationContext: initialization completed in 734 ms
2026-10-09T19:05:07.338+08:00  INFO 290092 --- [tanker-latest-library-probe] [           main] o.s.b.w.embedded.tomcat.TomcatWebServer  : Tomcat started on port 18881 (http) with context path ''
2026-10-09T19:05:07.344+08:00  INFO 290092 --- [tanker-latest-library-probe] [           main] c.d.l.probe.ProbeApplication             : Started ProbeApplication in 1.422 seconds (process running for 1.66)
2026-10-09T19:05:07.424+08:00  INFO 290092 --- [tanker-latest-library-probe] [.1-18881-exec-1] o.a.c.c.C.[Tomcat].[localhost].[/]       : Initializing Spring DispatcherServlet 'dispatcherServlet'
2026-10-09T19:05:07.425+08:00  INFO 290092 --- [tanker-latest-library-probe] [.1-18881-exec-1] o.s.web.servlet.DispatcherServlet        : Initializing Servlet 'dispatcherServlet'
2026-10-09T19:05:07.426+08:00  INFO 290092 --- [tanker-latest-library-probe] [.1-18881-exec-1] o.s.web.servlet.DispatcherServlet        : Completed initialization in 1 ms
2026-10-09T19:05:07.535+08:00  INFO 290092 --- [tanker-latest-library-probe] [.1-18881-exec-2] com.zaxxer.hikari.HikariDataSource       : HikariPool-1 - Starting...
2026-10-09T19:05:07.723+08:00  INFO 290092 --- [tanker-latest-library-probe] [.1-18881-exec-2] com.zaxxer.hikari.pool.HikariPool        : HikariPool-1 - Added connection org.postgresql.jdbc.PgConnection@78075f1e
2026-10-09T19:05:07.724+08:00  INFO 290092 --- [tanker-latest-library-probe] [.1-18881-exec-2] com.zaxxer.hikari.HikariDataSource       : HikariPool-1 - Start completed.
[TeaQL SQL][query][209399us] 0 rows returned outcome=success batchOutcome=not_applicable comment=what: execute the original weight-report query purpose=why: verify latest-runtime SQL readiness auditReason= tracePath=[0:OPERATION:WeightReport=query -> 1:REQUEST:WeightReport= -> 2:RELATION:subTask=WeightReport.subTask -> 3:PROVIDER:postgresql= -> 4:SQL:select=] mutationLineage=[]
SQL: -- TeaQL PLAIN
SELECT subTaskData.id AS id, subTaskData.name AS name, subTaskData.status AS status, subTaskData.sequence AS sequence, subTaskData.max_snapshot_number AS maxSnapshotNumber, subTaskData.task AS task, subTaskData.version AS version, _child_type AS _type_ FROM sub_task_data AS subTaskData WHERE (subTaskData.version > 0) AND (subTaskData.sequence = 2) AND (subTaskData.task = 26001) LIMIT 1000 OFFSET 0
[TeaQL SQL][query][2903us] 0 rows returned outcome=success batchOutcome=not_applicable comment=what: execute the original weight-report query purpose=why: verify latest-runtime SQL readiness auditReason= tracePath=[0:OPERATION:WeightReport=query -> 1:REQUEST:WeightReport= -> 2:PROVIDER:postgresql= -> 3:SQL:select=] mutationLineage=[]
SQL: -- TeaQL PLAIN
SELECT weightReportData.id AS id, subTaskReportData.name AS name, subTaskReportData.tractor AS tractor, subTaskReportData.trailer AS trailer, subTaskReportData.fill_station AS fillStation, subTaskReportData.executor AS executor, subTaskReportData.execute_time AS executeTime, subTaskReportData.snapshot_number AS snapshotNumber, subTaskReportData.sub_task AS subTask, subTaskReportData.task AS task, subTaskReportData.merchant AS merchant, subTaskReportData.version AS version, weightReportData.weight AS weight FROM weight_report_data AS weightReportData INNER JOIN sub_task_report_data AS subTaskReportData ON subTaskReportData.id = weightReportData.id WHERE (subTaskReportData.version > 0) AND (subTaskReportData.sub_task IN (NULL)) ORDER BY subTaskReportData.execute_time DESC LIMIT 1000 OFFSET 0
2026-10-09T19:05:17.783+08:00  INFO 290092 --- [tanker-latest-library-probe] [ionShutdownHook] com.zaxxer.hikari.HikariDataSource       : HikariPool-1 - Shutdown initiated...
2026-10-09T19:05:17.786+08:00  INFO 290092 --- [tanker-latest-library-probe] [ionShutdownHook] com.zaxxer.hikari.HikariDataSource       : HikariPool-1 - Shutdown completed.
