[TeaQL MUTATION GOVERNANCE][MUTATION-POLICY-001] request=Merchant.saveGraph execution=6e045013-3cdb-4309-aecb-309608b7297b policy=none approval=NOT_APPLICABLE
2026-10-10 13:21:57,258 ERROR [io.quarkus.vertx.http.runtime.QuarkusErrorHandler] (executor-thread-1) HTTP Request to /write?hours=47 failed, error id: 962daeb6-6291-4f0a-b668-c127b072285f-1: java.lang.IllegalArgumentException: Fixture value only
	at com.doublechaintech.liquidfilling.probe.ProbeOperations.write(ProbeOperations.java:100)
	at io.teaql.benchmark.quarkus.ProbeResource.write(ProbeResource.java:15)
	at io.teaql.benchmark.quarkus.ProbeResource$quarkusrestinvoker$write_ae678696b6064eafabc9f974954303792a467ad9.invoke(Unknown Source)
	at org.jboss.resteasy.reactive.server.handlers.InvocationHandler.handle(InvocationHandler.java:29)
	at io.quarkus.resteasy.reactive.server.runtime.QuarkusResteasyReactiveRequestContext.invokeHandler(QuarkusResteasyReactiveRequestContext.java:195)
	at org.jboss.resteasy.reactive.common.core.AbstractResteasyReactiveContext.run(AbstractResteasyReactiveContext.java:150)
	at io.quarkus.vertx.core.runtime.VertxCoreRecorder$15.runWith(VertxCoreRecorder.java:695)
	at org.jboss.threads.EnhancedQueueExecutor$Task.doRunWith(EnhancedQueueExecutor.java:2651)
	at org.jboss.threads.EnhancedQueueExecutor$Task.run(EnhancedQueueExecutor.java:2630)
	at org.jboss.threads.EnhancedQueueExecutor.runThreadBody(EnhancedQueueExecutor.java:1622)
	at org.jboss.threads.EnhancedQueueExecutor$ThreadBody.run(EnhancedQueueExecutor.java:1589)
	at org.jboss.threads.DelegatingRunnable.run(DelegatingRunnable.java:11)
	at org.jboss.threads.ThreadLocalResettingRunnable.run(ThreadLocalResettingRunnable.java:11)
	at io.netty.util.concurrent.FastThreadLocalRunnable.run(FastThreadLocalRunnable.java:30)
	at java.base@25.0.4/java.lang.Thread.runWith(Thread.java:1487)
	at java.base@25.0.4/java.lang.Thread.run(Thread.java:1474)
	at org.graalvm.nativeimage.builder/com.oracle.svm.core.thread.PlatformThreads.threadStartRoutine(PlatformThreads.java:832)
	at org.graalvm.nativeimage.builder/com.oracle.svm.core.thread.PlatformThreads.threadStartRoutine(PlatformThreads.java:808)

