Warning: The option '-H:ResourceConfigurationResources=META-INF/native-image/org.apache.tomcat.embed/tomcat-embed-core/tomcat-resource.json' is experimental and must be enabled via '-H:+UnlockExperimentalVMOptions' in the future.
Warning: The option '-H:ReflectionConfigurationResources=META-INF/native-image/org.apache.tomcat.embed/tomcat-embed-core/tomcat-reflection.json' is experimental and must be enabled via '-H:+UnlockExperimentalVMOptions' in the future.
Warning: The option '-H:ReflectionConfigurationResources=META-INF/native-image/org.apache.tomcat.embed/tomcat-embed-websocket/tomcat-reflection.json' is experimental and must be enabled via '-H:+UnlockExperimentalVMOptions' in the future.
Warning: The option '-H:ReflectionConfigurationResources=META-INF/native-image/org.apache.tomcat.embed/tomcat-embed-el/tomcat-reflection.json' is experimental and must be enabled via '-H:+UnlockExperimentalVMOptions' in the future.
Warning: The option '-H:ResourceConfigurationResources=META-INF/native-image/org.apache.tomcat.embed/tomcat-embed-el/tomcat-resource.json' is experimental and must be enabled via '-H:+UnlockExperimentalVMOptions' in the future.
Warning: The option '-H:ResourceConfigurationResources=META-INF/native-image/org.apache.tomcat.embed/tomcat-embed-websocket/tomcat-resource.json' is experimental and must be enabled via '-H:+UnlockExperimentalVMOptions' in the future.
Warning: Please re-evaluate whether any experimental option is required, and either remove or unlock it. The build output lists all active experimental options, including where they come from and possible alternatives. If you think an experimental option should be considered as stable, please file an issue.
========================================================================================================================
GraalVM Native Image: Generating 'standalone' (executable)...
========================================================================================================================
For detailed information and explanations on the build output, visit:
https://github.com/oracle/graal/blob/master/docs/reference-manual/native-image/BuildOutput.md
------------------------------------------------------------------------------------------------------------------------
[1/8] Initializing...                                                                                    (6.2s @ 0.14GB)
 Java version: 21.0.12+7-LTS, vendor version: Oracle GraalVM 21.0.12+7.1
 Graal compiler: optimization level: 2, target machine: compatibility, PGO: ML-inferred
 C compiler: gcc (linux, x86_64, 14.2.0)
 Garbage collector: Serial GC (max heap size: 80% of RAM)
 2 user-specific feature(s):
 - com.oracle.svm.thirdparty.gson.GsonFeature
 - org.springframework.aot.nativex.feature.PreComputeFieldFeature
------------------------------------------------------------------------------------------------------------------------
 2 experimental option(s) unlocked:
 - '-H:ResourceConfigurationResources' (origin(s): 'META-INF/native-image/org.apache.tomcat.embed/tomcat-embed-websocket/native-image.properties' in 'file:///home/philip/teaql-startup-benchmark/matched-six/modern/lib/tomcat-embed-websocket-10.1.16.jar', 'META-INF/native-image/org.apache.tomcat.embed/tomcat-embed-core/native-image.properties' in 'file:///home/philip/teaql-startup-benchmark/matched-six/modern/lib/tomcat-embed-core-10.1.16.jar', 'META-INF/native-image/org.apache.tomcat.embed/tomcat-embed-el/native-image.properties' in 'file:///home/philip/teaql-startup-benchmark/matched-six/modern/lib/tomcat-embed-el-10.1.16.jar')
 - '-H:ReflectionConfigurationResources' (origin(s): 'META-INF/native-image/org.apache.tomcat.embed/tomcat-embed-websocket/native-image.properties' in 'file:///home/philip/teaql-startup-benchmark/matched-six/modern/lib/tomcat-embed-websocket-10.1.16.jar', 'META-INF/native-image/org.apache.tomcat.embed/tomcat-embed-core/native-image.properties' in 'file:///home/philip/teaql-startup-benchmark/matched-six/modern/lib/tomcat-embed-core-10.1.16.jar', 'META-INF/native-image/org.apache.tomcat.embed/tomcat-embed-el/native-image.properties' in 'file:///home/philip/teaql-startup-benchmark/matched-six/modern/lib/tomcat-embed-el-10.1.16.jar')
------------------------------------------------------------------------------------------------------------------------
Build resources:
 - 7.11GB of memory (45.9% of 15.50GB system memory, set via '-Xmx8g')
 - 4 thread(s) (50.0% of 8 available processor(s), set via '--parallelism=4')
Found pending operations, continuing analysis.
[2/8] Performing analysis...  [******]                                                                  (49.7s @ 1.51GB)
   11,497 reachable types   (85.2% of   13,487 total)
   20,119 reachable fields  (61.8% of   32,549 total)
   65,120 reachable methods (55.9% of  116,567 total)
    3,717 types,   318 fields, and 3,226 methods registered for reflection
       63 types,    66 fields, and    55 methods registered for JNI access
        4 native libraries: dl, pthread, rt, z
[3/8] Building universe...                                                                               (6.5s @ 1.64GB)
[4/8] Parsing methods...      [****]                                                                    (18.0s @ 2.11GB)
[5/8] Inlining methods...     [***]                                                                      (2.6s @ 1.26GB)
[6/8] Compiling methods...    [**********]                                                             (108.3s @ 3.04GB)
[7/8] Laying out methods...   [***]                                                                      (6.7s @ 2.05GB)
[8/8] Creating image...       [***]                                                                      (6.0s @ 2.59GB)
  36.42MB (52.45%) for code area:    37,449 compilation units
  27.15MB (39.10%) for image heap:  334,799 objects and 191 resources
   5.87MB ( 8.45%) for other data
  69.43MB in total
------------------------------------------------------------------------------------------------------------------------
Top 10 origins of code area:                                Top 10 object types in image heap:
  14.47MB java.base                                           10.42MB byte[] for code metadata
   3.88MB java.xml                                             4.33MB byte[] for java.lang.String
   3.80MB svm.jar (Native Image)                               2.44MB java.lang.String
   2.55MB liquidfilling-core-297.jar                           2.05MB java.lang.Class
   2.23MB jackson-databind-2.22.3.jar                          2.04MB byte[] for general heap data
   2.01MB tomcat-embed-core-10.1.16.jar                      745.99kB byte[] for reflection metadata
   1.24MB postgresql-42.6.0.jar                              538.92kB com.oracle.svm.core.hub.DynamicHubCompanion
 788.65kB jackson-core-2.22.3.jar                            517.55kB heap alignment
 690.82kB java.management                                    450.63kB java.util.HashMap$Node
 529.76kB java.security.jgss                                 353.32kB java.lang.String[]
   4.02MB for 49 more packages                                 3.33MB for 2663 more object types
                              Use '-H:+BuildReport' to create a report with more details.
------------------------------------------------------------------------------------------------------------------------
Security report:
 - Binary includes Java deserialization.
 - Use '--enable-sbom' to embed a Software Bill of Materials (SBOM) in the binary.
 - The log4j library has been detected, but the version is unavailable. Due to Log4Shell, please ensure log4j is at version 2.17.1 or later.
------------------------------------------------------------------------------------------------------------------------
Recommendations:
 G1GC: Use the G1 GC ('--gc=G1') for improved latency and throughput.
 PGO:  Use Profile-Guided Optimizations ('--pgo') for improved throughput.
 INIT: Adopt '--strict-image-heap' to prepare for the next GraalVM release.
 HEAP: Set max heap for improved and more predictable memory usage.
 QBM:  Use the quick build mode ('-Ob') to speed up builds during development.
------------------------------------------------------------------------------------------------------------------------
                       14.8s (7.2% of total time) in 202 GCs | Peak RSS: 4.03GB | CPU load: 4.81
------------------------------------------------------------------------------------------------------------------------
Produced artifacts:
 /home/philip/teaql-startup-benchmark/native/standalone/standalone (executable)
========================================================================================================================
Finished generating 'standalone' in 3m 25s.
	Command being timed: "../toolchain/graalvm-jdk-21.0.12+7.1/bin/native-image -J-Xmx8g --parallelism=4 --no-fallback -march=compatibility --add-modules=jdk.httpserver -cp ../../matched-six/modern/lib/* com.doublechaintech.liquidfilling.probe.StandaloneProbe standalone"
	User time (seconds): 981.82
	System time (seconds): 10.70
	Percent of CPU this job got: 480%
	Elapsed (wall clock) time (h:mm:ss or m:ss): 3:26.53
	Average shared text size (kbytes): 0
	Average unshared data size (kbytes): 0
	Average stack size (kbytes): 0
	Average total size (kbytes): 0
	Maximum resident set size (kbytes): 4226908
	Average resident set size (kbytes): 0
	Major (requiring I/O) page faults: 210
	Minor (reclaiming a frame) page faults: 1136317
	Voluntary context switches: 164290
	Involuntary context switches: 32582
	Swaps: 0
	File system inputs: 119768
	File system outputs: 587776
	Socket messages sent: 0
	Socket messages received: 0
	Signals delivered: 0
	Page size (bytes): 4096
	Exit status: 0
