Warning: The option '-H:ResourceConfigurationResources=META-INF/native-image/org.apache.tomcat.embed/tomcat-embed-core/tomcat-resource.json' is experimental and must be enabled via '-H:+UnlockExperimentalVMOptions' in the future.
Warning: The option '-H:ReflectionConfigurationResources=META-INF/native-image/org.apache.tomcat.embed/tomcat-embed-core/tomcat-reflection.json' is experimental and must be enabled via '-H:+UnlockExperimentalVMOptions' in the future.
Warning: The option '-H:ReflectionConfigurationResources=META-INF/native-image/org.apache.tomcat.embed/tomcat-embed-websocket/tomcat-reflection.json' is experimental and must be enabled via '-H:+UnlockExperimentalVMOptions' in the future.
Warning: The option '-H:ReflectionConfigurationResources=META-INF/native-image/org.apache.tomcat.embed/tomcat-embed-el/tomcat-reflection.json' is experimental and must be enabled via '-H:+UnlockExperimentalVMOptions' in the future.
Warning: The option '-H:ResourceConfigurationResources=META-INF/native-image/org.apache.tomcat.embed/tomcat-embed-el/tomcat-resource.json' is experimental and must be enabled via '-H:+UnlockExperimentalVMOptions' in the future.
Warning: The option '-H:ResourceConfigurationResources=META-INF/native-image/org.apache.tomcat.embed/tomcat-embed-websocket/tomcat-resource.json' is experimental and must be enabled via '-H:+UnlockExperimentalVMOptions' in the future.
Warning: Please re-evaluate whether any experimental option is required, and either remove or unlock it. The build output lists all active experimental options, including where they come from and possible alternatives. If you think an experimental option should be considered as stable, please file an issue.
========================================================================================================================
GraalVM Native Image: Generating 'standalone' (executable)...
========================================================================================================================
For detailed information and explanations on the build output, visit:
https://github.com/oracle/graal/blob/master/docs/reference-manual/native-image/BuildOutput.md
------------------------------------------------------------------------------------------------------------------------
[1/8] Initializing...                                                                                    (6.0s @ 0.23GB)
 Java version: 21.0.12+7-LTS, vendor version: Oracle GraalVM 21.0.12+7.1
 Graal compiler: optimization level: 2, target machine: compatibility, PGO: ML-inferred
 C compiler: gcc (linux, x86_64, 14.2.0)
 Garbage collector: Serial GC (max heap size: 80% of RAM)
 2 user-specific feature(s):
 - com.oracle.svm.thirdparty.gson.GsonFeature
 - org.springframework.aot.nativex.feature.PreComputeFieldFeature
------------------------------------------------------------------------------------------------------------------------
 2 experimental option(s) unlocked:
 - '-H:ResourceConfigurationResources' (origin(s): 'META-INF/native-image/org.apache.tomcat.embed/tomcat-embed-websocket/native-image.properties' in 'file:///home/philip/teaql-startup-benchmark/matched-six/modern/lib/tomcat-embed-websocket-10.1.16.jar', 'META-INF/native-image/org.apache.tomcat.embed/tomcat-embed-core/native-image.properties' in 'file:///home/philip/teaql-startup-benchmark/matched-six/modern/lib/tomcat-embed-core-10.1.16.jar', 'META-INF/native-image/org.apache.tomcat.embed/tomcat-embed-el/native-image.properties' in 'file:///home/philip/teaql-startup-benchmark/matched-six/modern/lib/tomcat-embed-el-10.1.16.jar')
 - '-H:ReflectionConfigurationResources' (origin(s): 'META-INF/native-image/org.apache.tomcat.embed/tomcat-embed-websocket/native-image.properties' in 'file:///home/philip/teaql-startup-benchmark/matched-six/modern/lib/tomcat-embed-websocket-10.1.16.jar', 'META-INF/native-image/org.apache.tomcat.embed/tomcat-embed-core/native-image.properties' in 'file:///home/philip/teaql-startup-benchmark/matched-six/modern/lib/tomcat-embed-core-10.1.16.jar', 'META-INF/native-image/org.apache.tomcat.embed/tomcat-embed-el/native-image.properties' in 'file:///home/philip/teaql-startup-benchmark/matched-six/modern/lib/tomcat-embed-el-10.1.16.jar')
------------------------------------------------------------------------------------------------------------------------
Build resources:
 - 7.11GB of memory (45.9% of 15.50GB system memory, set via '-Xmx8g')
 - 4 thread(s) (50.0% of 8 available processor(s), set via '--parallelism=4')
Found pending operations, continuing analysis.
[2/8] Performing analysis...  [******]                                                                  (49.9s @ 1.27GB)
   11,929 reachable types   (85.5% of   13,945 total)
   20,551 reachable fields  (62.0% of   33,162 total)
   67,040 reachable methods (56.4% of  118,899 total)
    3,824 types,   331 fields, and 3,509 methods registered for reflection
       64 types,    74 fields, and    55 methods registered for JNI access
        4 native libraries: dl, pthread, rt, z
[3/8] Building universe...                                                                               (7.4s @ 1.42GB)
[4/8] Parsing methods...      [****]                                                                    (20.5s @ 1.52GB)
[5/8] Inlining methods...     [***]                                                                      (2.9s @ 1.96GB)
[6/8] Compiling methods...    [**********]                                                             (115.6s @ 1.50GB)
[7/8] Laying out methods...   [***]                                                                      (7.6s @ 1.53GB)
[8/8] Creating image...       [***]                                                                      (5.9s @ 1.62GB)
  37.21MB (52.66%) for code area:    38,381 compilation units
  27.45MB (38.84%) for image heap:  342,244 objects and 192 resources
   6.01MB ( 8.50%) for other data
  70.66MB in total
------------------------------------------------------------------------------------------------------------------------
Top 10 origins of code area:                                Top 10 object types in image heap:
  14.57MB java.base                                           10.67MB byte[] for code metadata
   3.88MB java.xml                                             4.45MB byte[] for java.lang.String
   3.83MB svm.jar (Native Image)                               2.51MB java.lang.String
   2.55MB liquidfilling-core-297.jar                           2.12MB java.lang.Class
   2.24MB jackson-databind-2.22.3.jar                          2.10MB byte[] for general heap data
   2.03MB tomcat-embed-core-10.1.16.jar                      786.61kB byte[] for reflection metadata
   1.24MB postgresql-42.6.0.jar                              559.17kB com.oracle.svm.core.hub.DynamicHubCompanion
 788.28kB jackson-core-2.22.3.jar                            451.00kB java.util.HashMap$Node
 688.06kB java.management                                    360.89kB java.lang.String[]
 565.14kB logback-core-1.4.11.jar                            345.06kB c.o.svm.core.hub.DynamicHub$ReflectionMetadata
   4.62MB for 49 more packages                                 3.16MB for 2754 more object types
                              Use '-H:+BuildReport' to create a report with more details.
------------------------------------------------------------------------------------------------------------------------
Security report:
 - Binary includes Java deserialization.
 - Use '--enable-sbom' to embed a Software Bill of Materials (SBOM) in the binary.
 - The log4j library has been detected, but the version is unavailable. Due to Log4Shell, please ensure log4j is at version 2.17.1 or later.
------------------------------------------------------------------------------------------------------------------------
Recommendations:
 G1GC: Use the G1 GC ('--gc=G1') for improved latency and throughput.
 PGO:  Use Profile-Guided Optimizations ('--pgo') for improved throughput.
 INIT: Adopt '--strict-image-heap' to prepare for the next GraalVM release.
 HEAP: Set max heap for improved and more predictable memory usage.
 QBM:  Use the quick build mode ('-Ob') to speed up builds during development.
------------------------------------------------------------------------------------------------------------------------
                       15.6s (7.2% of total time) in 354 GCs | Peak RSS: 4.01GB | CPU load: 4.87
------------------------------------------------------------------------------------------------------------------------
Produced artifacts:
 /home/philip/teaql-startup-benchmark/native/standalone/standalone (executable)
========================================================================================================================
Finished generating 'standalone' in 3m 37s.
	Command being timed: "native-image -J-Xmx8g --parallelism=4 --no-fallback -march=compatibility -H:ConfigurationFileDirectories=../common-config,agent-config --add-modules=jdk.httpserver -cp ../../matched-six/modern/lib/* com.doublechaintech.liquidfilling.probe.StandaloneProbe standalone"
	User time (seconds): 1043.17
	System time (seconds): 18.08
	Percent of CPU this job got: 485%
	Elapsed (wall clock) time (h:mm:ss or m:ss): 3:38.43
	Average shared text size (kbytes): 0
	Average unshared data size (kbytes): 0
	Average stack size (kbytes): 0
	Average total size (kbytes): 0
	Maximum resident set size (kbytes): 4205580
	Average resident set size (kbytes): 0
	Major (requiring I/O) page faults: 30
	Minor (reclaiming a frame) page faults: 382303
	Voluntary context switches: 193987
	Involuntary context switches: 22465
	Swaps: 0
	File system inputs: 63784
	File system outputs: 597496
	Socket messages sent: 0
	Socket messages received: 0
	Signals delivered: 0
	Page size (bytes): 4096
	Exit status: 0
