Warning: Using a deprecated option --report-unsupported-elements-at-runtime from 'META-INF/native-image/tanker-filling/legacy-probe/native-image.properties' in 'file:///home/philip/teaql-startup-benchmark/jdk25-27/native25/legacy/aot/'. The option is deprecated and will be removed in the future. The use of unsupported elements is always reported at run time.
Warning: Using a deprecated option --install-exit-handlers from 'META-INF/native-image/tanker-filling/legacy-probe/native-image.properties' in 'file:///home/philip/teaql-startup-benchmark/jdk25-27/native25/legacy/aot/'. --install-exit-handlers is enabled by default for executables and it can likely be removed. To use this option for the shared libraries, please use -H:+InstallExitHandlers.
Warning: The option '-H:ReflectionConfigurationResources=META-INF/native-image/org.apache.tomcat.embed/tomcat-embed-websocket/tomcat-reflection.json' is experimental and must be enabled via '-H:+UnlockExperimentalVMOptions' in the future.
Warning: The option '-H:ReflectionConfigurationResources=META-INF/native-image/org.apache.tomcat.embed/tomcat-embed-el/tomcat-reflection.json' is experimental and must be enabled via '-H:+UnlockExperimentalVMOptions' in the future.
Warning: The option '-H:ResourceConfigurationResources=META-INF/native-image/org.apache.tomcat.embed/tomcat-embed-core/tomcat-resource.json' is experimental and must be enabled via '-H:+UnlockExperimentalVMOptions' in the future.
Warning: The option '-H:ReflectionConfigurationResources=META-INF/native-image/org.apache.tomcat.embed/tomcat-embed-core/tomcat-reflection.json' is experimental and must be enabled via '-H:+UnlockExperimentalVMOptions' in the future.
Warning: The option '-H:ResourceConfigurationResources=META-INF/native-image/org.apache.tomcat.embed/tomcat-embed-el/tomcat-resource.json' is experimental and must be enabled via '-H:+UnlockExperimentalVMOptions' in the future.
Warning: The option '-H:ReflectionConfigurationResources=META-INF/native-image/io.netty/netty-transport/reflection-config.json' is experimental and must be enabled via '-H:+UnlockExperimentalVMOptions' in the future.
Warning: The option '-H:ResourceConfigurationResources=META-INF/native-image/org.apache.tomcat.embed/tomcat-embed-websocket/tomcat-resource.json' is experimental and must be enabled via '-H:+UnlockExperimentalVMOptions' in the future.
Warning: Please re-evaluate whether any experimental option is required, and either remove or unlock it. The build output lists all active experimental options, including where they come from and possible alternatives. If you think an experimental option should be considered as stable, please file an issue.
Warning: Option 'DynamicProxyConfigurationResources' is deprecated and might be removed in a future release: This can be caused by a proxy-config.json file in your META-INF directory. Consider including proxy configuration in the reflection section of reachability-metadata.md instead.. Please refer to the GraalVM release notes.
Warning: Option 'DynamicProxyConfigurationResources' is deprecated and might be removed in a future release: This can be caused by a proxy-config.json file in your META-INF directory. Consider including proxy configuration in the reflection section of reachability-metadata.md instead.. Please refer to the GraalVM release notes.
Warning: Option 'DynamicProxyConfigurationResources' is deprecated and might be removed in a future release: This can be caused by a proxy-config.json file in your META-INF directory. Consider including proxy configuration in the reflection section of reachability-metadata.md instead.. Please refer to the GraalVM release notes.
========================================================================================================================
GraalVM Native Image: Generating 'legacy' (executable)...
========================================================================================================================
For detailed information and explanations on the build output, visit:
https://github.com/oracle/graal/blob/master/docs/reference-manual/native-image/BuildOutput.md
------------------------------------------------------------------------------------------------------------------------
[1/8] Initializing...                                                                                    (9.7s @ 0.30GB)
 Java version: 25.0.4+7-LTS, vendor version: Oracle GraalVM 25.0.4+7.1
 Graal compiler: optimization level: 2, target machine: compatibility, PGO: ML-inferred
 C compiler: gcc (linux, x86_64, 14.2.0)
 Garbage collector: Serial GC (max heap size: 80% of RAM)
 2 user-specific feature(s):
 - com.oracle.svm.thirdparty.gson.GsonFeature
 - org.springframework.aot.nativex.feature.PreComputeFieldFeature
------------------------------------------------------------------------------------------------------------------------
 2 experimental option(s) unlocked:
 - '-H:ResourceConfigurationResources' (origin(s): 'META-INF/native-image/org.apache.tomcat.embed/tomcat-embed-websocket/native-image.properties' in 'file:///home/philip/teaql-startup-benchmark/jdk25-27/native25/legacy/lib/tomcat-embed-websocket-10.1.16.jar', 'META-INF/native-image/org.apache.tomcat.embed/tomcat-embed-core/native-image.properties' in 'file:///home/philip/teaql-startup-benchmark/jdk25-27/native25/legacy/lib/tomcat-embed-core-10.1.16.jar', 'META-INF/native-image/org.apache.tomcat.embed/tomcat-embed-el/native-image.properties' in 'file:///home/philip/teaql-startup-benchmark/jdk25-27/native25/legacy/lib/tomcat-embed-el-10.1.16.jar')
 - '-H:ReflectionConfigurationResources' (origin(s): 'META-INF/native-image/org.apache.tomcat.embed/tomcat-embed-websocket/native-image.properties' in 'file:///home/philip/teaql-startup-benchmark/jdk25-27/native25/legacy/lib/tomcat-embed-websocket-10.1.16.jar', 'META-INF/native-image/org.apache.tomcat.embed/tomcat-embed-core/native-image.properties' in 'file:///home/philip/teaql-startup-benchmark/jdk25-27/native25/legacy/lib/tomcat-embed-core-10.1.16.jar', 'META-INF/native-image/org.apache.tomcat.embed/tomcat-embed-el/native-image.properties' in 'file:///home/philip/teaql-startup-benchmark/jdk25-27/native25/legacy/lib/tomcat-embed-el-10.1.16.jar', 'META-INF/native-image/io.netty/netty-transport/native-image.properties' in 'file:///home/philip/teaql-startup-benchmark/jdk25-27/native25/legacy/lib/netty-transport-4.1.101.Final.jar')
------------------------------------------------------------------------------------------------------------------------
Build resources:
 - 7.64GB of memory (45.9% of system memory, set via '-Xmx8g')
 - 4 thread(s) (50.0% of 8 available processor(s), set via '--parallelism=4')
SLF4J: No SLF4J providers were found.
SLF4J: Defaulting to no-operation (NOP) logger implementation
SLF4J: See https://www.slf4j.org/codes.html#noProviders for further details.
[2/8] Performing analysis...  [******]                                                                  (78.1s @ 2.89GB)
   29,644 types,  43,160 fields, and 157,486 methods found reachable
   10,606 types,   3,710 fields, and  28,294 methods registered for reflection
       69 types,      72 fields, and      58 methods registered for JNI access
        0 downcalls and 0 upcalls registered for foreign access
        4 native libraries: dl, pthread, rt, z
[3/8] Building universe...                                                                              (12.8s @ 3.29GB)
[4/8] Parsing methods...      [*****]                                                                   (29.9s @ 3.68GB)
[5/8] Inlining methods...     [***]                                                                      (4.3s @ 3.92GB)
[6/8] Compiling methods...    [**************]                                                         (193.1s @ 4.98GB)
[7/8] Laying out methods...   [*****]                                                                   (23.8s @ 4.33GB)
[8/8] Creating image...       [***]                                                                     (10.9s @ 4.78GB)
  74.33MB (51.13%) for code area:    96,958 compilation units
  56.16MB (38.64%) for image heap:  624,656 objects and 475 resources
  14.87MB (10.23%) for other data
 145.36MB in total image size, 137.23MB in total file size
------------------------------------------------------------------------------------------------------------------------
Top 10 origins of code area:                                Top 10 object types in image heap:
  15.22MB java.base                                           21.27MB byte[] for code metadata
   8.33MB svm.jar (Native Image)                               8.98MB byte[] for java.lang.String
   7.32MB redisson-3.23.1.jar                                  4.20MB java.lang.String
   4.30MB tomcat-embed-core-10.1.16.jar                        4.15MB java.lang.Class
   3.46MB java.xml                                             3.08MB com.oracle.svm.core.hub.DynamicHubCompanion
   2.85MB jdk.proxy4                                           2.32MB byte[] for reflection metadata
   2.83MB graphql-java-21.3.jar                                1.47MB java.lang.reflect.Method
   2.12MB jackson-databind-2.22.3.jar                          1.07MB byte[] for embedded resources
   1.90MB spring-data-redis-3.2.0.jar                        936.31kB byte[] for general heap data
   1.77MB spring-core-6.1.1.jar                              869.79kB c.o.svm.core.hub.DynamicHub$ReflectionMetadata
  22.73MB for 163 more packages                                7.83MB for 5539 more object types
                            Use '--emit build-report' to create a report with more details.
------------------------------------------------------------------------------------------------------------------------
Security report:
 - Binary includes Java deserialization.
 - CycloneDX SBOM with 80 component(s) is embedded in binary (4.46kB). 214 type(s) could not be associated to a component.
 - Advanced obfuscation not enabled; enable with '-H:AdvancedObfuscation=""' (experimental support).
 - The log4j library has been detected, but the version is unavailable. Due to Log4Shell, please ensure log4j is at version 2.17.1 or later.
------------------------------------------------------------------------------------------------------------------------
Recommendations:
 PGO:  Use Profile-Guided Optimizations ('--pgo') for improved throughput.
 FUTR: Use '--future-defaults=all' to prepare for future releases.
 HEAP: Set max heap for improved and more predictable memory usage.
 QBM:  Use the quick build mode ('-Ob') to speed up builds during development.
------------------------------------------------------------------------------------------------------------------------
                      38.9s (10.5% of total time) in 3414 GCs | Peak RSS: 6.99GB | CPU load: 5.05
------------------------------------------------------------------------------------------------------------------------
Build artifacts:
 /home/philip/teaql-startup-benchmark/jdk25-27/native25/legacy/legacy (executable)
 /home/philip/teaql-startup-benchmark/jdk25-27/native25/legacy/libmanagement_ext.so (jdk_library)
========================================================================================================================
Finished generating 'legacy' in 6m 7s.
	Command being timed: "native-image -J-Xmx8g --parallelism=4 --no-fallback -march=compatibility -O2 --gc=serial -H:ConfigurationFileDirectories=../common-config,agent-config --initialize-at-build-time=org.redisson.misc.BiHashMap,org.redisson.liveobject.core.RedissonObjectBuilder$CodecMethodRef -cp aot:lib/* com.doublechaintech.liquidfilling.legacyprobe.LegacyProbeApplication legacy"
	User time (seconds): 1840.12
	System time (seconds): 21.53
	Percent of CPU this job got: 504%
	Elapsed (wall clock) time (h:mm:ss or m:ss): 6:09.11
	Average shared text size (kbytes): 0
	Average unshared data size (kbytes): 0
	Average stack size (kbytes): 0
	Average total size (kbytes): 0
	Maximum resident set size (kbytes): 6826260
	Average resident set size (kbytes): 0
	Major (requiring I/O) page faults: 28
	Minor (reclaiming a frame) page faults: 2531278
	Voluntary context switches: 803584
	Involuntary context switches: 53598
	Swaps: 0
	File system inputs: 1048
	File system outputs: 1106232
	Socket messages sent: 0
	Socket messages received: 0
	Signals delivered: 0
	Page size (bytes): 4096
	Exit status: 0
