Warning: The option '-H:ResourceConfigurationResources=META-INF/native-image/org.apache.tomcat.embed/tomcat-embed-core/tomcat-resource.json' is experimental and must be enabled via '-H:+UnlockExperimentalVMOptions' in the future.
Warning: The option '-H:ReflectionConfigurationResources=META-INF/native-image/org.apache.tomcat.embed/tomcat-embed-core/tomcat-reflection.json' is experimental and must be enabled via '-H:+UnlockExperimentalVMOptions' in the future.
Warning: The option '-H:ReflectionConfigurationResources=META-INF/native-image/org.apache.tomcat.embed/tomcat-embed-websocket/tomcat-reflection.json' is experimental and must be enabled via '-H:+UnlockExperimentalVMOptions' in the future.
Warning: The option '-H:ReflectionConfigurationResources=META-INF/native-image/org.apache.tomcat.embed/tomcat-embed-el/tomcat-reflection.json' is experimental and must be enabled via '-H:+UnlockExperimentalVMOptions' in the future.
Warning: The option '-H:ResourceConfigurationResources=META-INF/native-image/org.apache.tomcat.embed/tomcat-embed-el/tomcat-resource.json' is experimental and must be enabled via '-H:+UnlockExperimentalVMOptions' in the future.
Warning: The option '-H:ResourceConfigurationResources=META-INF/native-image/org.apache.tomcat.embed/tomcat-embed-websocket/tomcat-resource.json' is experimental and must be enabled via '-H:+UnlockExperimentalVMOptions' in the future.
Warning: Please re-evaluate whether any experimental option is required, and either remove or unlock it. The build output lists all active experimental options, including where they come from and possible alternatives. If you think an experimental option should be considered as stable, please file an issue.
========================================================================================================================
GraalVM Native Image: Generating 'spring' (executable)...
========================================================================================================================
For detailed information and explanations on the build output, visit:
https://github.com/oracle/graal/blob/master/docs/reference-manual/native-image/BuildOutput.md
------------------------------------------------------------------------------------------------------------------------
[1/8] Initializing...                                                                                    (6.3s @ 0.15GB)
 Java version: 21.0.12+7-LTS, vendor version: Oracle GraalVM 21.0.12+7.1
 Graal compiler: optimization level: 2, target machine: compatibility, PGO: ML-inferred
 C compiler: gcc (linux, x86_64, 14.2.0)
 Garbage collector: Serial GC (max heap size: 80% of RAM)
 2 user-specific feature(s):
 - com.oracle.svm.thirdparty.gson.GsonFeature
 - org.springframework.aot.nativex.feature.PreComputeFieldFeature
------------------------------------------------------------------------------------------------------------------------
 2 experimental option(s) unlocked:
 - '-H:ResourceConfigurationResources' (origin(s): 'META-INF/native-image/org.apache.tomcat.embed/tomcat-embed-websocket/native-image.properties' in 'file:///home/philip/teaql-startup-benchmark/native/spring/lib/tomcat-embed-websocket-10.1.16.jar', 'META-INF/native-image/org.apache.tomcat.embed/tomcat-embed-core/native-image.properties' in 'file:///home/philip/teaql-startup-benchmark/native/spring/lib/tomcat-embed-core-10.1.16.jar', 'META-INF/native-image/org.apache.tomcat.embed/tomcat-embed-el/native-image.properties' in 'file:///home/philip/teaql-startup-benchmark/native/spring/lib/tomcat-embed-el-10.1.16.jar')
 - '-H:ReflectionConfigurationResources' (origin(s): 'META-INF/native-image/org.apache.tomcat.embed/tomcat-embed-websocket/native-image.properties' in 'file:///home/philip/teaql-startup-benchmark/native/spring/lib/tomcat-embed-websocket-10.1.16.jar', 'META-INF/native-image/org.apache.tomcat.embed/tomcat-embed-core/native-image.properties' in 'file:///home/philip/teaql-startup-benchmark/native/spring/lib/tomcat-embed-core-10.1.16.jar', 'META-INF/native-image/org.apache.tomcat.embed/tomcat-embed-el/native-image.properties' in 'file:///home/philip/teaql-startup-benchmark/native/spring/lib/tomcat-embed-el-10.1.16.jar')
------------------------------------------------------------------------------------------------------------------------
Build resources:
 - 7.11GB of memory (45.9% of 15.50GB system memory, set via '-Xmx8g')
 - 4 thread(s) (50.0% of 8 available processor(s), set via '--parallelism=4')
SLF4J: No SLF4J providers were found.
SLF4J: Defaulting to no-operation (NOP) logger implementation
SLF4J: See https://www.slf4j.org/codes.html#noProviders for further details.
[2/8] Performing analysis...  [*****]                                                                   (68.8s @ 2.00GB)
   18,557 reachable types   (89.7% of   20,689 total)
   28,189 reachable fields  (64.2% of   43,906 total)
   94,881 reachable methods (63.8% of  148,755 total)
    5,858 types,   441 fields, and 6,911 methods registered for reflection
       63 types,    66 fields, and    55 methods registered for JNI access
        4 native libraries: dl, pthread, rt, z
[3/8] Building universe...                                                                               (8.1s @ 2.26GB)
[4/8] Parsing methods...      [*****]                                                                   (25.4s @ 1.88GB)
[5/8] Inlining methods...     [****]                                                                     (5.4s @ 1.33GB)
[6/8] Compiling methods...    [************]                                                           (163.5s @ 3.23GB)
[7/8] Laying out methods...   [***]                                                                     (11.1s @ 2.44GB)
[8/8] Creating image...       [***]                                                                      (7.5s @ 3.18GB)
  48.77MB (52.23%) for code area:    54,443 compilation units
  35.93MB (38.47%) for image heap:  443,169 objects and 216 resources
   8.69MB ( 9.30%) for other data
  93.39MB in total
------------------------------------------------------------------------------------------------------------------------
Top 10 origins of code area:                                Top 10 object types in image heap:
  16.45MB java.base                                           14.22MB byte[] for code metadata
   5.24MB tomcat-embed-core-10.1.16.jar                        6.33MB byte[] for java.lang.String
   4.98MB svm.jar (Native Image)                               3.27MB java.lang.String
   3.41MB java.xml                                             3.26MB java.lang.Class
   2.51MB jackson-databind-2.22.3.jar                          1.56MB byte[] for general heap data
   1.83MB spring-core-6.1.1.jar                                1.21MB byte[] for reflection metadata
   1.61MB spring-boot-3.2.0.jar                              869.86kB com.oracle.svm.core.hub.DynamicHubCompanion
   1.11MB postgresql-42.6.0.jar                              533.09kB c.o.svm.core.hub.DynamicHub$ReflectionMetadata
 893.32kB spring-beans-6.1.1.jar                             462.27kB java.lang.String[]
 788.43kB spring-web-6.1.1.jar                               442.97kB java.util.HashMap$Node
   9.61MB for 104 more packages                                3.83MB for 3660 more object types
                              Use '-H:+BuildReport' to create a report with more details.
------------------------------------------------------------------------------------------------------------------------
Security report:
 - Binary includes Java deserialization.
 - Use '--enable-sbom' to embed a Software Bill of Materials (SBOM) in the binary.
 - The log4j library has been detected, but the version is unavailable. Due to Log4Shell, please ensure log4j is at version 2.17.1 or later.
------------------------------------------------------------------------------------------------------------------------
Recommendations:
 G1GC: Use the G1 GC ('--gc=G1') for improved latency and throughput.
 PGO:  Use Profile-Guided Optimizations ('--pgo') for improved throughput.
 INIT: Adopt '--strict-image-heap' to prepare for the next GraalVM release.
 HEAP: Set max heap for improved and more predictable memory usage.
 QBM:  Use the quick build mode ('-Ob') to speed up builds during development.
------------------------------------------------------------------------------------------------------------------------
                       25.0s (8.4% of total time) in 262 GCs | Peak RSS: 4.66GB | CPU load: 4.84
------------------------------------------------------------------------------------------------------------------------
Produced artifacts:
 /home/philip/teaql-startup-benchmark/native/spring/spring (executable)
========================================================================================================================
Finished generating 'spring' in 4m 57s.
	Command being timed: "native-image -J-Xmx8g --parallelism=4 --no-fallback -march=compatibility -cp aot:lib/* com.doublechaintech.liquidfilling.probe.ProbeApplication spring"
	User time (seconds): 1423.40
	System time (seconds): 20.26
	Percent of CPU this job got: 483%
	Elapsed (wall clock) time (h:mm:ss or m:ss): 4:58.52
	Average shared text size (kbytes): 0
	Average unshared data size (kbytes): 0
	Average stack size (kbytes): 0
	Average total size (kbytes): 0
	Maximum resident set size (kbytes): 4885808
	Average resident set size (kbytes): 0
	Major (requiring I/O) page faults: 13
	Minor (reclaiming a frame) page faults: 902757
	Voluntary context switches: 205585
	Involuntary context switches: 69377
	Swaps: 0
	File system inputs: 70760
	File system outputs: 776696
	Socket messages sent: 0
	Socket messages received: 0
	Signals delivered: 0
	Page size (bytes): 4096
	Exit status: 0
