Warning: The option '-H:+SharedArenaSupport' is experimental and must be enabled via '-H:+UnlockExperimentalVMOptions' in the future.
Warning: Please re-evaluate whether any experimental option is required, and either remove or unlock it. The build output lists all active experimental options, including where they come from and possible alternatives. If you think an experimental option should be considered as stable, please file an issue.
========================================================================================================================
GraalVM Native Image: Generating 'micronaut' (executable)...
========================================================================================================================
For detailed information and explanations on the build output, visit:
https://github.com/oracle/graal/blob/master/docs/reference-manual/native-image/BuildOutput.md
------------------------------------------------------------------------------------------------------------------------
[1/8] Initializing...                                                                                    (7.3s @ 0.18GB)
 Java version: 25.0.4+7-LTS, vendor version: Oracle GraalVM 25.0.4+7.1
 Graal compiler: optimization level: 2, target machine: compatibility, PGO: ML-inferred
 C compiler: gcc (linux, x86_64, 14.2.0)
 Garbage collector: Serial GC (max heap size: 80% of RAM)
 3 user-specific feature(s):
 - com.oracle.svm.thirdparty.gson.GsonFeature
 - io.micronaut.core.io.service.ServiceLoaderFeature
 - io.micronaut.jackson.JacksonDatabindFeature
------------------------------------------------------------------------------------------------------------------------
 1 experimental option(s) unlocked:
 - '-H:+SharedArenaSupport' (origin(s): command line)
------------------------------------------------------------------------------------------------------------------------
Build resources:
 - 7.64GB of memory (45.9% of system memory, set via '-Xmx8g')
 - 4 thread(s) (50.0% of 8 available processor(s), set via '--parallelism=4')
[2/8] Performing analysis...  [******]                                                                  (56.0s @ 2.45GB)
   18,290 types,  27,848 fields, and 103,508 methods found reachable
    6,412 types,   2,732 fields, and  11,734 methods registered for reflection
       63 types,      71 fields, and      55 methods registered for JNI access
        0 downcalls and 0 upcalls registered for foreign access
        4 native libraries: dl, pthread, rt, z
[3/8] Building universe...                                                                               (8.2s @ 2.74GB)
[4/8] Parsing methods...      [*****]                                                                   (22.7s @ 1.94GB)
[5/8] Inlining methods...     [***]                                                                      (3.2s @ 2.12GB)
[6/8] Compiling methods...    [************]                                                           (141.1s @ 3.67GB)
[7/8] Laying out methods...   [****]                                                                    (15.0s @ 3.01GB)
[8/8] Creating image...       [***]                                                                      (7.5s @ 3.35GB)
  49.96MB (51.23%) for code area:    61,963 compilation units
  37.16MB (38.11%) for image heap:  433,891 objects and 454 resources
  10.40MB (10.66%) for other data
  97.51MB in total image size, 92.21MB in total file size
------------------------------------------------------------------------------------------------------------------------
Top 10 origins of code area:                                Top 10 object types in image heap:
  14.63MB java.base                                           14.33MB byte[] for code metadata
   5.92MB svm.jar (Native Image)                               5.44MB byte[] for java.lang.String
   3.64MB java.xml                                             2.87MB java.lang.Class
   2.36MB jackson-databind-3.2.3.jar                           2.77MB java.lang.String
   2.29MB liquidfilling-domain-297.jar                         1.90MB com.oracle.svm.core.hub.DynamicHubCompanion
   1.59MB micronaut-inject-5.2.15.jar                          1.05MB byte[] for reflection metadata
   1.53MB jackson-databind-2.22.3.jar                        872.60kB byte[] for general heap data
   1.24MB netty-buffer-4.2.19.Final.jar                      650.60kB heap alignment
   1.18MB postgresql-42.6.0.jar                              540.86kB c.o.svm.core.hub.DynamicHub$ReflectionMetadata
   1.00MB micronaut-http-5.2.15.jar                          537.06kB java.lang.Object[]
  13.56MB for 71 more packages                                 6.20MB for 3911 more object types
                            Use '--emit build-report' to create a report with more details.
------------------------------------------------------------------------------------------------------------------------
Security report:
 - Binary includes Java deserialization.
 - CycloneDX SBOM with 60 component(s) is embedded in binary (2.93kB).
 - Advanced obfuscation not enabled; enable with '-H:AdvancedObfuscation=""' (experimental support).
------------------------------------------------------------------------------------------------------------------------
Recommendations:
 PGO:  Use Profile-Guided Optimizations ('--pgo') for improved throughput.
 FUTR: Use '--future-defaults=all' to prepare for future releases.
 HEAP: Set max heap for improved and more predictable memory usage.
 QBM:  Use the quick build mode ('-Ob') to speed up builds during development.
------------------------------------------------------------------------------------------------------------------------
                       26.0s (9.8% of total time) in 3479 GCs | Peak RSS: 4.75GB | CPU load: 5.34
------------------------------------------------------------------------------------------------------------------------
Build artifacts:
 /home/philip/teaql-startup-benchmark/jdk25-27/native25/micronaut/micronaut (executable)
========================================================================================================================
Finished generating 'micronaut' in 4m 24s.
	Command being timed: "native-image -J-Xmx8g --parallelism=4 --no-fallback -march=compatibility -O2 --gc=serial -H:ConfigurationFileDirectories=../common-config,agent-config -H:+SharedArenaSupport --initialize-at-run-time=io.netty,org.slf4j,ch.qos.logback --exclude-config netty-codec-http-.* /META-INF/native-image/io.netty/netty-codec-http/native-image\.properties --exclude-config netty-codec-http2-.* /META-INF/native-image/io.netty/netty-codec-http2/native-image\.properties -cp micronaut-probe-1.jar:lib/* io.teaql.benchmark.micronaut.Application micronaut"
	User time (seconds): 1408.17
	System time (seconds): 14.03
	Percent of CPU this job got: 534%
	Elapsed (wall clock) time (h:mm:ss or m:ss): 4:26.25
	Average shared text size (kbytes): 0
	Average unshared data size (kbytes): 0
	Average stack size (kbytes): 0
	Average total size (kbytes): 0
	Maximum resident set size (kbytes): 4639396
	Average resident set size (kbytes): 0
	Major (requiring I/O) page faults: 5
	Minor (reclaiming a frame) page faults: 1570921
	Voluntary context switches: 576436
	Involuntary context switches: 69392
	Swaps: 0
	File system inputs: 2512
	File system outputs: 742768
	Socket messages sent: 0
	Socket messages received: 0
	Signals delivered: 0
	Page size (bytes): 4096
	Exit status: 0
