 __  __ _                                  _   
|  \/  (_) ___ _ __ ___  _ __   __ _ _   _| |_ 
| |\/| | |/ __| '__/ _ \| '_ \ / _` | | | | __|
| |  | | | (__| | | (_) | | | | (_| | |_| | |_ 
|_|  |_|_|\___|_|  \___/|_| |_|\__,_|\__,_|\__|
[TeaQL MUTATION GOVERNANCE][MUTATION-POLICY-001] request=Merchant.saveGraph execution=f7cc4e7e-1d5b-48e4-a663-9cbb9f67cd0d policy=none approval=NOT_APPLICABLE
2026-10-10 12:39:18,559 ERROR i.m.h.s.netty.RoutingInBoundHandler - Micronaut Server Error - No request state present. Cause: Support for Arena.ofShared is not active: enable with -H:+SharedArenaSupport
com.oracle.svm.core.jdk.UnsupportedFeatureError: Support for Arena.ofShared is not active: enable with -H:+SharedArenaSupport
	at org.graalvm.nativeimage.builder/com.oracle.svm.core.util.VMError.unsupportedFeature(VMError.java:121)
	at org.graalvm.nativeimage.foreign/com.oracle.svm.core.foreign.ForeignAPIPredicates$SharedArenasDisabled.fail(ForeignAPIPredicates.java:77)
	at java.base@25.0.4/jdk.internal.misc.ScopedMemoryAccess.closeScope0Unsupported(ScopedMemoryAccess.java:214)
	at java.base@25.0.4/jdk.internal.misc.ScopedMemoryAccess.closeScope(ScopedMemoryAccess.java:88)
	at java.base@25.0.4/jdk.internal.foreign.SharedSession.justClose(SharedSession.java:92)
	at java.base@25.0.4/jdk.internal.foreign.MemorySessionImpl.close(MemorySessionImpl.java:240)
	at java.base@25.0.4/jdk.internal.foreign.ArenaImpl.close(ArenaImpl.java:47)
	at io.netty.util.internal.CleanerJava25$CleanableDirectBufferImpl.clean(CleanerJava25.java:217)
	at io.netty.buffer.UnpooledDirectByteBuf.deallocate(UnpooledDirectByteBuf.java:791)
	at io.netty.buffer.AbstractReferenceCountedByteBuf.handleRelease(AbstractReferenceCountedByteBuf.java:93)
	at io.netty.buffer.AbstractReferenceCountedByteBuf.release(AbstractReferenceCountedByteBuf.java:83)
	at io.netty.buffer.AdaptivePoolingAllocator$Chunk.deallocate(AdaptivePoolingAllocator.java:1683)
	at io.netty.buffer.AdaptivePoolingAllocator$Chunk.release(AdaptivePoolingAllocator.java:1675)
	at io.netty.buffer.AdaptivePoolingAllocator$Chunk.releaseSegment(AdaptivePoolingAllocator.java:1661)
	at io.netty.buffer.AdaptivePoolingAllocator$AdaptiveByteBuf.deallocate(AdaptivePoolingAllocator.java:2668)
	at io.netty.buffer.AbstractReferenceCountedByteBuf.handleRelease(AbstractReferenceCountedByteBuf.java:93)
	at io.netty.buffer.AbstractReferenceCountedByteBuf.release(AbstractReferenceCountedByteBuf.java:83)
	at io.netty.handler.codec.ByteToMessageDecoder.channelRead(ByteToMessageDecoder.java:306)
	at io.netty.channel.CombinedChannelDuplexHandler.channelRead(CombinedChannelDuplexHandler.java:249)
	at io.netty.channel.AbstractChannelHandlerContext.fireChannelRead(AbstractChannelHandlerContext.java:355)
	at io.netty.handler.timeout.IdleStateHandler.channelRead(IdleStateHandler.java:288)
	at io.netty.channel.AbstractChannelHandlerContext.fireChannelRead(AbstractChannelHandlerContext.java:355)
	at io.netty.channel.DefaultChannelPipeline$HeadContext.channelRead(DefaultChannelPipeline.java:1471)
	at io.netty.channel.DefaultChannelPipeline.fireChannelRead(DefaultChannelPipeline.java:960)
	at io.netty.channel.nio.AbstractNioByteChannel$NioByteUnsafe.read(AbstractNioByteChannel.java:176)
	at io.netty.channel.nio.AbstractNioChannel$AbstractNioUnsafe.handle(AbstractNioChannel.java:448)
	at io.netty.channel.nio.NioIoHandler$DefaultNioRegistration.handle(NioIoHandler.java:388)
	at io.netty.channel.nio.NioIoHandler.processSelectedKey(NioIoHandler.java:596)
	at io.netty.channel.nio.NioIoHandler.processSelectedKeysPlain(NioIoHandler.java:541)
	at io.netty.channel.nio.NioIoHandler.processSelectedKeys(NioIoHandler.java:514)
	at io.netty.channel.nio.NioIoHandler.run(NioIoHandler.java:484)
	at io.netty.channel.SingleThreadIoEventLoop.runIo(SingleThreadIoEventLoop.java:274)
	at io.netty.channel.SingleThreadIoEventLoop.run(SingleThreadIoEventLoop.java:210)
	at io.netty.util.concurrent.SingleThreadEventExecutor$5.run(SingleThreadEventExecutor.java:1214)
	at io.netty.util.internal.ThreadExecutorMap$2.run(ThreadExecutorMap.java:74)
	at io.netty.util.concurrent.FastThreadLocalRunnable.run(FastThreadLocalRunnable.java:30)
	at java.base@25.0.4/java.lang.Thread.runWith(Thread.java:1487)
	at java.base@25.0.4/java.lang.Thread.run(Thread.java:1474)
	at org.graalvm.nativeimage.builder/com.oracle.svm.core.thread.PlatformThreads.threadStartRoutine(PlatformThreads.java:832)
	at org.graalvm.nativeimage.builder/com.oracle.svm.core.thread.PlatformThreads.threadStartRoutine(PlatformThreads.java:808)
2026-10-10 12:39:18,810 WARN  i.n.channel.ChannelOutboundBuffer - Failed to mark a promise as success because it has failed already: DefaultChannelPromise@6689ba51(failure: io.netty.handler.codec.EncoderException: com.oracle.svm.core.jdk.UnsupportedFeatureError: Support for Arena.ofShared is not active: enable with -H:+SharedArenaSupport), unnotified cause:
io.netty.handler.codec.EncoderException: com.oracle.svm.core.jdk.UnsupportedFeatureError: Support for Arena.ofShared is not active: enable with -H:+SharedArenaSupport
	at io.netty.handler.codec.http.HttpObjectEncoder.write(HttpObjectEncoder.java:116)
	at io.netty.handler.codec.http.HttpServerCodec$HttpServerResponseEncoder.write(HttpServerCodec.java:313)
	at io.netty.channel.CombinedChannelDuplexHandler.write(CombinedChannelDuplexHandler.java:344)
	at io.netty.channel.AbstractChannelHandlerContext.write(AbstractChannelHandlerContext.java:798)
	at io.netty.channel.AbstractChannelHandlerContext.writeAndFlush(AbstractChannelHandlerContext.java:776)
	at io.netty.channel.AbstractChannelHandlerContext.writeAndFlush(AbstractChannelHandlerContext.java:859)
	at io.micronaut.http.server.netty.handler.PipeliningServerHandler.write(PipeliningServerHandler.java:338)
	at io.micronaut.http.server.netty.handler.PipeliningServerHandler$OutboundHandler.writePotentialEnd(PipeliningServerHandler.java:1236)
	at io.micronaut.http.server.netty.handler.PipeliningServerHandler$OutboundHandler.writeCompressing(PipeliningServerHandler.java:1226)
	at io.micronaut.http.server.netty.handler.PipeliningServerHandler$FullOutboundHandler.writeSome(PipeliningServerHandler.java:1373)
	at io.micronaut.http.server.netty.handler.PipeliningServerHandler.writeSome(PipeliningServerHandler.java:384)
	at io.micronaut.http.server.netty.handler.PipeliningServerHandler$OutboundAccessImpl.write(PipeliningServerHandler.java:1109)
	at io.micronaut.http.server.netty.handler.PipeliningServerHandler$OutboundAccessImpl.lambda$write$0(PipeliningServerHandler.java:1094)
	at io.netty.util.concurrent.AbstractEventExecutor.runTask(AbstractEventExecutor.java:148)
	at io.netty.util.concurrent.AbstractEventExecutor.safeExecute(AbstractEventExecutor.java:141)
	at io.netty.util.concurrent.SingleThreadEventExecutor.runAllTasks(SingleThreadEventExecutor.java:535)
	at io.netty.channel.SingleThreadIoEventLoop.run(SingleThreadIoEventLoop.java:228)
	at io.netty.util.concurrent.SingleThreadEventExecutor$5.run(SingleThreadEventExecutor.java:1214)
	at io.netty.util.internal.ThreadExecutorMap$2.run(ThreadExecutorMap.java:74)
	at io.netty.util.concurrent.FastThreadLocalRunnable.run(FastThreadLocalRunnable.java:30)
	at java.base@25.0.4/java.lang.Thread.runWith(Thread.java:1487)
	at java.base@25.0.4/java.lang.Thread.run(Thread.java:1474)
	at org.graalvm.nativeimage.builder/com.oracle.svm.core.thread.PlatformThreads.threadStartRoutine(PlatformThreads.java:832)
	at org.graalvm.nativeimage.builder/com.oracle.svm.core.thread.PlatformThreads.threadStartRoutine(PlatformThreads.java:808)
Caused by: com.oracle.svm.core.jdk.UnsupportedFeatureError: Support for Arena.ofShared is not active: enable with -H:+SharedArenaSupport
	at org.graalvm.nativeimage.builder/com.oracle.svm.core.util.VMError.unsupportedFeature(VMError.java:121)
	at org.graalvm.nativeimage.foreign/com.oracle.svm.core.foreign.ForeignAPIPredicates$SharedArenasDisabled.fail(ForeignAPIPredicates.java:77)
	at java.base@25.0.4/jdk.internal.misc.ScopedMemoryAccess.closeScope0Unsupported(ScopedMemoryAccess.java:214)
	at java.base@25.0.4/jdk.internal.misc.ScopedMemoryAccess.closeScope(ScopedMemoryAccess.java:88)
	at java.base@25.0.4/jdk.internal.foreign.SharedSession.justClose(SharedSession.java:92)
	at java.base@25.0.4/jdk.internal.foreign.MemorySessionImpl.close(MemorySessionImpl.java:240)
	at java.base@25.0.4/jdk.internal.foreign.ArenaImpl.close(ArenaImpl.java:47)
	at io.netty.util.internal.CleanerJava25$CleanableDirectBufferImpl.clean(CleanerJava25.java:217)
	at io.netty.buffer.UnpooledDirectByteBuf.deallocate(UnpooledDirectByteBuf.java:791)
	at io.netty.buffer.AbstractReferenceCountedByteBuf.handleRelease(AbstractReferenceCountedByteBuf.java:93)
	at io.netty.buffer.AbstractReferenceCountedByteBuf.release(AbstractReferenceCountedByteBuf.java:83)
	at io.netty.buffer.AdaptivePoolingAllocator$Chunk.deallocate(AdaptivePoolingAllocator.java:1683)
	at io.netty.buffer.AdaptivePoolingAllocator$Chunk.release(AdaptivePoolingAllocator.java:1675)
	at io.netty.buffer.AdaptivePoolingAllocator$Chunk.releaseSegment(AdaptivePoolingAllocator.java:1661)
	at io.netty.buffer.AdaptivePoolingAllocator$AdaptiveByteBuf.deallocate(AdaptivePoolingAllocator.java:2668)
	at io.netty.buffer.AbstractReferenceCountedByteBuf.handleRelease(AbstractReferenceCountedByteBuf.java:93)
	at io.netty.buffer.AbstractReferenceCountedByteBuf.release(AbstractReferenceCountedByteBuf.java:83)
	at io.netty.handler.codec.http.DefaultFullHttpResponse.release(DefaultFullHttpResponse.java:174)
	at io.netty.handler.codec.http.HttpObjectEncoder.encodeFullHttpMessage(HttpObjectEncoder.java:355)
	at io.netty.handler.codec.http.HttpObjectEncoder.encode(HttpObjectEncoder.java:170)
	at io.netty.handler.codec.http.HttpObjectEncoder.write(HttpObjectEncoder.java:105)
	... 23 common frames omitted
2026-10-10 12:39:18,810 ERROR i.m.h.s.netty.RoutingInBoundHandler - Micronaut Server Error - No request state present. Cause: com.oracle.svm.core.jdk.UnsupportedFeatureError: Support for Arena.ofShared is not active: enable with -H:+SharedArenaSupport
io.netty.handler.codec.EncoderException: com.oracle.svm.core.jdk.UnsupportedFeatureError: Support for Arena.ofShared is not active: enable with -H:+SharedArenaSupport
	at io.netty.handler.codec.http.HttpObjectEncoder.write(HttpObjectEncoder.java:116)
	at io.netty.handler.codec.http.HttpServerCodec$HttpServerResponseEncoder.write(HttpServerCodec.java:313)
	at io.netty.channel.CombinedChannelDuplexHandler.write(CombinedChannelDuplexHandler.java:344)
	at io.netty.channel.AbstractChannelHandlerContext.write(AbstractChannelHandlerContext.java:798)
	at io.netty.channel.AbstractChannelHandlerContext.writeAndFlush(AbstractChannelHandlerContext.java:776)
	at io.netty.channel.AbstractChannelHandlerContext.writeAndFlush(AbstractChannelHandlerContext.java:859)
	at io.micronaut.http.server.netty.handler.PipeliningServerHandler.write(PipeliningServerHandler.java:338)
	at io.micronaut.http.server.netty.handler.PipeliningServerHandler$OutboundHandler.writePotentialEnd(PipeliningServerHandler.java:1236)
	at io.micronaut.http.server.netty.handler.PipeliningServerHandler$OutboundHandler.writeCompressing(PipeliningServerHandler.java:1226)
	at io.micronaut.http.server.netty.handler.PipeliningServerHandler$FullOutboundHandler.writeSome(PipeliningServerHandler.java:1373)
	at io.micronaut.http.server.netty.handler.PipeliningServerHandler.writeSome(PipeliningServerHandler.java:384)
	at io.micronaut.http.server.netty.handler.PipeliningServerHandler$OutboundAccessImpl.write(PipeliningServerHandler.java:1109)
	at io.micronaut.http.server.netty.handler.PipeliningServerHandler$OutboundAccessImpl.lambda$write$0(PipeliningServerHandler.java:1094)
	at io.netty.util.concurrent.AbstractEventExecutor.runTask(AbstractEventExecutor.java:148)
	at io.netty.util.concurrent.AbstractEventExecutor.safeExecute(AbstractEventExecutor.java:141)
	at io.netty.util.concurrent.SingleThreadEventExecutor.runAllTasks(SingleThreadEventExecutor.java:535)
	at io.netty.channel.SingleThreadIoEventLoop.run(SingleThreadIoEventLoop.java:228)
	at io.netty.util.concurrent.SingleThreadEventExecutor$5.run(SingleThreadEventExecutor.java:1214)
	at io.netty.util.internal.ThreadExecutorMap$2.run(ThreadExecutorMap.java:74)
	at io.netty.util.concurrent.FastThreadLocalRunnable.run(FastThreadLocalRunnable.java:30)
	at java.base@25.0.4/java.lang.Thread.runWith(Thread.java:1487)
	at java.base@25.0.4/java.lang.Thread.run(Thread.java:1474)
	at org.graalvm.nativeimage.builder/com.oracle.svm.core.thread.PlatformThreads.threadStartRoutine(PlatformThreads.java:832)
	at org.graalvm.nativeimage.builder/com.oracle.svm.core.thread.PlatformThreads.threadStartRoutine(PlatformThreads.java:808)
Caused by: com.oracle.svm.core.jdk.UnsupportedFeatureError: Support for Arena.ofShared is not active: enable with -H:+SharedArenaSupport
	at org.graalvm.nativeimage.builder/com.oracle.svm.core.util.VMError.unsupportedFeature(VMError.java:121)
	at org.graalvm.nativeimage.foreign/com.oracle.svm.core.foreign.ForeignAPIPredicates$SharedArenasDisabled.fail(ForeignAPIPredicates.java:77)
	at java.base@25.0.4/jdk.internal.misc.ScopedMemoryAccess.closeScope0Unsupported(ScopedMemoryAccess.java:214)
	at java.base@25.0.4/jdk.internal.misc.ScopedMemoryAccess.closeScope(ScopedMemoryAccess.java:88)
	at java.base@25.0.4/jdk.internal.foreign.SharedSession.justClose(SharedSession.java:92)
	at java.base@25.0.4/jdk.internal.foreign.MemorySessionImpl.close(MemorySessionImpl.java:240)
	at java.base@25.0.4/jdk.internal.foreign.ArenaImpl.close(ArenaImpl.java:47)
	at io.netty.util.internal.CleanerJava25$CleanableDirectBufferImpl.clean(CleanerJava25.java:217)
	at io.netty.buffer.UnpooledDirectByteBuf.deallocate(UnpooledDirectByteBuf.java:791)
	at io.netty.buffer.AbstractReferenceCountedByteBuf.handleRelease(AbstractReferenceCountedByteBuf.java:93)
	at io.netty.buffer.AbstractReferenceCountedByteBuf.release(AbstractReferenceCountedByteBuf.java:83)
	at io.netty.buffer.AdaptivePoolingAllocator$Chunk.deallocate(AdaptivePoolingAllocator.java:1683)
	at io.netty.buffer.AdaptivePoolingAllocator$Chunk.release(AdaptivePoolingAllocator.java:1675)
	at io.netty.buffer.AdaptivePoolingAllocator$Chunk.releaseSegment(AdaptivePoolingAllocator.java:1661)
	at io.netty.buffer.AdaptivePoolingAllocator$AdaptiveByteBuf.deallocate(AdaptivePoolingAllocator.java:2668)
	at io.netty.buffer.AbstractReferenceCountedByteBuf.handleRelease(AbstractReferenceCountedByteBuf.java:93)
	at io.netty.buffer.AbstractReferenceCountedByteBuf.release(AbstractReferenceCountedByteBuf.java:83)
	at io.netty.handler.codec.http.DefaultFullHttpResponse.release(DefaultFullHttpResponse.java:174)
	at io.netty.handler.codec.http.HttpObjectEncoder.encodeFullHttpMessage(HttpObjectEncoder.java:355)
	at io.netty.handler.codec.http.HttpObjectEncoder.encode(HttpObjectEncoder.java:170)
	at io.netty.handler.codec.http.HttpObjectEncoder.write(HttpObjectEncoder.java:105)
	... 23 common frames omitted
2026-10-10 12:39:18,875 ERROR i.m.h.s.netty.RoutingInBoundHandler - Micronaut Server Error - No request state present. Cause: Support for Arena.ofShared is not active: enable with -H:+SharedArenaSupport
com.oracle.svm.core.jdk.UnsupportedFeatureError: Support for Arena.ofShared is not active: enable with -H:+SharedArenaSupport
	at org.graalvm.nativeimage.builder/com.oracle.svm.core.util.VMError.unsupportedFeature(VMError.java:121)
	at org.graalvm.nativeimage.foreign/com.oracle.svm.core.foreign.ForeignAPIPredicates$SharedArenasDisabled.fail(ForeignAPIPredicates.java:77)
	at java.base@25.0.4/jdk.internal.misc.ScopedMemoryAccess.closeScope0Unsupported(ScopedMemoryAccess.java:214)
	at java.base@25.0.4/jdk.internal.misc.ScopedMemoryAccess.closeScope(ScopedMemoryAccess.java:88)
	at java.base@25.0.4/jdk.internal.foreign.SharedSession.justClose(SharedSession.java:92)
	at java.base@25.0.4/jdk.internal.foreign.MemorySessionImpl.close(MemorySessionImpl.java:240)
	at java.base@25.0.4/jdk.internal.foreign.ArenaImpl.close(ArenaImpl.java:47)
	at io.netty.util.internal.CleanerJava25$CleanableDirectBufferImpl.clean(CleanerJava25.java:217)
	at io.netty.buffer.UnpooledDirectByteBuf.deallocate(UnpooledDirectByteBuf.java:791)
	at io.netty.buffer.AbstractReferenceCountedByteBuf.handleRelease(AbstractReferenceCountedByteBuf.java:93)
	at io.netty.buffer.AbstractReferenceCountedByteBuf.release(AbstractReferenceCountedByteBuf.java:83)
	at io.netty.buffer.AdaptivePoolingAllocator$Chunk.deallocate(AdaptivePoolingAllocator.java:1683)
	at io.netty.buffer.AdaptivePoolingAllocator$Chunk.release(AdaptivePoolingAllocator.java:1675)
	at io.netty.buffer.AdaptivePoolingAllocator$Chunk.releaseSegment(AdaptivePoolingAllocator.java:1661)
	at io.netty.buffer.AdaptivePoolingAllocator$AdaptiveByteBuf.deallocate(AdaptivePoolingAllocator.java:2668)
	at io.netty.buffer.AbstractReferenceCountedByteBuf.handleRelease(AbstractReferenceCountedByteBuf.java:93)
	at io.netty.buffer.AbstractReferenceCountedByteBuf.release(AbstractReferenceCountedByteBuf.java:83)
	at io.netty.handler.codec.ByteToMessageDecoder.channelRead(ByteToMessageDecoder.java:306)
	at io.netty.channel.CombinedChannelDuplexHandler.channelRead(CombinedChannelDuplexHandler.java:249)
	at io.netty.channel.AbstractChannelHandlerContext.fireChannelRead(AbstractChannelHandlerContext.java:355)
	at io.netty.handler.timeout.IdleStateHandler.channelRead(IdleStateHandler.java:288)
	at io.netty.channel.AbstractChannelHandlerContext.fireChannelRead(AbstractChannelHandlerContext.java:355)
	at io.netty.channel.DefaultChannelPipeline$HeadContext.channelRead(DefaultChannelPipeline.java:1471)
	at io.netty.channel.DefaultChannelPipeline.fireChannelRead(DefaultChannelPipeline.java:960)
	at io.netty.channel.nio.AbstractNioByteChannel$NioByteUnsafe.read(AbstractNioByteChannel.java:176)
	at io.netty.channel.nio.AbstractNioChannel$AbstractNioUnsafe.handle(AbstractNioChannel.java:448)
	at io.netty.channel.nio.NioIoHandler$DefaultNioRegistration.handle(NioIoHandler.java:388)
	at io.netty.channel.nio.NioIoHandler.processSelectedKey(NioIoHandler.java:596)
	at io.netty.channel.nio.NioIoHandler.processSelectedKeysPlain(NioIoHandler.java:541)
	at io.netty.channel.nio.NioIoHandler.processSelectedKeys(NioIoHandler.java:514)
	at io.netty.channel.nio.NioIoHandler.run(NioIoHandler.java:484)
	at io.netty.channel.SingleThreadIoEventLoop.runIo(SingleThreadIoEventLoop.java:274)
	at io.netty.channel.SingleThreadIoEventLoop.run(SingleThreadIoEventLoop.java:210)
	at io.netty.util.concurrent.SingleThreadEventExecutor$5.run(SingleThreadEventExecutor.java:1214)
	at io.netty.util.internal.ThreadExecutorMap$2.run(ThreadExecutorMap.java:74)
	at io.netty.util.concurrent.FastThreadLocalRunnable.run(FastThreadLocalRunnable.java:30)
	at java.base@25.0.4/java.lang.Thread.runWith(Thread.java:1487)
	at java.base@25.0.4/java.lang.Thread.run(Thread.java:1474)
	at org.graalvm.nativeimage.builder/com.oracle.svm.core.thread.PlatformThreads.threadStartRoutine(PlatformThreads.java:832)
	at org.graalvm.nativeimage.builder/com.oracle.svm.core.thread.PlatformThreads.threadStartRoutine(PlatformThreads.java:808)
2026-10-10 12:39:19,551 WARN  i.n.channel.ChannelOutboundBuffer - Failed to mark a promise as success because it has failed already: DefaultChannelPromise@5c571a2(failure: io.netty.handler.codec.EncoderException: com.oracle.svm.core.jdk.UnsupportedFeatureError: Support for Arena.ofShared is not active: enable with -H:+SharedArenaSupport), unnotified cause:
io.netty.handler.codec.EncoderException: com.oracle.svm.core.jdk.UnsupportedFeatureError: Support for Arena.ofShared is not active: enable with -H:+SharedArenaSupport
	at io.netty.handler.codec.http.HttpObjectEncoder.write(HttpObjectEncoder.java:116)
	at io.netty.handler.codec.http.HttpServerCodec$HttpServerResponseEncoder.write(HttpServerCodec.java:313)
	at io.netty.channel.CombinedChannelDuplexHandler.write(CombinedChannelDuplexHandler.java:344)
	at io.netty.channel.AbstractChannelHandlerContext.write(AbstractChannelHandlerContext.java:798)
	at io.netty.channel.AbstractChannelHandlerContext.writeAndFlush(AbstractChannelHandlerContext.java:776)
	at io.netty.channel.AbstractChannelHandlerContext.writeAndFlush(AbstractChannelHandlerContext.java:859)
	at io.micronaut.http.server.netty.handler.PipeliningServerHandler.write(PipeliningServerHandler.java:338)
	at io.micronaut.http.server.netty.handler.PipeliningServerHandler$OutboundHandler.writePotentialEnd(PipeliningServerHandler.java:1236)
	at io.micronaut.http.server.netty.handler.PipeliningServerHandler$OutboundHandler.writeCompressing(PipeliningServerHandler.java:1226)
	at io.micronaut.http.server.netty.handler.PipeliningServerHandler$FullOutboundHandler.writeSome(PipeliningServerHandler.java:1373)
	at io.micronaut.http.server.netty.handler.PipeliningServerHandler.writeSome(PipeliningServerHandler.java:384)
	at io.micronaut.http.server.netty.handler.PipeliningServerHandler$OutboundAccessImpl.write(PipeliningServerHandler.java:1109)
	at io.micronaut.http.server.netty.handler.PipeliningServerHandler$OutboundAccessImpl.lambda$write$0(PipeliningServerHandler.java:1094)
	at io.netty.util.concurrent.AbstractEventExecutor.runTask(AbstractEventExecutor.java:148)
	at io.netty.util.concurrent.AbstractEventExecutor.safeExecute(AbstractEventExecutor.java:141)
	at io.netty.util.concurrent.SingleThreadEventExecutor.runAllTasks(SingleThreadEventExecutor.java:535)
	at io.netty.channel.SingleThreadIoEventLoop.run(SingleThreadIoEventLoop.java:228)
	at io.netty.util.concurrent.SingleThreadEventExecutor$5.run(SingleThreadEventExecutor.java:1214)
	at io.netty.util.internal.ThreadExecutorMap$2.run(ThreadExecutorMap.java:74)
	at io.netty.util.concurrent.FastThreadLocalRunnable.run(FastThreadLocalRunnable.java:30)
	at java.base@25.0.4/java.lang.Thread.runWith(Thread.java:1487)
	at java.base@25.0.4/java.lang.Thread.run(Thread.java:1474)
	at org.graalvm.nativeimage.builder/com.oracle.svm.core.thread.PlatformThreads.threadStartRoutine(PlatformThreads.java:832)
	at org.graalvm.nativeimage.builder/com.oracle.svm.core.thread.PlatformThreads.threadStartRoutine(PlatformThreads.java:808)
Caused by: com.oracle.svm.core.jdk.UnsupportedFeatureError: Support for Arena.ofShared is not active: enable with -H:+SharedArenaSupport
	at org.graalvm.nativeimage.builder/com.oracle.svm.core.util.VMError.unsupportedFeature(VMError.java:121)
	at org.graalvm.nativeimage.foreign/com.oracle.svm.core.foreign.ForeignAPIPredicates$SharedArenasDisabled.fail(ForeignAPIPredicates.java:77)
	at java.base@25.0.4/jdk.internal.misc.ScopedMemoryAccess.closeScope0Unsupported(ScopedMemoryAccess.java:214)
	at java.base@25.0.4/jdk.internal.misc.ScopedMemoryAccess.closeScope(ScopedMemoryAccess.java:88)
	at java.base@25.0.4/jdk.internal.foreign.SharedSession.justClose(SharedSession.java:92)
	at java.base@25.0.4/jdk.internal.foreign.MemorySessionImpl.close(MemorySessionImpl.java:240)
	at java.base@25.0.4/jdk.internal.foreign.ArenaImpl.close(ArenaImpl.java:47)
	at io.netty.util.internal.CleanerJava25$CleanableDirectBufferImpl.clean(CleanerJava25.java:217)
	at io.netty.buffer.UnpooledDirectByteBuf.deallocate(UnpooledDirectByteBuf.java:791)
	at io.netty.buffer.AbstractReferenceCountedByteBuf.handleRelease(AbstractReferenceCountedByteBuf.java:93)
	at io.netty.buffer.AbstractReferenceCountedByteBuf.release(AbstractReferenceCountedByteBuf.java:83)
	at io.netty.buffer.AdaptivePoolingAllocator$Chunk.deallocate(AdaptivePoolingAllocator.java:1683)
	at io.netty.buffer.AdaptivePoolingAllocator$Chunk.release(AdaptivePoolingAllocator.java:1675)
	at io.netty.buffer.AdaptivePoolingAllocator$Chunk.releaseSegment(AdaptivePoolingAllocator.java:1661)
	at io.netty.buffer.AdaptivePoolingAllocator$AdaptiveByteBuf.deallocate(AdaptivePoolingAllocator.java:2668)
	at io.netty.buffer.AbstractReferenceCountedByteBuf.handleRelease(AbstractReferenceCountedByteBuf.java:93)
	at io.netty.buffer.AbstractReferenceCountedByteBuf.release(AbstractReferenceCountedByteBuf.java:83)
	at io.netty.handler.codec.http.DefaultFullHttpResponse.release(DefaultFullHttpResponse.java:174)
	at io.netty.handler.codec.http.HttpObjectEncoder.encodeFullHttpMessage(HttpObjectEncoder.java:355)
	at io.netty.handler.codec.http.HttpObjectEncoder.encode(HttpObjectEncoder.java:170)
	at io.netty.handler.codec.http.HttpObjectEncoder.write(HttpObjectEncoder.java:105)
	... 23 common frames omitted
2026-10-10 12:39:19,551 ERROR i.m.h.s.netty.RoutingInBoundHandler - Micronaut Server Error - No request state present. Cause: com.oracle.svm.core.jdk.UnsupportedFeatureError: Support for Arena.ofShared is not active: enable with -H:+SharedArenaSupport
io.netty.handler.codec.EncoderException: com.oracle.svm.core.jdk.UnsupportedFeatureError: Support for Arena.ofShared is not active: enable with -H:+SharedArenaSupport
	at io.netty.handler.codec.http.HttpObjectEncoder.write(HttpObjectEncoder.java:116)
	at io.netty.handler.codec.http.HttpServerCodec$HttpServerResponseEncoder.write(HttpServerCodec.java:313)
	at io.netty.channel.CombinedChannelDuplexHandler.write(CombinedChannelDuplexHandler.java:344)
	at io.netty.channel.AbstractChannelHandlerContext.write(AbstractChannelHandlerContext.java:798)
	at io.netty.channel.AbstractChannelHandlerContext.writeAndFlush(AbstractChannelHandlerContext.java:776)
	at io.netty.channel.AbstractChannelHandlerContext.writeAndFlush(AbstractChannelHandlerContext.java:859)
	at io.micronaut.http.server.netty.handler.PipeliningServerHandler.write(PipeliningServerHandler.java:338)
	at io.micronaut.http.server.netty.handler.PipeliningServerHandler$OutboundHandler.writePotentialEnd(PipeliningServerHandler.java:1236)
	at io.micronaut.http.server.netty.handler.PipeliningServerHandler$OutboundHandler.writeCompressing(PipeliningServerHandler.java:1226)
	at io.micronaut.http.server.netty.handler.PipeliningServerHandler$FullOutboundHandler.writeSome(PipeliningServerHandler.java:1373)
	at io.micronaut.http.server.netty.handler.PipeliningServerHandler.writeSome(PipeliningServerHandler.java:384)
	at io.micronaut.http.server.netty.handler.PipeliningServerHandler$OutboundAccessImpl.write(PipeliningServerHandler.java:1109)
	at io.micronaut.http.server.netty.handler.PipeliningServerHandler$OutboundAccessImpl.lambda$write$0(PipeliningServerHandler.java:1094)
	at io.netty.util.concurrent.AbstractEventExecutor.runTask(AbstractEventExecutor.java:148)
	at io.netty.util.concurrent.AbstractEventExecutor.safeExecute(AbstractEventExecutor.java:141)
	at io.netty.util.concurrent.SingleThreadEventExecutor.runAllTasks(SingleThreadEventExecutor.java:535)
	at io.netty.channel.SingleThreadIoEventLoop.run(SingleThreadIoEventLoop.java:228)
	at io.netty.util.concurrent.SingleThreadEventExecutor$5.run(SingleThreadEventExecutor.java:1214)
	at io.netty.util.internal.ThreadExecutorMap$2.run(ThreadExecutorMap.java:74)
	at io.netty.util.concurrent.FastThreadLocalRunnable.run(FastThreadLocalRunnable.java:30)
	at java.base@25.0.4/java.lang.Thread.runWith(Thread.java:1487)
	at java.base@25.0.4/java.lang.Thread.run(Thread.java:1474)
	at org.graalvm.nativeimage.builder/com.oracle.svm.core.thread.PlatformThreads.threadStartRoutine(PlatformThreads.java:832)
	at org.graalvm.nativeimage.builder/com.oracle.svm.core.thread.PlatformThreads.threadStartRoutine(PlatformThreads.java:808)
Caused by: com.oracle.svm.core.jdk.UnsupportedFeatureError: Support for Arena.ofShared is not active: enable with -H:+SharedArenaSupport
	at org.graalvm.nativeimage.builder/com.oracle.svm.core.util.VMError.unsupportedFeature(VMError.java:121)
	at org.graalvm.nativeimage.foreign/com.oracle.svm.core.foreign.ForeignAPIPredicates$SharedArenasDisabled.fail(ForeignAPIPredicates.java:77)
	at java.base@25.0.4/jdk.internal.misc.ScopedMemoryAccess.closeScope0Unsupported(ScopedMemoryAccess.java:214)
	at java.base@25.0.4/jdk.internal.misc.ScopedMemoryAccess.closeScope(ScopedMemoryAccess.java:88)
	at java.base@25.0.4/jdk.internal.foreign.SharedSession.justClose(SharedSession.java:92)
	at java.base@25.0.4/jdk.internal.foreign.MemorySessionImpl.close(MemorySessionImpl.java:240)
	at java.base@25.0.4/jdk.internal.foreign.ArenaImpl.close(ArenaImpl.java:47)
	at io.netty.util.internal.CleanerJava25$CleanableDirectBufferImpl.clean(CleanerJava25.java:217)
	at io.netty.buffer.UnpooledDirectByteBuf.deallocate(UnpooledDirectByteBuf.java:791)
	at io.netty.buffer.AbstractReferenceCountedByteBuf.handleRelease(AbstractReferenceCountedByteBuf.java:93)
	at io.netty.buffer.AbstractReferenceCountedByteBuf.release(AbstractReferenceCountedByteBuf.java:83)
	at io.netty.buffer.AdaptivePoolingAllocator$Chunk.deallocate(AdaptivePoolingAllocator.java:1683)
	at io.netty.buffer.AdaptivePoolingAllocator$Chunk.release(AdaptivePoolingAllocator.java:1675)
	at io.netty.buffer.AdaptivePoolingAllocator$Chunk.releaseSegment(AdaptivePoolingAllocator.java:1661)
	at io.netty.buffer.AdaptivePoolingAllocator$AdaptiveByteBuf.deallocate(AdaptivePoolingAllocator.java:2668)
	at io.netty.buffer.AbstractReferenceCountedByteBuf.handleRelease(AbstractReferenceCountedByteBuf.java:93)
	at io.netty.buffer.AbstractReferenceCountedByteBuf.release(AbstractReferenceCountedByteBuf.java:83)
	at io.netty.handler.codec.http.DefaultFullHttpResponse.release(DefaultFullHttpResponse.java:174)
	at io.netty.handler.codec.http.HttpObjectEncoder.encodeFullHttpMessage(HttpObjectEncoder.java:355)
	at io.netty.handler.codec.http.HttpObjectEncoder.encode(HttpObjectEncoder.java:170)
	at io.netty.handler.codec.http.HttpObjectEncoder.write(HttpObjectEncoder.java:105)
	... 23 common frames omitted
2026-10-10 12:39:19,768 WARN  i.n.channel.ChannelOutboundBuffer - Failed to mark a promise as success because it has failed already: DefaultChannelPromise@55bacd58(failure: io.netty.handler.codec.EncoderException: com.oracle.svm.core.jdk.UnsupportedFeatureError: Support for Arena.ofShared is not active: enable with -H:+SharedArenaSupport), unnotified cause:
io.netty.handler.codec.EncoderException: com.oracle.svm.core.jdk.UnsupportedFeatureError: Support for Arena.ofShared is not active: enable with -H:+SharedArenaSupport
	at io.netty.handler.codec.http.HttpObjectEncoder.write(HttpObjectEncoder.java:116)
	at io.netty.handler.codec.http.HttpServerCodec$HttpServerResponseEncoder.write(HttpServerCodec.java:313)
	at io.netty.channel.CombinedChannelDuplexHandler.write(CombinedChannelDuplexHandler.java:344)
	at io.netty.channel.AbstractChannelHandlerContext.write(AbstractChannelHandlerContext.java:798)
	at io.netty.channel.AbstractChannelHandlerContext.writeAndFlush(AbstractChannelHandlerContext.java:776)
	at io.netty.channel.AbstractChannelHandlerContext.writeAndFlush(AbstractChannelHandlerContext.java:859)
	at io.micronaut.http.server.netty.handler.PipeliningServerHandler.write(PipeliningServerHandler.java:338)
	at io.micronaut.http.server.netty.handler.PipeliningServerHandler$OutboundHandler.writePotentialEnd(PipeliningServerHandler.java:1236)
	at io.micronaut.http.server.netty.handler.PipeliningServerHandler$OutboundHandler.writeCompressing(PipeliningServerHandler.java:1226)
	at io.micronaut.http.server.netty.handler.PipeliningServerHandler$FullOutboundHandler.writeSome(PipeliningServerHandler.java:1373)
	at io.micronaut.http.server.netty.handler.PipeliningServerHandler.writeSome(PipeliningServerHandler.java:384)
	at io.micronaut.http.server.netty.handler.PipeliningServerHandler$OutboundAccessImpl.write(PipeliningServerHandler.java:1109)
	at io.micronaut.http.server.netty.handler.PipeliningServerHandler$OutboundAccessImpl.lambda$write$0(PipeliningServerHandler.java:1094)
	at io.netty.util.concurrent.AbstractEventExecutor.runTask(AbstractEventExecutor.java:148)
	at io.netty.util.concurrent.AbstractEventExecutor.safeExecute(AbstractEventExecutor.java:141)
	at io.netty.util.concurrent.SingleThreadEventExecutor.runAllTasks(SingleThreadEventExecutor.java:535)
	at io.netty.channel.SingleThreadIoEventLoop.run(SingleThreadIoEventLoop.java:228)
	at io.netty.util.concurrent.SingleThreadEventExecutor$5.run(SingleThreadEventExecutor.java:1214)
	at io.netty.util.internal.ThreadExecutorMap$2.run(ThreadExecutorMap.java:74)
	at io.netty.util.concurrent.FastThreadLocalRunnable.run(FastThreadLocalRunnable.java:30)
	at java.base@25.0.4/java.lang.Thread.runWith(Thread.java:1487)
	at java.base@25.0.4/java.lang.Thread.run(Thread.java:1474)
	at org.graalvm.nativeimage.builder/com.oracle.svm.core.thread.PlatformThreads.threadStartRoutine(PlatformThreads.java:832)
	at org.graalvm.nativeimage.builder/com.oracle.svm.core.thread.PlatformThreads.threadStartRoutine(PlatformThreads.java:808)
Caused by: com.oracle.svm.core.jdk.UnsupportedFeatureError: Support for Arena.ofShared is not active: enable with -H:+SharedArenaSupport
	at org.graalvm.nativeimage.builder/com.oracle.svm.core.util.VMError.unsupportedFeature(VMError.java:121)
	at org.graalvm.nativeimage.foreign/com.oracle.svm.core.foreign.ForeignAPIPredicates$SharedArenasDisabled.fail(ForeignAPIPredicates.java:77)
	at java.base@25.0.4/jdk.internal.misc.ScopedMemoryAccess.closeScope0Unsupported(ScopedMemoryAccess.java:214)
	at java.base@25.0.4/jdk.internal.misc.ScopedMemoryAccess.closeScope(ScopedMemoryAccess.java:88)
	at java.base@25.0.4/jdk.internal.foreign.SharedSession.justClose(SharedSession.java:92)
	at java.base@25.0.4/jdk.internal.foreign.MemorySessionImpl.close(MemorySessionImpl.java:240)
	at java.base@25.0.4/jdk.internal.foreign.ArenaImpl.close(ArenaImpl.java:47)
	at io.netty.util.internal.CleanerJava25$CleanableDirectBufferImpl.clean(CleanerJava25.java:217)
	at io.netty.buffer.UnpooledDirectByteBuf.deallocate(UnpooledDirectByteBuf.java:791)
	at io.netty.buffer.AbstractReferenceCountedByteBuf.handleRelease(AbstractReferenceCountedByteBuf.java:93)
	at io.netty.buffer.AbstractReferenceCountedByteBuf.release(AbstractReferenceCountedByteBuf.java:83)
	at io.netty.buffer.AdaptivePoolingAllocator$Chunk.deallocate(AdaptivePoolingAllocator.java:1683)
	at io.netty.buffer.AdaptivePoolingAllocator$Chunk.release(AdaptivePoolingAllocator.java:1675)
	at io.netty.buffer.AdaptivePoolingAllocator$Chunk.releaseSegment(AdaptivePoolingAllocator.java:1661)
	at io.netty.buffer.AdaptivePoolingAllocator$AdaptiveByteBuf.deallocate(AdaptivePoolingAllocator.java:2668)
	at io.netty.buffer.AbstractReferenceCountedByteBuf.handleRelease(AbstractReferenceCountedByteBuf.java:93)
	at io.netty.buffer.AbstractReferenceCountedByteBuf.release(AbstractReferenceCountedByteBuf.java:83)
	at io.netty.handler.codec.http.DefaultFullHttpResponse.release(DefaultFullHttpResponse.java:174)
	at io.netty.handler.codec.http.HttpObjectEncoder.encodeFullHttpMessage(HttpObjectEncoder.java:355)
	at io.netty.handler.codec.http.HttpObjectEncoder.encode(HttpObjectEncoder.java:170)
	at io.netty.handler.codec.http.HttpObjectEncoder.write(HttpObjectEncoder.java:105)
	... 23 common frames omitted
2026-10-10 12:39:19,768 ERROR i.m.h.s.netty.RoutingInBoundHandler - Micronaut Server Error - No request state present. Cause: com.oracle.svm.core.jdk.UnsupportedFeatureError: Support for Arena.ofShared is not active: enable with -H:+SharedArenaSupport
io.netty.handler.codec.EncoderException: com.oracle.svm.core.jdk.UnsupportedFeatureError: Support for Arena.ofShared is not active: enable with -H:+SharedArenaSupport
	at io.netty.handler.codec.http.HttpObjectEncoder.write(HttpObjectEncoder.java:116)
	at io.netty.handler.codec.http.HttpServerCodec$HttpServerResponseEncoder.write(HttpServerCodec.java:313)
	at io.netty.channel.CombinedChannelDuplexHandler.write(CombinedChannelDuplexHandler.java:344)
	at io.netty.channel.AbstractChannelHandlerContext.write(AbstractChannelHandlerContext.java:798)
	at io.netty.channel.AbstractChannelHandlerContext.writeAndFlush(AbstractChannelHandlerContext.java:776)
	at io.netty.channel.AbstractChannelHandlerContext.writeAndFlush(AbstractChannelHandlerContext.java:859)
	at io.micronaut.http.server.netty.handler.PipeliningServerHandler.write(PipeliningServerHandler.java:338)
	at io.micronaut.http.server.netty.handler.PipeliningServerHandler$OutboundHandler.writePotentialEnd(PipeliningServerHandler.java:1236)
	at io.micronaut.http.server.netty.handler.PipeliningServerHandler$OutboundHandler.writeCompressing(PipeliningServerHandler.java:1226)
	at io.micronaut.http.server.netty.handler.PipeliningServerHandler$FullOutboundHandler.writeSome(PipeliningServerHandler.java:1373)
	at io.micronaut.http.server.netty.handler.PipeliningServerHandler.writeSome(PipeliningServerHandler.java:384)
	at io.micronaut.http.server.netty.handler.PipeliningServerHandler$OutboundAccessImpl.write(PipeliningServerHandler.java:1109)
	at io.micronaut.http.server.netty.handler.PipeliningServerHandler$OutboundAccessImpl.lambda$write$0(PipeliningServerHandler.java:1094)
	at io.netty.util.concurrent.AbstractEventExecutor.runTask(AbstractEventExecutor.java:148)
	at io.netty.util.concurrent.AbstractEventExecutor.safeExecute(AbstractEventExecutor.java:141)
	at io.netty.util.concurrent.SingleThreadEventExecutor.runAllTasks(SingleThreadEventExecutor.java:535)
	at io.netty.channel.SingleThreadIoEventLoop.run(SingleThreadIoEventLoop.java:228)
	at io.netty.util.concurrent.SingleThreadEventExecutor$5.run(SingleThreadEventExecutor.java:1214)
	at io.netty.util.internal.ThreadExecutorMap$2.run(ThreadExecutorMap.java:74)
	at io.netty.util.concurrent.FastThreadLocalRunnable.run(FastThreadLocalRunnable.java:30)
	at java.base@25.0.4/java.lang.Thread.runWith(Thread.java:1487)
	at java.base@25.0.4/java.lang.Thread.run(Thread.java:1474)
	at org.graalvm.nativeimage.builder/com.oracle.svm.core.thread.PlatformThreads.threadStartRoutine(PlatformThreads.java:832)
	at org.graalvm.nativeimage.builder/com.oracle.svm.core.thread.PlatformThreads.threadStartRoutine(PlatformThreads.java:808)
Caused by: com.oracle.svm.core.jdk.UnsupportedFeatureError: Support for Arena.ofShared is not active: enable with -H:+SharedArenaSupport
	at org.graalvm.nativeimage.builder/com.oracle.svm.core.util.VMError.unsupportedFeature(VMError.java:121)
	at org.graalvm.nativeimage.foreign/com.oracle.svm.core.foreign.ForeignAPIPredicates$SharedArenasDisabled.fail(ForeignAPIPredicates.java:77)
	at java.base@25.0.4/jdk.internal.misc.ScopedMemoryAccess.closeScope0Unsupported(ScopedMemoryAccess.java:214)
	at java.base@25.0.4/jdk.internal.misc.ScopedMemoryAccess.closeScope(ScopedMemoryAccess.java:88)
	at java.base@25.0.4/jdk.internal.foreign.SharedSession.justClose(SharedSession.java:92)
	at java.base@25.0.4/jdk.internal.foreign.MemorySessionImpl.close(MemorySessionImpl.java:240)
	at java.base@25.0.4/jdk.internal.foreign.ArenaImpl.close(ArenaImpl.java:47)
	at io.netty.util.internal.CleanerJava25$CleanableDirectBufferImpl.clean(CleanerJava25.java:217)
	at io.netty.buffer.UnpooledDirectByteBuf.deallocate(UnpooledDirectByteBuf.java:791)
	at io.netty.buffer.AbstractReferenceCountedByteBuf.handleRelease(AbstractReferenceCountedByteBuf.java:93)
	at io.netty.buffer.AbstractReferenceCountedByteBuf.release(AbstractReferenceCountedByteBuf.java:83)
	at io.netty.buffer.AdaptivePoolingAllocator$Chunk.deallocate(AdaptivePoolingAllocator.java:1683)
	at io.netty.buffer.AdaptivePoolingAllocator$Chunk.release(AdaptivePoolingAllocator.java:1675)
	at io.netty.buffer.AdaptivePoolingAllocator$Chunk.releaseSegment(AdaptivePoolingAllocator.java:1661)
	at io.netty.buffer.AdaptivePoolingAllocator$AdaptiveByteBuf.deallocate(AdaptivePoolingAllocator.java:2668)
	at io.netty.buffer.AbstractReferenceCountedByteBuf.handleRelease(AbstractReferenceCountedByteBuf.java:93)
	at io.netty.buffer.AbstractReferenceCountedByteBuf.release(AbstractReferenceCountedByteBuf.java:83)
	at io.netty.handler.codec.http.DefaultFullHttpResponse.release(DefaultFullHttpResponse.java:174)
	at io.netty.handler.codec.http.HttpObjectEncoder.encodeFullHttpMessage(HttpObjectEncoder.java:355)
	at io.netty.handler.codec.http.HttpObjectEncoder.encode(HttpObjectEncoder.java:170)
	at io.netty.handler.codec.http.HttpObjectEncoder.write(HttpObjectEncoder.java:105)
	... 23 common frames omitted
2026-10-10 12:39:19,820 ERROR i.m.h.s.netty.RoutingInBoundHandler - Micronaut Server Error - No request state present. Cause: Support for Arena.ofShared is not active: enable with -H:+SharedArenaSupport
com.oracle.svm.core.jdk.UnsupportedFeatureError: Support for Arena.ofShared is not active: enable with -H:+SharedArenaSupport
	at org.graalvm.nativeimage.builder/com.oracle.svm.core.util.VMError.unsupportedFeature(VMError.java:121)
	at org.graalvm.nativeimage.foreign/com.oracle.svm.core.foreign.ForeignAPIPredicates$SharedArenasDisabled.fail(ForeignAPIPredicates.java:77)
	at java.base@25.0.4/jdk.internal.misc.ScopedMemoryAccess.closeScope0Unsupported(ScopedMemoryAccess.java:214)
	at java.base@25.0.4/jdk.internal.misc.ScopedMemoryAccess.closeScope(ScopedMemoryAccess.java:88)
	at java.base@25.0.4/jdk.internal.foreign.SharedSession.justClose(SharedSession.java:92)
	at java.base@25.0.4/jdk.internal.foreign.MemorySessionImpl.close(MemorySessionImpl.java:240)
	at java.base@25.0.4/jdk.internal.foreign.ArenaImpl.close(ArenaImpl.java:47)
	at io.netty.util.internal.CleanerJava25$CleanableDirectBufferImpl.clean(CleanerJava25.java:217)
	at io.netty.buffer.UnpooledDirectByteBuf.deallocate(UnpooledDirectByteBuf.java:791)
	at io.netty.buffer.AbstractReferenceCountedByteBuf.handleRelease(AbstractReferenceCountedByteBuf.java:93)
	at io.netty.buffer.AbstractReferenceCountedByteBuf.release(AbstractReferenceCountedByteBuf.java:83)
	at io.netty.buffer.AdaptivePoolingAllocator$Chunk.deallocate(AdaptivePoolingAllocator.java:1683)
	at io.netty.buffer.AdaptivePoolingAllocator$Chunk.release(AdaptivePoolingAllocator.java:1675)
	at io.netty.buffer.AdaptivePoolingAllocator$Chunk.releaseSegment(AdaptivePoolingAllocator.java:1661)
	at io.netty.buffer.AdaptivePoolingAllocator$AdaptiveByteBuf.deallocate(AdaptivePoolingAllocator.java:2668)
	at io.netty.buffer.AbstractReferenceCountedByteBuf.handleRelease(AbstractReferenceCountedByteBuf.java:93)
	at io.netty.buffer.AbstractReferenceCountedByteBuf.release(AbstractReferenceCountedByteBuf.java:83)
	at io.netty.handler.codec.ByteToMessageDecoder.channelRead(ByteToMessageDecoder.java:306)
	at io.netty.channel.CombinedChannelDuplexHandler.channelRead(CombinedChannelDuplexHandler.java:249)
	at io.netty.channel.AbstractChannelHandlerContext.fireChannelRead(AbstractChannelHandlerContext.java:355)
	at io.netty.handler.timeout.IdleStateHandler.channelRead(IdleStateHandler.java:288)
	at io.netty.channel.AbstractChannelHandlerContext.fireChannelRead(AbstractChannelHandlerContext.java:355)
	at io.netty.channel.DefaultChannelPipeline$HeadContext.channelRead(DefaultChannelPipeline.java:1471)
	at io.netty.channel.DefaultChannelPipeline.fireChannelRead(DefaultChannelPipeline.java:960)
	at io.netty.channel.nio.AbstractNioByteChannel$NioByteUnsafe.read(AbstractNioByteChannel.java:176)
	at io.netty.channel.nio.AbstractNioChannel$AbstractNioUnsafe.handle(AbstractNioChannel.java:448)
	at io.netty.channel.nio.NioIoHandler$DefaultNioRegistration.handle(NioIoHandler.java:388)
	at io.netty.channel.nio.NioIoHandler.processSelectedKey(NioIoHandler.java:596)
	at io.netty.channel.nio.NioIoHandler.processSelectedKeysPlain(NioIoHandler.java:541)
	at io.netty.channel.nio.NioIoHandler.processSelectedKeys(NioIoHandler.java:514)
	at io.netty.channel.nio.NioIoHandler.run(NioIoHandler.java:484)
	at io.netty.channel.SingleThreadIoEventLoop.runIo(SingleThreadIoEventLoop.java:274)
	at io.netty.channel.SingleThreadIoEventLoop.run(SingleThreadIoEventLoop.java:210)
	at io.netty.util.concurrent.SingleThreadEventExecutor$5.run(SingleThreadEventExecutor.java:1214)
	at io.netty.util.internal.ThreadExecutorMap$2.run(ThreadExecutorMap.java:74)
	at io.netty.util.concurrent.FastThreadLocalRunnable.run(FastThreadLocalRunnable.java:30)
	at java.base@25.0.4/java.lang.Thread.runWith(Thread.java:1487)
	at java.base@25.0.4/java.lang.Thread.run(Thread.java:1474)
	at org.graalvm.nativeimage.builder/com.oracle.svm.core.thread.PlatformThreads.threadStartRoutine(PlatformThreads.java:832)
	at org.graalvm.nativeimage.builder/com.oracle.svm.core.thread.PlatformThreads.threadStartRoutine(PlatformThreads.java:808)
2026-10-10 12:39:48,590 ERROR i.m.h.s.netty.RoutingInBoundHandler - Micronaut Server Error - No request state present. Cause: refCnt: 0, decrement: 1
io.netty.util.IllegalReferenceCountException: refCnt: 0, decrement: 1
	at io.netty.util.internal.RefCnt.throwIllegalRefCountOnRelease(RefCnt.java:239)
	at io.netty.util.internal.RefCnt$AtomicRefCnt.release0(RefCnt.java:289)
	at io.netty.util.internal.RefCnt$AtomicRefCnt.release(RefCnt.java:274)
	at io.netty.util.internal.RefCnt.release(RefCnt.java:149)
	at io.netty.buffer.AbstractReferenceCountedByteBuf.release(AbstractReferenceCountedByteBuf.java:83)
	at io.netty.handler.codec.ByteToMessageDecoder.channelInputClosed(ByteToMessageDecoder.java:417)
	at io.netty.handler.codec.ByteToMessageDecoder.channelInactive(ByteToMessageDecoder.java:392)
	at io.netty.channel.CombinedChannelDuplexHandler.channelInactive(CombinedChannelDuplexHandler.java:219)
	at io.netty.channel.AbstractChannelHandlerContext.fireChannelInactive(AbstractChannelHandlerContext.java:251)
	at io.netty.channel.ChannelInboundHandlerAdapter.channelInactive(ChannelInboundHandlerAdapter.java:81)
	at io.netty.handler.timeout.IdleStateHandler.channelInactive(IdleStateHandler.java:279)
	at io.netty.channel.AbstractChannelHandlerContext.fireChannelInactive(AbstractChannelHandlerContext.java:251)
	at io.netty.channel.DefaultChannelPipeline$HeadContext.channelInactive(DefaultChannelPipeline.java:1466)
	at io.netty.channel.DefaultChannelPipeline.fireChannelInactive(DefaultChannelPipeline.java:918)
	at io.netty.channel.AbstractChannel$AbstractUnsafe$6.run(AbstractChannel.java:676)
	at io.netty.util.concurrent.AbstractEventExecutor.runTask(AbstractEventExecutor.java:148)
	at io.netty.util.concurrent.AbstractEventExecutor.safeExecute(AbstractEventExecutor.java:141)
	at io.netty.util.concurrent.SingleThreadEventExecutor.runAllTasks(SingleThreadEventExecutor.java:535)
	at io.netty.channel.SingleThreadIoEventLoop.run(SingleThreadIoEventLoop.java:228)
	at io.netty.util.concurrent.SingleThreadEventExecutor$5.run(SingleThreadEventExecutor.java:1214)
	at io.netty.util.internal.ThreadExecutorMap$2.run(ThreadExecutorMap.java:74)
	at io.netty.util.concurrent.FastThreadLocalRunnable.run(FastThreadLocalRunnable.java:30)
	at java.base@25.0.4/java.lang.Thread.runWith(Thread.java:1487)
	at java.base@25.0.4/java.lang.Thread.run(Thread.java:1474)
	at org.graalvm.nativeimage.builder/com.oracle.svm.core.thread.PlatformThreads.threadStartRoutine(PlatformThreads.java:832)
	at org.graalvm.nativeimage.builder/com.oracle.svm.core.thread.PlatformThreads.threadStartRoutine(PlatformThreads.java:808)
2026-10-10 12:39:48,590 WARN  i.n.channel.DefaultChannelPipeline - An exceptionCaught() event was fired, and it reached at the tail of the pipeline. It usually means the last handler in the pipeline did not handle the exception.
io.netty.channel.ChannelPipelineException: io.netty.handler.codec.http.HttpServerCodec$HttpServerRequestDecoder.handlerRemoved() has thrown an exception.
	at io.netty.channel.CombinedChannelDuplexHandler$DelegatingChannelHandlerContext.remove0(CombinedChannelDuplexHandler.java:609)
	at io.netty.channel.CombinedChannelDuplexHandler$DelegatingChannelHandlerContext.remove(CombinedChannelDuplexHandler.java:591)
	at io.netty.channel.CombinedChannelDuplexHandler.handlerRemoved(CombinedChannelDuplexHandler.java:179)
	at io.netty.channel.AbstractChannelHandlerContext.callHandlerRemoved(AbstractChannelHandlerContext.java:997)
	at io.netty.channel.DefaultChannelPipeline.callHandlerRemoved0(DefaultChannelPipeline.java:626)
	at io.netty.channel.DefaultChannelPipeline.destroyDown(DefaultChannelPipeline.java:882)
	at io.netty.channel.DefaultChannelPipeline.destroyUp(DefaultChannelPipeline.java:849)
	at io.netty.channel.DefaultChannelPipeline.destroy(DefaultChannelPipeline.java:841)
	at io.netty.channel.DefaultChannelPipeline.access$700(DefaultChannelPipeline.java:45)
	at io.netty.channel.DefaultChannelPipeline$HeadContext.channelUnregistered(DefaultChannelPipeline.java:1453)
	at io.netty.channel.DefaultChannelPipeline.fireChannelUnregistered(DefaultChannelPipeline.java:820)
	at io.netty.channel.AbstractChannel$AbstractUnsafe$6.run(AbstractChannel.java:684)
	at io.netty.util.concurrent.AbstractEventExecutor.runTask(AbstractEventExecutor.java:148)
	at io.netty.util.concurrent.AbstractEventExecutor.safeExecute(AbstractEventExecutor.java:141)
	at io.netty.util.concurrent.SingleThreadEventExecutor.runAllTasks(SingleThreadEventExecutor.java:535)
	at io.netty.channel.SingleThreadIoEventLoop.run(SingleThreadIoEventLoop.java:228)
	at io.netty.util.concurrent.SingleThreadEventExecutor$5.run(SingleThreadEventExecutor.java:1214)
	at io.netty.util.internal.ThreadExecutorMap$2.run(ThreadExecutorMap.java:74)
	at io.netty.util.concurrent.FastThreadLocalRunnable.run(FastThreadLocalRunnable.java:30)
	at java.base@25.0.4/java.lang.Thread.runWith(Thread.java:1487)
	at java.base@25.0.4/java.lang.Thread.run(Thread.java:1474)
	at org.graalvm.nativeimage.builder/com.oracle.svm.core.thread.PlatformThreads.threadStartRoutine(PlatformThreads.java:832)
	at org.graalvm.nativeimage.builder/com.oracle.svm.core.thread.PlatformThreads.threadStartRoutine(PlatformThreads.java:808)
Caused by: io.netty.util.IllegalReferenceCountException: refCnt: 0, decrement: 1
	at io.netty.util.internal.RefCnt.throwIllegalRefCountOnRelease(RefCnt.java:239)
	at io.netty.util.internal.RefCnt$AtomicRefCnt.release0(RefCnt.java:289)
	at io.netty.util.internal.RefCnt$AtomicRefCnt.release(RefCnt.java:274)
	at io.netty.util.internal.RefCnt.release(RefCnt.java:149)
	at io.netty.buffer.AbstractReferenceCountedByteBuf.release(AbstractReferenceCountedByteBuf.java:83)
	at io.netty.handler.codec.ByteToMessageDecoder.handlerRemoved(ByteToMessageDecoder.java:273)
	at io.netty.channel.CombinedChannelDuplexHandler$DelegatingChannelHandlerContext.remove0(CombinedChannelDuplexHandler.java:606)
	... 22 common frames omitted
2026-10-10 12:39:48,905 ERROR i.m.h.s.netty.RoutingInBoundHandler - Micronaut Server Error - No request state present. Cause: refCnt: 0, decrement: 1
io.netty.util.IllegalReferenceCountException: refCnt: 0, decrement: 1
	at io.netty.util.internal.RefCnt.throwIllegalRefCountOnRelease(RefCnt.java:239)
	at io.netty.util.internal.RefCnt$AtomicRefCnt.release0(RefCnt.java:289)
	at io.netty.util.internal.RefCnt$AtomicRefCnt.release(RefCnt.java:274)
	at io.netty.util.internal.RefCnt.release(RefCnt.java:149)
	at io.netty.buffer.AbstractReferenceCountedByteBuf.release(AbstractReferenceCountedByteBuf.java:83)
	at io.netty.handler.codec.ByteToMessageDecoder.channelInputClosed(ByteToMessageDecoder.java:417)
	at io.netty.handler.codec.ByteToMessageDecoder.channelInactive(ByteToMessageDecoder.java:392)
	at io.netty.channel.CombinedChannelDuplexHandler.channelInactive(CombinedChannelDuplexHandler.java:219)
	at io.netty.channel.AbstractChannelHandlerContext.fireChannelInactive(AbstractChannelHandlerContext.java:251)
	at io.netty.channel.ChannelInboundHandlerAdapter.channelInactive(ChannelInboundHandlerAdapter.java:81)
	at io.netty.handler.timeout.IdleStateHandler.channelInactive(IdleStateHandler.java:279)
	at io.netty.channel.AbstractChannelHandlerContext.fireChannelInactive(AbstractChannelHandlerContext.java:251)
	at io.netty.channel.DefaultChannelPipeline$HeadContext.channelInactive(DefaultChannelPipeline.java:1466)
	at io.netty.channel.DefaultChannelPipeline.fireChannelInactive(DefaultChannelPipeline.java:918)
	at io.netty.channel.AbstractChannel$AbstractUnsafe$6.run(AbstractChannel.java:676)
	at io.netty.util.concurrent.AbstractEventExecutor.runTask(AbstractEventExecutor.java:148)
	at io.netty.util.concurrent.AbstractEventExecutor.safeExecute(AbstractEventExecutor.java:141)
	at io.netty.util.concurrent.SingleThreadEventExecutor.runAllTasks(SingleThreadEventExecutor.java:535)
	at io.netty.channel.SingleThreadIoEventLoop.run(SingleThreadIoEventLoop.java:228)
	at io.netty.util.concurrent.SingleThreadEventExecutor$5.run(SingleThreadEventExecutor.java:1214)
	at io.netty.util.internal.ThreadExecutorMap$2.run(ThreadExecutorMap.java:74)
	at io.netty.util.concurrent.FastThreadLocalRunnable.run(FastThreadLocalRunnable.java:30)
	at java.base@25.0.4/java.lang.Thread.runWith(Thread.java:1487)
	at java.base@25.0.4/java.lang.Thread.run(Thread.java:1474)
	at org.graalvm.nativeimage.builder/com.oracle.svm.core.thread.PlatformThreads.threadStartRoutine(PlatformThreads.java:832)
	at org.graalvm.nativeimage.builder/com.oracle.svm.core.thread.PlatformThreads.threadStartRoutine(PlatformThreads.java:808)
2026-10-10 12:39:48,905 WARN  i.n.channel.DefaultChannelPipeline - An exceptionCaught() event was fired, and it reached at the tail of the pipeline. It usually means the last handler in the pipeline did not handle the exception.
io.netty.channel.ChannelPipelineException: io.netty.handler.codec.http.HttpServerCodec$HttpServerRequestDecoder.handlerRemoved() has thrown an exception.
	at io.netty.channel.CombinedChannelDuplexHandler$DelegatingChannelHandlerContext.remove0(CombinedChannelDuplexHandler.java:609)
	at io.netty.channel.CombinedChannelDuplexHandler$DelegatingChannelHandlerContext.remove(CombinedChannelDuplexHandler.java:591)
	at io.netty.channel.CombinedChannelDuplexHandler.handlerRemoved(CombinedChannelDuplexHandler.java:179)
	at io.netty.channel.AbstractChannelHandlerContext.callHandlerRemoved(AbstractChannelHandlerContext.java:997)
	at io.netty.channel.DefaultChannelPipeline.callHandlerRemoved0(DefaultChannelPipeline.java:626)
	at io.netty.channel.DefaultChannelPipeline.destroyDown(DefaultChannelPipeline.java:882)
	at io.netty.channel.DefaultChannelPipeline.destroyUp(DefaultChannelPipeline.java:849)
	at io.netty.channel.DefaultChannelPipeline.destroy(DefaultChannelPipeline.java:841)
	at io.netty.channel.DefaultChannelPipeline.access$700(DefaultChannelPipeline.java:45)
	at io.netty.channel.DefaultChannelPipeline$HeadContext.channelUnregistered(DefaultChannelPipeline.java:1453)
	at io.netty.channel.DefaultChannelPipeline.fireChannelUnregistered(DefaultChannelPipeline.java:820)
	at io.netty.channel.AbstractChannel$AbstractUnsafe$6.run(AbstractChannel.java:684)
	at io.netty.util.concurrent.AbstractEventExecutor.runTask(AbstractEventExecutor.java:148)
	at io.netty.util.concurrent.AbstractEventExecutor.safeExecute(AbstractEventExecutor.java:141)
	at io.netty.util.concurrent.SingleThreadEventExecutor.runAllTasks(SingleThreadEventExecutor.java:535)
	at io.netty.channel.SingleThreadIoEventLoop.run(SingleThreadIoEventLoop.java:228)
	at io.netty.util.concurrent.SingleThreadEventExecutor$5.run(SingleThreadEventExecutor.java:1214)
	at io.netty.util.internal.ThreadExecutorMap$2.run(ThreadExecutorMap.java:74)
	at io.netty.util.concurrent.FastThreadLocalRunnable.run(FastThreadLocalRunnable.java:30)
	at java.base@25.0.4/java.lang.Thread.runWith(Thread.java:1487)
	at java.base@25.0.4/java.lang.Thread.run(Thread.java:1474)
	at org.graalvm.nativeimage.builder/com.oracle.svm.core.thread.PlatformThreads.threadStartRoutine(PlatformThreads.java:832)
	at org.graalvm.nativeimage.builder/com.oracle.svm.core.thread.PlatformThreads.threadStartRoutine(PlatformThreads.java:808)
Caused by: io.netty.util.IllegalReferenceCountException: refCnt: 0, decrement: 1
	at io.netty.util.internal.RefCnt.throwIllegalRefCountOnRelease(RefCnt.java:239)
	at io.netty.util.internal.RefCnt$AtomicRefCnt.release0(RefCnt.java:289)
	at io.netty.util.internal.RefCnt$AtomicRefCnt.release(RefCnt.java:274)
	at io.netty.util.internal.RefCnt.release(RefCnt.java:149)
	at io.netty.buffer.AbstractReferenceCountedByteBuf.release(AbstractReferenceCountedByteBuf.java:83)
	at io.netty.handler.codec.ByteToMessageDecoder.handlerRemoved(ByteToMessageDecoder.java:273)
	at io.netty.channel.CombinedChannelDuplexHandler$DelegatingChannelHandlerContext.remove0(CombinedChannelDuplexHandler.java:606)
	... 22 common frames omitted
2026-10-10 12:39:49,835 ERROR i.m.h.s.netty.RoutingInBoundHandler - Micronaut Server Error - No request state present. Cause: refCnt: 0, decrement: 1
io.netty.util.IllegalReferenceCountException: refCnt: 0, decrement: 1
	at io.netty.util.internal.RefCnt.throwIllegalRefCountOnRelease(RefCnt.java:239)
	at io.netty.util.internal.RefCnt$AtomicRefCnt.release0(RefCnt.java:289)
	at io.netty.util.internal.RefCnt$AtomicRefCnt.release(RefCnt.java:274)
	at io.netty.util.internal.RefCnt.release(RefCnt.java:149)
	at io.netty.buffer.AbstractReferenceCountedByteBuf.release(AbstractReferenceCountedByteBuf.java:83)
	at io.netty.handler.codec.ByteToMessageDecoder.channelInputClosed(ByteToMessageDecoder.java:417)
	at io.netty.handler.codec.ByteToMessageDecoder.channelInactive(ByteToMessageDecoder.java:392)
	at io.netty.channel.CombinedChannelDuplexHandler.channelInactive(CombinedChannelDuplexHandler.java:219)
	at io.netty.channel.AbstractChannelHandlerContext.fireChannelInactive(AbstractChannelHandlerContext.java:251)
	at io.netty.channel.ChannelInboundHandlerAdapter.channelInactive(ChannelInboundHandlerAdapter.java:81)
	at io.netty.handler.timeout.IdleStateHandler.channelInactive(IdleStateHandler.java:279)
	at io.netty.channel.AbstractChannelHandlerContext.fireChannelInactive(AbstractChannelHandlerContext.java:251)
	at io.netty.channel.DefaultChannelPipeline$HeadContext.channelInactive(DefaultChannelPipeline.java:1466)
	at io.netty.channel.DefaultChannelPipeline.fireChannelInactive(DefaultChannelPipeline.java:918)
	at io.netty.channel.AbstractChannel$AbstractUnsafe$6.run(AbstractChannel.java:676)
	at io.netty.util.concurrent.AbstractEventExecutor.runTask(AbstractEventExecutor.java:148)
	at io.netty.util.concurrent.AbstractEventExecutor.safeExecute(AbstractEventExecutor.java:141)
	at io.netty.util.concurrent.SingleThreadEventExecutor.runAllTasks(SingleThreadEventExecutor.java:535)
	at io.netty.channel.SingleThreadIoEventLoop.run(SingleThreadIoEventLoop.java:228)
	at io.netty.util.concurrent.SingleThreadEventExecutor$5.run(SingleThreadEventExecutor.java:1214)
	at io.netty.util.internal.ThreadExecutorMap$2.run(ThreadExecutorMap.java:74)
	at io.netty.util.concurrent.FastThreadLocalRunnable.run(FastThreadLocalRunnable.java:30)
	at java.base@25.0.4/java.lang.Thread.runWith(Thread.java:1487)
	at java.base@25.0.4/java.lang.Thread.run(Thread.java:1474)
	at org.graalvm.nativeimage.builder/com.oracle.svm.core.thread.PlatformThreads.threadStartRoutine(PlatformThreads.java:832)
	at org.graalvm.nativeimage.builder/com.oracle.svm.core.thread.PlatformThreads.threadStartRoutine(PlatformThreads.java:808)
2026-10-10 12:39:49,836 WARN  i.n.channel.DefaultChannelPipeline - An exceptionCaught() event was fired, and it reached at the tail of the pipeline. It usually means the last handler in the pipeline did not handle the exception.
io.netty.channel.ChannelPipelineException: io.netty.handler.codec.http.HttpServerCodec$HttpServerRequestDecoder.handlerRemoved() has thrown an exception.
	at io.netty.channel.CombinedChannelDuplexHandler$DelegatingChannelHandlerContext.remove0(CombinedChannelDuplexHandler.java:609)
	at io.netty.channel.CombinedChannelDuplexHandler$DelegatingChannelHandlerContext.remove(CombinedChannelDuplexHandler.java:591)
	at io.netty.channel.CombinedChannelDuplexHandler.handlerRemoved(CombinedChannelDuplexHandler.java:179)
	at io.netty.channel.AbstractChannelHandlerContext.callHandlerRemoved(AbstractChannelHandlerContext.java:997)
	at io.netty.channel.DefaultChannelPipeline.callHandlerRemoved0(DefaultChannelPipeline.java:626)
	at io.netty.channel.DefaultChannelPipeline.destroyDown(DefaultChannelPipeline.java:882)
	at io.netty.channel.DefaultChannelPipeline.destroyUp(DefaultChannelPipeline.java:849)
	at io.netty.channel.DefaultChannelPipeline.destroy(DefaultChannelPipeline.java:841)
	at io.netty.channel.DefaultChannelPipeline.access$700(DefaultChannelPipeline.java:45)
	at io.netty.channel.DefaultChannelPipeline$HeadContext.channelUnregistered(DefaultChannelPipeline.java:1453)
	at io.netty.channel.DefaultChannelPipeline.fireChannelUnregistered(DefaultChannelPipeline.java:820)
	at io.netty.channel.AbstractChannel$AbstractUnsafe$6.run(AbstractChannel.java:684)
	at io.netty.util.concurrent.AbstractEventExecutor.runTask(AbstractEventExecutor.java:148)
	at io.netty.util.concurrent.AbstractEventExecutor.safeExecute(AbstractEventExecutor.java:141)
	at io.netty.util.concurrent.SingleThreadEventExecutor.runAllTasks(SingleThreadEventExecutor.java:535)
	at io.netty.channel.SingleThreadIoEventLoop.run(SingleThreadIoEventLoop.java:228)
	at io.netty.util.concurrent.SingleThreadEventExecutor$5.run(SingleThreadEventExecutor.java:1214)
	at io.netty.util.internal.ThreadExecutorMap$2.run(ThreadExecutorMap.java:74)
	at io.netty.util.concurrent.FastThreadLocalRunnable.run(FastThreadLocalRunnable.java:30)
	at java.base@25.0.4/java.lang.Thread.runWith(Thread.java:1487)
	at java.base@25.0.4/java.lang.Thread.run(Thread.java:1474)
	at org.graalvm.nativeimage.builder/com.oracle.svm.core.thread.PlatformThreads.threadStartRoutine(PlatformThreads.java:832)
	at org.graalvm.nativeimage.builder/com.oracle.svm.core.thread.PlatformThreads.threadStartRoutine(PlatformThreads.java:808)
Caused by: io.netty.util.IllegalReferenceCountException: refCnt: 0, decrement: 1
	at io.netty.util.internal.RefCnt.throwIllegalRefCountOnRelease(RefCnt.java:239)
	at io.netty.util.internal.RefCnt$AtomicRefCnt.release0(RefCnt.java:289)
	at io.netty.util.internal.RefCnt$AtomicRefCnt.release(RefCnt.java:274)
	at io.netty.util.internal.RefCnt.release(RefCnt.java:149)
	at io.netty.buffer.AbstractReferenceCountedByteBuf.release(AbstractReferenceCountedByteBuf.java:83)
	at io.netty.handler.codec.ByteToMessageDecoder.handlerRemoved(ByteToMessageDecoder.java:273)
	at io.netty.channel.CombinedChannelDuplexHandler$DelegatingChannelHandlerContext.remove0(CombinedChannelDuplexHandler.java:606)
	... 22 common frames omitted
