========================================================================================================================
GraalVM Native Image: Generating 'quarkus-probe-1-runner' (executable)...
========================================================================================================================
For detailed information and explanations on the build output, visit:
https://github.com/oracle/graal/blob/master/docs/reference-manual/native-image/BuildOutput.md
------------------------------------------------------------------------------------------------------------------------
[1/8] Initializing...                                                                                    (6.1s @ 0.18GB)
 Java version: 21.0.12+7-LTS, vendor version: Oracle GraalVM 21.0.12+7.1
 Graal compiler: optimization level: 2, target machine: compatibility, PGO: ML-inferred
 C compiler: gcc (linux, x86_64, 14.2.0)
 Garbage collector: Serial GC (max heap size: 80% of RAM)
 3 user-specific feature(s):
 - com.oracle.svm.thirdparty.gson.GsonFeature
 - io.quarkus.runner.Feature: Auto-generated class by Quarkus from the existing extensions
 - io.quarkus.runtime.graal.DisableLoggingFeature: Disables INFO logging during the analysis phase
------------------------------------------------------------------------------------------------------------------------
 3 experimental option(s) unlocked:
 - '-H:+AllowFoldMethods' (origin(s): command line)
 - '-H:BuildOutputJSONFile' (origin(s): command line)
 - '-H:-UseServiceLoaderFeature' (origin(s): command line)
------------------------------------------------------------------------------------------------------------------------
Build resources:
 - 7.11GB of memory (45.9% of 15.50GB system memory, set via '-Xmx8g')
 - 4 thread(s) (50.0% of 8 available processor(s), set via '--parallelism=4')
[2/8] Performing analysis...  [*****]                                                                   (48.3s @ 1.46GB)
   13,039 reachable types   (85.8% of   15,191 total)
   18,732 reachable fields  (57.3% of   32,688 total)
   72,627 reachable methods (55.9% of  129,922 total)
    4,065 types,   285 fields, and 3,283 methods registered for reflection
       61 types,    60 fields, and    55 methods registered for JNI access
        4 native libraries: dl, pthread, rt, z

Error: Discovered unresolved type during parsing: com.codahale.metrics.MetricRegistry. This error is reported at image build time because class com.zaxxer.hikari.pool.HikariPool is registered for linking at image build time by command line and command line.
Error encountered while parsing com.zaxxer.hikari.pool.HikariPool.<init>(HikariPool.java:93) 
Parsing context:
   at com.oracle.svm.core.code.FactoryMethodHolder.HikariPool_constructor_2547a096aa589d178f2c3fad6bdb10b3bd695771(generated:0)
   at com.zaxxer.hikari.HikariDataSource.getConnection(HikariDataSource.java:112)
   at io.teaql.provider.jdbc.JdbcSqlExecutor.openConnection(JdbcSqlExecutor.java:39)
   at io.teaql.provider.jdbc.JdbcSqlExecutor.execute(JdbcSqlExecutor.java:323)
   at com.doublechaintech.liquidfilling.probe.ProbeOperations$IdDatabase.execute(ProbeOperations.java:111)
   at io.teaql.core.sql.portable.IdSpaceIdGenerator.ensureIdSpaceTable(IdSpaceIdGenerator.java:175)
   at com.doublechaintech.liquidfilling.probe.ProbeOperations.ensureDB(ProbeOperations.java:49)
   at io.teaql.benchmark.quarkus.ProbeResource.ensureDB(ProbeResource.java:12)
   at io.teaql.benchmark.quarkus.ProbeResource$quarkusrestinvoker$ensureDB_2afe31e11f819826ad97c5dc3a2ac29b45cb8f29.invoke(Unknown Source)
   at org.jboss.resteasy.reactive.server.handlers.InvocationHandler.handle(InvocationHandler.java:29)
   at io.quarkus.resteasy.reactive.server.runtime.QuarkusResteasyReactiveRequestContext.invokeHandler(QuarkusResteasyReactiveRequestContext.java:141)
   at org.jboss.resteasy.reactive.common.core.AbstractResteasyReactiveContext.run(AbstractResteasyReactiveContext.java:147)
   at org.jboss.resteasy.reactive.server.handlers.RestInitialHandler.beginProcessing(RestInitialHandler.java:48)
   at org.jboss.resteasy.reactive.server.vertx.ResteasyReactiveVertxHandler.handle(ResteasyReactiveVertxHandler.java:23)
   at org.jboss.resteasy.reactive.server.vertx.ResteasyReactiveVertxHandler.handle(ResteasyReactiveVertxHandler.java:10)
   at io.vertx.ext.web.impl.RouteState.handleFailure(RouteState.java:1291)
   at io.vertx.ext.web.impl.RoutingContextImplBase.iterateNext(RoutingContextImplBase.java:174)
   at io.vertx.ext.web.impl.RoutingContextImpl.next(RoutingContextImpl.java:137)
   at io.vertx.ext.web.impl.RoutingContextImpl.doFail(RoutingContextImpl.java:554)
   at io.vertx.ext.web.impl.RoutingContextImpl.fail(RoutingContextImpl.java:174)
   at io.vertx.ext.web.impl.RoutingContextImpl.<init>(RoutingContextImpl.java:86)
   at com.oracle.svm.core.code.FactoryMethodHolder.RoutingContextImpl_constructor_3f4ca635c84efddb3d0e63f69f404e1489a2aae9(generated:0)
   at io.vertx.ext.web.impl.RouterImpl.handle(RouterImpl.java:68)
   at io.vertx.ext.web.impl.RouterImpl.handle(RouterImpl.java:37)
   at io.vertx.mutiny.ext.web.Router.handle(Router.java:74)
   at io.vertx.mutiny.ext.web.Router.accept(Router.java:485)
   at io.vertx.mutiny.ext.web.Router.accept(Router.java:26)
   at java.util.stream.Streams$StreamBuilderImpl.tryAdvance(Streams.java:397)
   at java.util.stream.ReferencePipeline.forEachWithCancel(ReferencePipeline.java:129)
   at java.util.stream.AbstractPipeline.copyIntoWithCancel(AbstractPipeline.java:527)
   at java.util.stream.AbstractPipeline.copyInto(AbstractPipeline.java:513)
   at java.util.stream.ForEachOps$ForEachTask.compute(ForEachOps.java:291)
   at java.util.concurrent.CountedCompleter.exec(CountedCompleter.java:754)
   at java.util.concurrent.ForkJoinTask.doExec(ForkJoinTask.java:387)
   at java.util.concurrent.ForkJoinTask.invoke(ForkJoinTask.java:667)
   at java.util.stream.ForEachOps$ForEachOp.evaluateParallel(ForEachOps.java:160)
   at java.util.stream.ForEachOps$ForEachOp$OfRef.evaluateParallel(ForEachOps.java:174)
   at java.util.stream.AbstractPipeline.evaluate(AbstractPipeline.java:233)
   at java.util.stream.ReferencePipeline.collect(ReferencePipeline.java:682)
   at java.lang.reflect.Executable.sharedToString(Executable.java:123)
   at java.lang.reflect.Method.toString(Method.java:416)
   at com.oracle.svm.core.reflect.MissingReflectionRegistrationUtils.forQueriedOnlyExecutable(MissingReflectionRegistrationUtils.java:82)
   at com.oracle.svm.core.reflect.target.Target_java_lang_reflect_Method.acquireMethodAccessor(Target_java_lang_reflect_Method.java:77)
   at java.lang.reflect.Method.invoke(Method.java:577)
   at io.netty.util.internal.PlatformDependent0.<clinit>(PlatformDependent0.java:455)
   at static root method.(Unknown Source)

Detailed message:

Caused by: com.oracle.graal.pointsto.constraints.UnsupportedFeatureException: Discovered unresolved type during parsing: com.codahale.metrics.MetricRegistry. This error is reported at image build time because class com.zaxxer.hikari.pool.HikariPool is registered for linking at image build time by command line and command line.
Error encountered while parsing com.zaxxer.hikari.pool.HikariPool.<init>(HikariPool.java:93) 
Parsing context:
   at com.oracle.svm.core.code.FactoryMethodHolder.HikariPool_constructor_2547a096aa589d178f2c3fad6bdb10b3bd695771(generated:0)
   at com.zaxxer.hikari.HikariDataSource.getConnection(HikariDataSource.java:112)
   at io.teaql.provider.jdbc.JdbcSqlExecutor.openConnection(JdbcSqlExecutor.java:39)
   at io.teaql.provider.jdbc.JdbcSqlExecutor.execute(JdbcSqlExecutor.java:323)
   at com.doublechaintech.liquidfilling.probe.ProbeOperations$IdDatabase.execute(ProbeOperations.java:111)
   at io.teaql.core.sql.portable.IdSpaceIdGenerator.ensureIdSpaceTable(IdSpaceIdGenerator.java:175)
   at com.doublechaintech.liquidfilling.probe.ProbeOperations.ensureDB(ProbeOperations.java:49)
   at io.teaql.benchmark.quarkus.ProbeResource.ensureDB(ProbeResource.java:12)
   at io.teaql.benchmark.quarkus.ProbeResource$quarkusrestinvoker$ensureDB_2afe31e11f819826ad97c5dc3a2ac29b45cb8f29.invoke(Unknown Source)
   at org.jboss.resteasy.reactive.server.handlers.InvocationHandler.handle(InvocationHandler.java:29)
   at io.quarkus.resteasy.reactive.server.runtime.QuarkusResteasyReactiveRequestContext.invokeHandler(QuarkusResteasyReactiveRequestContext.java:141)
   at org.jboss.resteasy.reactive.common.core.AbstractResteasyReactiveContext.run(AbstractResteasyReactiveContext.java:147)
   at org.jboss.resteasy.reactive.server.handlers.RestInitialHandler.beginProcessing(RestInitialHandler.java:48)
   at org.jboss.resteasy.reactive.server.vertx.ResteasyReactiveVertxHandler.handle(ResteasyReactiveVertxHandler.java:23)
   at org.jboss.resteasy.reactive.server.vertx.ResteasyReactiveVertxHandler.handle(ResteasyReactiveVertxHandler.java:10)
   at io.vertx.ext.web.impl.RouteState.handleFailure(RouteState.java:1291)
   at io.vertx.ext.web.impl.RoutingContextImplBase.iterateNext(RoutingContextImplBase.java:174)
   at io.vertx.ext.web.impl.RoutingContextImpl.next(RoutingContextImpl.java:137)
   at io.vertx.ext.web.impl.RoutingContextImpl.doFail(RoutingContextImpl.java:554)
   at io.vertx.ext.web.impl.RoutingContextImpl.fail(RoutingContextImpl.java:174)
   at io.vertx.ext.web.impl.RoutingContextImpl.<init>(RoutingContextImpl.java:86)
   at com.oracle.svm.core.code.FactoryMethodHolder.RoutingContextImpl_constructor_3f4ca635c84efddb3d0e63f69f404e1489a2aae9(generated:0)
   at io.vertx.ext.web.impl.RouterImpl.handle(RouterImpl.java:68)
   at io.vertx.ext.web.impl.RouterImpl.handle(RouterImpl.java:37)
   at io.vertx.mutiny.ext.web.Router.handle(Router.java:74)
   at io.vertx.mutiny.ext.web.Router.accept(Router.java:485)
   at io.vertx.mutiny.ext.web.Router.accept(Router.java:26)
   at java.util.stream.Streams$StreamBuilderImpl.tryAdvance(Streams.java:397)
   at java.util.stream.ReferencePipeline.forEachWithCancel(ReferencePipeline.java:129)
   at java.util.stream.AbstractPipeline.copyIntoWithCancel(AbstractPipeline.java:527)
   at java.util.stream.AbstractPipeline.copyInto(AbstractPipeline.java:513)
   at java.util.stream.ForEachOps$ForEachTask.compute(ForEachOps.java:291)
   at java.util.concurrent.CountedCompleter.exec(CountedCompleter.java:754)
   at java.util.concurrent.ForkJoinTask.doExec(ForkJoinTask.java:387)
   at java.util.concurrent.ForkJoinTask.invoke(ForkJoinTask.java:667)
   at java.util.stream.ForEachOps$ForEachOp.evaluateParallel(ForEachOps.java:160)
   at java.util.stream.ForEachOps$ForEachOp$OfRef.evaluateParallel(ForEachOps.java:174)
   at java.util.stream.AbstractPipeline.evaluate(AbstractPipeline.java:233)
   at java.util.stream.ReferencePipeline.collect(ReferencePipeline.java:682)
   at java.lang.reflect.Executable.sharedToString(Executable.java:123)
   at java.lang.reflect.Method.toString(Method.java:416)
   at com.oracle.svm.core.reflect.MissingReflectionRegistrationUtils.forQueriedOnlyExecutable(MissingReflectionRegistrationUtils.java:82)
   at com.oracle.svm.core.reflect.target.Target_java_lang_reflect_Method.acquireMethodAccessor(Target_java_lang_reflect_Method.java:77)
   at java.lang.reflect.Method.invoke(Method.java:577)
   at io.netty.util.internal.PlatformDependent0.<clinit>(PlatformDependent0.java:455)
   at static root method.(Unknown Source)

Detailed message:

	at org.graalvm.nativeimage.pointsto/com.oracle.graal.pointsto.constraints.UnsupportedFeatures.report(UnsupportedFeatures.java:126)
	at org.graalvm.nativeimage.builder/com.oracle.svm.hosted.NativeImageGenerator.runPointsToAnalysis(NativeImageGenerator.java:811)
	at org.graalvm.nativeimage.builder/com.oracle.svm.hosted.NativeImageGenerator.doRun(NativeImageGenerator.java:593)
	at org.graalvm.nativeimage.builder/com.oracle.svm.hosted.NativeImageGenerator.run(NativeImageGenerator.java:551)
	at org.graalvm.nativeimage.builder/com.oracle.svm.hosted.NativeImageGeneratorRunner.buildImage(NativeImageGeneratorRunner.java:538)
	at org.graalvm.nativeimage.builder/com.oracle.svm.hosted.NativeImageGeneratorRunner.build(NativeImageGeneratorRunner.java:727)
	at org.graalvm.nativeimage.builder/com.oracle.svm.hosted.NativeImageGeneratorRunner.start(NativeImageGeneratorRunner.java:142)
	at org.graalvm.nativeimage.builder/com.oracle.svm.hosted.NativeImageGeneratorRunner.main(NativeImageGeneratorRunner.java:97)
Caused by: com.oracle.graal.pointsto.constraints.UnresolvedElementException: Discovered unresolved type during parsing: com.codahale.metrics.MetricRegistry. This error is reported at image build time because class com.zaxxer.hikari.pool.HikariPool is registered for linking at image build time by command line and command line.
	at org.graalvm.nativeimage.builder/com.oracle.svm.hosted.phases.SharedGraphBuilderPhase$SharedBytecodeParser.reportUnresolvedElement(SharedGraphBuilderPhase.java:558)
	at org.graalvm.nativeimage.builder/com.oracle.svm.hosted.phases.SharedGraphBuilderPhase$SharedBytecodeParser.reportUnresolvedElement(SharedGraphBuilderPhase.java:552)
	at org.graalvm.nativeimage.builder/com.oracle.svm.hosted.phases.SharedGraphBuilderPhase$SharedBytecodeParser.handleUnresolvedType(SharedGraphBuilderPhase.java:444)
	at org.graalvm.nativeimage.builder/com.oracle.svm.hosted.phases.SharedGraphBuilderPhase$SharedBytecodeParser.handleUnresolvedCheckCast(SharedGraphBuilderPhase.java:346)
	at jdk.internal.vm.compiler/org.graalvm.compiler.java.BytecodeParser.genCheckCast(BytecodeParser.java:4450)
	at jdk.internal.vm.compiler/org.graalvm.compiler.java.BytecodeParser.genCheckCast(BytecodeParser.java:4443)
	at jdk.internal.vm.compiler/org.graalvm.compiler.java.BytecodeParser.processBytecode(BytecodeParser.java:5428)
	at jdk.internal.vm.compiler/org.graalvm.compiler.java.BytecodeParser.iterateBytecodesForBlock(BytecodeParser.java:3429)
	at org.graalvm.nativeimage.builder/com.oracle.svm.hosted.phases.SharedGraphBuilderPhase$SharedBytecodeParser.iterateBytecodesForBlock(SharedGraphBuilderPhase.java:751)
	at jdk.internal.vm.compiler/org.graalvm.compiler.java.BytecodeParser.handleBytecodeBlock(BytecodeParser.java:3389)
	at jdk.internal.vm.compiler/org.graalvm.compiler.java.BytecodeParser.processBlock(BytecodeParser.java:3231)
	at jdk.internal.vm.compiler/org.graalvm.compiler.java.BytecodeParser.build(BytecodeParser.java:1138)
	at org.graalvm.nativeimage.builder/com.oracle.svm.hosted.phases.SharedGraphBuilderPhase$SharedBytecodeParser.build(SharedGraphBuilderPhase.java:162)
	at jdk.internal.vm.compiler/org.graalvm.compiler.java.BytecodeParser.buildRootMethod(BytecodeParser.java:1030)
	at jdk.internal.vm.compiler/org.graalvm.compiler.java.GraphBuilderPhase$Instance.run(GraphBuilderPhase.java:101)
	at org.graalvm.nativeimage.builder/com.oracle.svm.hosted.phases.SharedGraphBuilderPhase.run(SharedGraphBuilderPhase.java:116)
	at jdk.internal.vm.compiler/org.graalvm.compiler.phases.Phase.run(Phase.java:49)
	at jdk.internal.vm.compiler/org.graalvm.compiler.phases.BasePhase.apply(BasePhase.java:434)
	at jdk.internal.vm.compiler/org.graalvm.compiler.phases.Phase.apply(Phase.java:42)
	at jdk.internal.vm.compiler/org.graalvm.compiler.phases.Phase.apply(Phase.java:38)
	at org.graalvm.nativeimage.pointsto/com.oracle.graal.pointsto.flow.AnalysisParsedGraph.parseBytecode(AnalysisParsedGraph.java:146)
	at org.graalvm.nativeimage.pointsto/com.oracle.graal.pointsto.meta.AnalysisMethod.parseGraph(AnalysisMethod.java:895)
	at org.graalvm.nativeimage.pointsto/com.oracle.graal.pointsto.meta.AnalysisMethod.ensureGraphParsedHelper(AnalysisMethod.java:860)
	at org.graalvm.nativeimage.pointsto/com.oracle.graal.pointsto.meta.AnalysisMethod.ensureGraphParsed(AnalysisMethod.java:843)
	at org.graalvm.nativeimage.pointsto/com.oracle.graal.pointsto.phases.InlineBeforeAnalysisGraphDecoder.lookupEncodedGraph(InlineBeforeAnalysisGraphDecoder.java:198)
	at jdk.internal.vm.compiler/org.graalvm.compiler.replacements.PEGraphDecoder.doInline(PEGraphDecoder.java:1211)
	at jdk.internal.vm.compiler/org.graalvm.compiler.replacements.PEGraphDecoder.tryInline(PEGraphDecoder.java:1194)
	at jdk.internal.vm.compiler/org.graalvm.compiler.replacements.PEGraphDecoder.trySimplifyInvoke(PEGraphDecoder.java:1049)
	at jdk.internal.vm.compiler/org.graalvm.compiler.replacements.PEGraphDecoder.handleInvokeWithCallTarget(PEGraphDecoder.java:1001)
	at jdk.internal.vm.compiler/org.graalvm.compiler.replacements.PEGraphDecoder.handleInvoke(PEGraphDecoder.java:987)
	at jdk.internal.vm.compiler/org.graalvm.compiler.nodes.GraphDecoder.processNextNode(GraphDecoder.java:921)
	at org.graalvm.nativeimage.pointsto/com.oracle.graal.pointsto.phases.InlineBeforeAnalysisGraphDecoder.processNextNode(InlineBeforeAnalysisGraphDecoder.java:378)
	at jdk.internal.vm.compiler/org.graalvm.compiler.nodes.GraphDecoder.decode(GraphDecoder.java:650)
	at jdk.internal.vm.compiler/org.graalvm.compiler.replacements.PEGraphDecoder.decode(PEGraphDecoder.java:892)
	at org.graalvm.nativeimage.pointsto/com.oracle.graal.pointsto.phases.InlineBeforeAnalysis.decodeGraph(InlineBeforeAnalysis.java:76)
	at org.graalvm.nativeimage.pointsto/com.oracle.graal.pointsto.flow.MethodTypeFlowBuilder.parse(MethodTypeFlowBuilder.java:195)
	at org.graalvm.nativeimage.pointsto/com.oracle.graal.pointsto.flow.MethodTypeFlowBuilder.apply(MethodTypeFlowBuilder.java:621)
	at org.graalvm.nativeimage.pointsto/com.oracle.graal.pointsto.flow.MethodTypeFlow.createFlowsGraph(MethodTypeFlow.java:167)
	at org.graalvm.nativeimage.pointsto/com.oracle.graal.pointsto.flow.MethodTypeFlow.ensureFlowsGraphCreated(MethodTypeFlow.java:153)
	at org.graalvm.nativeimage.pointsto/com.oracle.graal.pointsto.flow.MethodTypeFlow.getOrCreateMethodFlowsGraphInfo(MethodTypeFlow.java:111)
	at org.graalvm.nativeimage.pointsto/com.oracle.graal.pointsto.typestate.DefaultSpecialInvokeTypeFlow.lambda$onObservedUpdate$0(DefaultSpecialInvokeTypeFlow.java:88)
	at org.graalvm.nativeimage.pointsto/com.oracle.graal.pointsto.util.LightImmutableCollection.forEach(LightImmutableCollection.java:90)
	at org.graalvm.nativeimage.pointsto/com.oracle.graal.pointsto.typestate.DefaultSpecialInvokeTypeFlow.onObservedUpdate(DefaultSpecialInvokeTypeFlow.java:87)
	at org.graalvm.nativeimage.pointsto/com.oracle.graal.pointsto.flow.TypeFlow.update(TypeFlow.java:620)
	at org.graalvm.nativeimage.pointsto/com.oracle.graal.pointsto.PointsToAnalysis$1.run(PointsToAnalysis.java:491)
	at org.graalvm.nativeimage.pointsto/com.oracle.graal.pointsto.util.CompletionExecutor.executeCommand(CompletionExecutor.java:187)
	at org.graalvm.nativeimage.pointsto/com.oracle.graal.pointsto.util.CompletionExecutor.lambda$executeService$0(CompletionExecutor.java:171)
	at java.base/java.util.concurrent.ForkJoinTask$RunnableExecuteAction.exec(ForkJoinTask.java:1423)
	at java.base/java.util.concurrent.ForkJoinTask.doExec(ForkJoinTask.java:387)
	at java.base/java.util.concurrent.ForkJoinPool$WorkQueue.topLevelExec(ForkJoinPool.java:1310)
	at java.base/java.util.concurrent.ForkJoinPool.scan(ForkJoinPool.java:1841)
	at java.base/java.util.concurrent.ForkJoinPool.runWorker(ForkJoinPool.java:1806)
	at java.base/java.util.concurrent.ForkJoinWorkerThread.run(ForkJoinWorkerThread.java:188)
Caused by: com.oracle.graal.pointsto.constraints.UnresolvedElementException: Error loading a referenced type: java.lang.NoClassDefFoundError: com/codahale/metrics/MetricRegistry
	at org.graalvm.nativeimage.pointsto/com.oracle.graal.pointsto.infrastructure.WrappedConstantPool.loadReferencedType(WrappedConstantPool.java:101)
	at org.graalvm.nativeimage.pointsto/com.oracle.graal.pointsto.infrastructure.WrappedConstantPool.loadReferencedType(WrappedConstantPool.java:107)
	at org.graalvm.nativeimage.builder/com.oracle.svm.hosted.phases.SubstrateClassInitializationPlugin.loadReferencedType(SubstrateClassInitializationPlugin.java:58)
	at jdk.internal.vm.compiler/org.graalvm.compiler.java.BytecodeParser.loadReferenceType(BytecodeParser.java:4413)
	at jdk.internal.vm.compiler/org.graalvm.compiler.java.BytecodeParser.maybeEagerlyResolve(BytecodeParser.java:4395)
	at org.graalvm.nativeimage.builder/com.oracle.svm.hosted.phases.SharedGraphBuilderPhase$SharedBytecodeParser.maybeEagerlyResolve(SharedGraphBuilderPhase.java:247)
	at jdk.internal.vm.compiler/org.graalvm.compiler.java.BytecodeParser.lookupType(BytecodeParser.java:4321)
	at jdk.internal.vm.compiler/org.graalvm.compiler.java.BytecodeParser.genCheckCast(BytecodeParser.java:4441)
	... 47 more
Caused by: java.lang.NoClassDefFoundError: com/codahale/metrics/MetricRegistry
	at jdk.internal.vm.ci/jdk.vm.ci.hotspot.CompilerToVM.resolveTypeInPool(Native Method)
	at jdk.internal.vm.ci/jdk.vm.ci.hotspot.CompilerToVM.resolveTypeInPool(CompilerToVM.java:494)
	at jdk.internal.vm.ci/jdk.vm.ci.hotspot.HotSpotConstantPool.loadReferencedType(HotSpotConstantPool.java:960)
	at org.graalvm.nativeimage.pointsto/com.oracle.graal.pointsto.infrastructure.WrappedConstantPool.loadReferencedType(WrappedConstantPool.java:93)
	... 54 more
Caused by: java.lang.ClassNotFoundException: com.codahale.metrics.MetricRegistry
	at java.base/jdk.internal.loader.BuiltinClassLoader.loadClass(BuiltinClassLoader.java:641)
	at java.base/jdk.internal.loader.ClassLoaders$AppClassLoader.loadClass(ClassLoaders.java:188)
	at java.base/java.lang.ClassLoader.loadClass(ClassLoader.java:526)
	at org.graalvm.nativeimage.builder/com.oracle.svm.hosted.NativeImageClassLoader.loadClass(NativeImageClassLoader.java:637)
	at java.base/java.lang.ClassLoader.loadClass(ClassLoader.java:526)
	... 58 more
Internal exception: com.oracle.svm.core.util.UserError$UserException: Discovered unresolved type during parsing: com.codahale.metrics.MetricRegistry. This error is reported at image build time because class com.zaxxer.hikari.pool.HikariPool is registered for linking at image build time by command line and command line.
Error encountered while parsing com.zaxxer.hikari.pool.HikariPool.<init>(HikariPool.java:93) 
Parsing context:
   at com.oracle.svm.core.code.FactoryMethodHolder.HikariPool_constructor_2547a096aa589d178f2c3fad6bdb10b3bd695771(generated:0)
   at com.zaxxer.hikari.HikariDataSource.getConnection(HikariDataSource.java:112)
   at io.teaql.provider.jdbc.JdbcSqlExecutor.openConnection(JdbcSqlExecutor.java:39)
   at io.teaql.provider.jdbc.JdbcSqlExecutor.execute(JdbcSqlExecutor.java:323)
   at com.doublechaintech.liquidfilling.probe.ProbeOperations$IdDatabase.execute(ProbeOperations.java:111)
   at io.teaql.core.sql.portable.IdSpaceIdGenerator.ensureIdSpaceTable(IdSpaceIdGenerator.java:175)
   at com.doublechaintech.liquidfilling.probe.ProbeOperations.ensureDB(ProbeOperations.java:49)
   at io.teaql.benchmark.quarkus.ProbeResource.ensureDB(ProbeResource.java:12)
   at io.teaql.benchmark.quarkus.ProbeResource$quarkusrestinvoker$ensureDB_2afe31e11f819826ad97c5dc3a2ac29b45cb8f29.invoke(Unknown Source)
   at org.jboss.resteasy.reactive.server.handlers.InvocationHandler.handle(InvocationHandler.java:29)
   at io.quarkus.resteasy.reactive.server.runtime.QuarkusResteasyReactiveRequestContext.invokeHandler(QuarkusResteasyReactiveRequestContext.java:141)
   at org.jboss.resteasy.reactive.common.core.AbstractResteasyReactiveContext.run(AbstractResteasyReactiveContext.java:147)
   at org.jboss.resteasy.reactive.server.handlers.RestInitialHandler.beginProcessing(RestInitialHandler.java:48)
   at org.jboss.resteasy.reactive.server.vertx.ResteasyReactiveVertxHandler.handle(ResteasyReactiveVertxHandler.java:23)
   at org.jboss.resteasy.reactive.server.vertx.ResteasyReactiveVertxHandler.handle(ResteasyReactiveVertxHandler.java:10)
   at io.vertx.ext.web.impl.RouteState.handleFailure(RouteState.java:1291)
   at io.vertx.ext.web.impl.RoutingContextImplBase.iterateNext(RoutingContextImplBase.java:174)
   at io.vertx.ext.web.impl.RoutingContextImpl.next(RoutingContextImpl.java:137)
   at io.vertx.ext.web.impl.RoutingContextImpl.doFail(RoutingContextImpl.java:554)
   at io.vertx.ext.web.impl.RoutingContextImpl.fail(RoutingContextImpl.java:174)
   at io.vertx.ext.web.impl.RoutingContextImpl.<init>(RoutingContextImpl.java:86)
   at com.oracle.svm.core.code.FactoryMethodHolder.RoutingContextImpl_constructor_3f4ca635c84efddb3d0e63f69f404e1489a2aae9(generated:0)
   at io.vertx.ext.web.impl.RouterImpl.handle(RouterImpl.java:68)
   at io.vertx.ext.web.impl.RouterImpl.handle(RouterImpl.java:37)
   at io.vertx.mutiny.ext.web.Router.handle(Router.java:74)
   at io.vertx.mutiny.ext.web.Router.accept(Router.java:485)
   at io.vertx.mutiny.ext.web.Router.accept(Router.java:26)
   at java.util.stream.Streams$StreamBuilderImpl.tryAdvance(Streams.java:397)
   at java.util.stream.ReferencePipeline.forEachWithCancel(ReferencePipeline.java:129)
   at java.util.stream.AbstractPipeline.copyIntoWithCancel(AbstractPipeline.java:527)
   at java.util.stream.AbstractPipeline.copyInto(AbstractPipeline.java:513)
   at java.util.stream.ForEachOps$ForEachTask.compute(ForEachOps.java:291)
   at java.util.concurrent.CountedCompleter.exec(CountedCompleter.java:754)
   at java.util.concurrent.ForkJoinTask.doExec(ForkJoinTask.java:387)
   at java.util.concurrent.ForkJoinTask.invoke(ForkJoinTask.java:667)
   at java.util.stream.ForEachOps$ForEachOp.evaluateParallel(ForEachOps.java:160)
   at java.util.stream.ForEachOps$ForEachOp$OfRef.evaluateParallel(ForEachOps.java:174)
   at java.util.stream.AbstractPipeline.evaluate(AbstractPipeline.java:233)
   at java.util.stream.ReferencePipeline.collect(ReferencePipeline.java:682)
   at java.lang.reflect.Executable.sharedToString(Executable.java:123)
   at java.lang.reflect.Method.toString(Method.java:416)
   at com.oracle.svm.core.reflect.MissingReflectionRegistrationUtils.forQueriedOnlyExecutable(MissingReflectionRegistrationUtils.java:82)
   at com.oracle.svm.core.reflect.target.Target_java_lang_reflect_Method.acquireMethodAccessor(Target_java_lang_reflect_Method.java:77)
   at java.lang.reflect.Method.invoke(Method.java:577)
   at io.netty.util.internal.PlatformDependent0.<clinit>(PlatformDependent0.java:455)
   at static root method.(Unknown Source)

Detailed message:

	at org.graalvm.nativeimage.builder/com.oracle.svm.core.util.UserError.abort(UserError.java:87)
	at org.graalvm.nativeimage.builder/com.oracle.svm.hosted.FallbackFeature.reportAsFallback(FallbackFeature.java:248)
	at org.graalvm.nativeimage.builder/com.oracle.svm.hosted.NativeImageGenerator.runPointsToAnalysis(NativeImageGenerator.java:816)
	at org.graalvm.nativeimage.builder/com.oracle.svm.hosted.NativeImageGenerator.doRun(NativeImageGenerator.java:593)
	at org.graalvm.nativeimage.builder/com.oracle.svm.hosted.NativeImageGenerator.run(NativeImageGenerator.java:551)
	at org.graalvm.nativeimage.builder/com.oracle.svm.hosted.NativeImageGeneratorRunner.buildImage(NativeImageGeneratorRunner.java:538)
	at org.graalvm.nativeimage.builder/com.oracle.svm.hosted.NativeImageGeneratorRunner.build(NativeImageGeneratorRunner.java:727)
	at org.graalvm.nativeimage.builder/com.oracle.svm.hosted.NativeImageGeneratorRunner.start(NativeImageGeneratorRunner.java:142)
	at org.graalvm.nativeimage.builder/com.oracle.svm.hosted.NativeImageGeneratorRunner.main(NativeImageGeneratorRunner.java:97)
Caused by: com.oracle.graal.pointsto.constraints.UnsupportedFeatureException: Discovered unresolved type during parsing: com.codahale.metrics.MetricRegistry. This error is reported at image build time because class com.zaxxer.hikari.pool.HikariPool is registered for linking at image build time by command line and command line.
Error encountered while parsing com.zaxxer.hikari.pool.HikariPool.<init>(HikariPool.java:93) 
Parsing context:
   at com.oracle.svm.core.code.FactoryMethodHolder.HikariPool_constructor_2547a096aa589d178f2c3fad6bdb10b3bd695771(generated:0)
   at com.zaxxer.hikari.HikariDataSource.getConnection(HikariDataSource.java:112)
   at io.teaql.provider.jdbc.JdbcSqlExecutor.openConnection(JdbcSqlExecutor.java:39)
   at io.teaql.provider.jdbc.JdbcSqlExecutor.execute(JdbcSqlExecutor.java:323)
   at com.doublechaintech.liquidfilling.probe.ProbeOperations$IdDatabase.execute(ProbeOperations.java:111)
   at io.teaql.core.sql.portable.IdSpaceIdGenerator.ensureIdSpaceTable(IdSpaceIdGenerator.java:175)
   at com.doublechaintech.liquidfilling.probe.ProbeOperations.ensureDB(ProbeOperations.java:49)
   at io.teaql.benchmark.quarkus.ProbeResource.ensureDB(ProbeResource.java:12)
   at io.teaql.benchmark.quarkus.ProbeResource$quarkusrestinvoker$ensureDB_2afe31e11f819826ad97c5dc3a2ac29b45cb8f29.invoke(Unknown Source)
   at org.jboss.resteasy.reactive.server.handlers.InvocationHandler.handle(InvocationHandler.java:29)
   at io.quarkus.resteasy.reactive.server.runtime.QuarkusResteasyReactiveRequestContext.invokeHandler(QuarkusResteasyReactiveRequestContext.java:141)
   at org.jboss.resteasy.reactive.common.core.AbstractResteasyReactiveContext.run(AbstractResteasyReactiveContext.java:147)
   at org.jboss.resteasy.reactive.server.handlers.RestInitialHandler.beginProcessing(RestInitialHandler.java:48)
   at org.jboss.resteasy.reactive.server.vertx.ResteasyReactiveVertxHandler.handle(ResteasyReactiveVertxHandler.java:23)
   at org.jboss.resteasy.reactive.server.vertx.ResteasyReactiveVertxHandler.handle(ResteasyReactiveVertxHandler.java:10)
   at io.vertx.ext.web.impl.RouteState.handleFailure(RouteState.java:1291)
   at io.vertx.ext.web.impl.RoutingContextImplBase.iterateNext(RoutingContextImplBase.java:174)
   at io.vertx.ext.web.impl.RoutingContextImpl.next(RoutingContextImpl.java:137)
   at io.vertx.ext.web.impl.RoutingContextImpl.doFail(RoutingContextImpl.java:554)
   at io.vertx.ext.web.impl.RoutingContextImpl.fail(RoutingContextImpl.java:174)
   at io.vertx.ext.web.impl.RoutingContextImpl.<init>(RoutingContextImpl.java:86)
   at com.oracle.svm.core.code.FactoryMethodHolder.RoutingContextImpl_constructor_3f4ca635c84efddb3d0e63f69f404e1489a2aae9(generated:0)
   at io.vertx.ext.web.impl.RouterImpl.handle(RouterImpl.java:68)
   at io.vertx.ext.web.impl.RouterImpl.handle(RouterImpl.java:37)
   at io.vertx.mutiny.ext.web.Router.handle(Router.java:74)
   at io.vertx.mutiny.ext.web.Router.accept(Router.java:485)
   at io.vertx.mutiny.ext.web.Router.accept(Router.java:26)
   at java.util.stream.Streams$StreamBuilderImpl.tryAdvance(Streams.java:397)
   at java.util.stream.ReferencePipeline.forEachWithCancel(ReferencePipeline.java:129)
   at java.util.stream.AbstractPipeline.copyIntoWithCancel(AbstractPipeline.java:527)
   at java.util.stream.AbstractPipeline.copyInto(AbstractPipeline.java:513)
   at java.util.stream.ForEachOps$ForEachTask.compute(ForEachOps.java:291)
   at java.util.concurrent.CountedCompleter.exec(CountedCompleter.java:754)
   at java.util.concurrent.ForkJoinTask.doExec(ForkJoinTask.java:387)
   at java.util.concurrent.ForkJoinTask.invoke(ForkJoinTask.java:667)
   at java.util.stream.ForEachOps$ForEachOp.evaluateParallel(ForEachOps.java:160)
   at java.util.stream.ForEachOps$ForEachOp$OfRef.evaluateParallel(ForEachOps.java:174)
   at java.util.stream.AbstractPipeline.evaluate(AbstractPipeline.java:233)
   at java.util.stream.ReferencePipeline.collect(ReferencePipeline.java:682)
   at java.lang.reflect.Executable.sharedToString(Executable.java:123)
   at java.lang.reflect.Method.toString(Method.java:416)
   at com.oracle.svm.core.reflect.MissingReflectionRegistrationUtils.forQueriedOnlyExecutable(MissingReflectionRegistrationUtils.java:82)
   at com.oracle.svm.core.reflect.target.Target_java_lang_reflect_Method.acquireMethodAccessor(Target_java_lang_reflect_Method.java:77)
   at java.lang.reflect.Method.invoke(Method.java:577)
   at io.netty.util.internal.PlatformDependent0.<clinit>(PlatformDependent0.java:455)
   at static root method.(Unknown Source)

Detailed message:

	at org.graalvm.nativeimage.pointsto/com.oracle.graal.pointsto.constraints.UnsupportedFeatures.report(UnsupportedFeatures.java:126)
	at org.graalvm.nativeimage.builder/com.oracle.svm.hosted.NativeImageGenerator.runPointsToAnalysis(NativeImageGenerator.java:811)
	... 6 more
Caused by: com.oracle.graal.pointsto.constraints.UnresolvedElementException: Discovered unresolved type during parsing: com.codahale.metrics.MetricRegistry. This error is reported at image build time because class com.zaxxer.hikari.pool.HikariPool is registered for linking at image build time by command line and command line.
	at org.graalvm.nativeimage.builder/com.oracle.svm.hosted.phases.SharedGraphBuilderPhase$SharedBytecodeParser.reportUnresolvedElement(SharedGraphBuilderPhase.java:558)
	at org.graalvm.nativeimage.builder/com.oracle.svm.hosted.phases.SharedGraphBuilderPhase$SharedBytecodeParser.reportUnresolvedElement(SharedGraphBuilderPhase.java:552)
	at org.graalvm.nativeimage.builder/com.oracle.svm.hosted.phases.SharedGraphBuilderPhase$SharedBytecodeParser.handleUnresolvedType(SharedGraphBuilderPhase.java:444)
	at org.graalvm.nativeimage.builder/com.oracle.svm.hosted.phases.SharedGraphBuilderPhase$SharedBytecodeParser.handleUnresolvedCheckCast(SharedGraphBuilderPhase.java:346)
	at jdk.internal.vm.compiler/org.graalvm.compiler.java.BytecodeParser.genCheckCast(BytecodeParser.java:4450)
	at jdk.internal.vm.compiler/org.graalvm.compiler.java.BytecodeParser.genCheckCast(BytecodeParser.java:4443)
	at jdk.internal.vm.compiler/org.graalvm.compiler.java.BytecodeParser.processBytecode(BytecodeParser.java:5428)
	at jdk.internal.vm.compiler/org.graalvm.compiler.java.BytecodeParser.iterateBytecodesForBlock(BytecodeParser.java:3429)
	at org.graalvm.nativeimage.builder/com.oracle.svm.hosted.phases.SharedGraphBuilderPhase$SharedBytecodeParser.iterateBytecodesForBlock(SharedGraphBuilderPhase.java:751)
	at jdk.internal.vm.compiler/org.graalvm.compiler.java.BytecodeParser.handleBytecodeBlock(BytecodeParser.java:3389)
	at jdk.internal.vm.compiler/org.graalvm.compiler.java.BytecodeParser.processBlock(BytecodeParser.java:3231)
	at jdk.internal.vm.compiler/org.graalvm.compiler.java.BytecodeParser.build(BytecodeParser.java:1138)
	at org.graalvm.nativeimage.builder/com.oracle.svm.hosted.phases.SharedGraphBuilderPhase$SharedBytecodeParser.build(SharedGraphBuilderPhase.java:162)
	at jdk.internal.vm.compiler/org.graalvm.compiler.java.BytecodeParser.buildRootMethod(BytecodeParser.java:1030)
	at jdk.internal.vm.compiler/org.graalvm.compiler.java.GraphBuilderPhase$Instance.run(GraphBuilderPhase.java:101)
	at org.graalvm.nativeimage.builder/com.oracle.svm.hosted.phases.SharedGraphBuilderPhase.run(SharedGraphBuilderPhase.java:116)
	at jdk.internal.vm.compiler/org.graalvm.compiler.phases.Phase.run(Phase.java:49)
	at jdk.internal.vm.compiler/org.graalvm.compiler.phases.BasePhase.apply(BasePhase.java:434)
	at jdk.internal.vm.compiler/org.graalvm.compiler.phases.Phase.apply(Phase.java:42)
	at jdk.internal.vm.compiler/org.graalvm.compiler.phases.Phase.apply(Phase.java:38)
	at org.graalvm.nativeimage.pointsto/com.oracle.graal.pointsto.flow.AnalysisParsedGraph.parseBytecode(AnalysisParsedGraph.java:146)
	at org.graalvm.nativeimage.pointsto/com.oracle.graal.pointsto.meta.AnalysisMethod.parseGraph(AnalysisMethod.java:895)
	at org.graalvm.nativeimage.pointsto/com.oracle.graal.pointsto.meta.AnalysisMethod.ensureGraphParsedHelper(AnalysisMethod.java:860)
	at org.graalvm.nativeimage.pointsto/com.oracle.graal.pointsto.meta.AnalysisMethod.ensureGraphParsed(AnalysisMethod.java:843)
	at org.graalvm.nativeimage.pointsto/com.oracle.graal.pointsto.phases.InlineBeforeAnalysisGraphDecoder.lookupEncodedGraph(InlineBeforeAnalysisGraphDecoder.java:198)
	at jdk.internal.vm.compiler/org.graalvm.compiler.replacements.PEGraphDecoder.doInline(PEGraphDecoder.java:1211)
	at jdk.internal.vm.compiler/org.graalvm.compiler.replacements.PEGraphDecoder.tryInline(PEGraphDecoder.java:1194)
	at jdk.internal.vm.compiler/org.graalvm.compiler.replacements.PEGraphDecoder.trySimplifyInvoke(PEGraphDecoder.java:1049)
	at jdk.internal.vm.compiler/org.graalvm.compiler.replacements.PEGraphDecoder.handleInvokeWithCallTarget(PEGraphDecoder.java:1001)
	at jdk.internal.vm.compiler/org.graalvm.compiler.replacements.PEGraphDecoder.handleInvoke(PEGraphDecoder.java:987)
	at jdk.internal.vm.compiler/org.graalvm.compiler.nodes.GraphDecoder.processNextNode(GraphDecoder.java:921)
	at org.graalvm.nativeimage.pointsto/com.oracle.graal.pointsto.phases.InlineBeforeAnalysisGraphDecoder.processNextNode(InlineBeforeAnalysisGraphDecoder.java:378)
	at jdk.internal.vm.compiler/org.graalvm.compiler.nodes.GraphDecoder.decode(GraphDecoder.java:650)
	at jdk.internal.vm.compiler/org.graalvm.compiler.replacements.PEGraphDecoder.decode(PEGraphDecoder.java:892)
	at org.graalvm.nativeimage.pointsto/com.oracle.graal.pointsto.phases.InlineBeforeAnalysis.decodeGraph(InlineBeforeAnalysis.java:76)
	at org.graalvm.nativeimage.pointsto/com.oracle.graal.pointsto.flow.MethodTypeFlowBuilder.parse(MethodTypeFlowBuilder.java:195)
	at org.graalvm.nativeimage.pointsto/com.oracle.graal.pointsto.flow.MethodTypeFlowBuilder.apply(MethodTypeFlowBuilder.java:621)
	at org.graalvm.nativeimage.pointsto/com.oracle.graal.pointsto.flow.MethodTypeFlow.createFlowsGraph(MethodTypeFlow.java:167)
	at org.graalvm.nativeimage.pointsto/com.oracle.graal.pointsto.flow.MethodTypeFlow.ensureFlowsGraphCreated(MethodTypeFlow.java:153)
	at org.graalvm.nativeimage.pointsto/com.oracle.graal.pointsto.flow.MethodTypeFlow.getOrCreateMethodFlowsGraphInfo(MethodTypeFlow.java:111)
	at org.graalvm.nativeimage.pointsto/com.oracle.graal.pointsto.typestate.DefaultSpecialInvokeTypeFlow.lambda$onObservedUpdate$0(DefaultSpecialInvokeTypeFlow.java:88)
	at org.graalvm.nativeimage.pointsto/com.oracle.graal.pointsto.util.LightImmutableCollection.forEach(LightImmutableCollection.java:90)
	at org.graalvm.nativeimage.pointsto/com.oracle.graal.pointsto.typestate.DefaultSpecialInvokeTypeFlow.onObservedUpdate(DefaultSpecialInvokeTypeFlow.java:87)
	at org.graalvm.nativeimage.pointsto/com.oracle.graal.pointsto.flow.TypeFlow.update(TypeFlow.java:620)
	at org.graalvm.nativeimage.pointsto/com.oracle.graal.pointsto.PointsToAnalysis$1.run(PointsToAnalysis.java:491)
	at org.graalvm.nativeimage.pointsto/com.oracle.graal.pointsto.util.CompletionExecutor.executeCommand(CompletionExecutor.java:187)
	at org.graalvm.nativeimage.pointsto/com.oracle.graal.pointsto.util.CompletionExecutor.lambda$executeService$0(CompletionExecutor.java:171)
	at java.base/java.util.concurrent.ForkJoinTask$RunnableExecuteAction.exec(ForkJoinTask.java:1423)
	at java.base/java.util.concurrent.ForkJoinTask.doExec(ForkJoinTask.java:387)
	at java.base/java.util.concurrent.ForkJoinPool$WorkQueue.topLevelExec(ForkJoinPool.java:1310)
	at java.base/java.util.concurrent.ForkJoinPool.scan(ForkJoinPool.java:1841)
	at java.base/java.util.concurrent.ForkJoinPool.runWorker(ForkJoinPool.java:1806)
	at java.base/java.util.concurrent.ForkJoinWorkerThread.run(ForkJoinWorkerThread.java:188)
Caused by: com.oracle.graal.pointsto.constraints.UnresolvedElementException: Error loading a referenced type: java.lang.NoClassDefFoundError: com/codahale/metrics/MetricRegistry
	at org.graalvm.nativeimage.pointsto/com.oracle.graal.pointsto.infrastructure.WrappedConstantPool.loadReferencedType(WrappedConstantPool.java:101)
	at org.graalvm.nativeimage.pointsto/com.oracle.graal.pointsto.infrastructure.WrappedConstantPool.loadReferencedType(WrappedConstantPool.java:107)
	at org.graalvm.nativeimage.builder/com.oracle.svm.hosted.phases.SubstrateClassInitializationPlugin.loadReferencedType(SubstrateClassInitializationPlugin.java:58)
	at jdk.internal.vm.compiler/org.graalvm.compiler.java.BytecodeParser.loadReferenceType(BytecodeParser.java:4413)
	at jdk.internal.vm.compiler/org.graalvm.compiler.java.BytecodeParser.maybeEagerlyResolve(BytecodeParser.java:4395)
	at org.graalvm.nativeimage.builder/com.oracle.svm.hosted.phases.SharedGraphBuilderPhase$SharedBytecodeParser.maybeEagerlyResolve(SharedGraphBuilderPhase.java:247)
	at jdk.internal.vm.compiler/org.graalvm.compiler.java.BytecodeParser.lookupType(BytecodeParser.java:4321)
	at jdk.internal.vm.compiler/org.graalvm.compiler.java.BytecodeParser.genCheckCast(BytecodeParser.java:4441)
	... 47 more
Caused by: java.lang.NoClassDefFoundError: com/codahale/metrics/MetricRegistry
	at jdk.internal.vm.ci/jdk.vm.ci.hotspot.CompilerToVM.resolveTypeInPool(Native Method)
	at jdk.internal.vm.ci/jdk.vm.ci.hotspot.CompilerToVM.resolveTypeInPool(CompilerToVM.java:494)
	at jdk.internal.vm.ci/jdk.vm.ci.hotspot.HotSpotConstantPool.loadReferencedType(HotSpotConstantPool.java:960)
	at org.graalvm.nativeimage.pointsto/com.oracle.graal.pointsto.infrastructure.WrappedConstantPool.loadReferencedType(WrappedConstantPool.java:93)
	... 54 more
Caused by: java.lang.ClassNotFoundException: com.codahale.metrics.MetricRegistry
	at java.base/jdk.internal.loader.BuiltinClassLoader.loadClass(BuiltinClassLoader.java:641)
	at java.base/jdk.internal.loader.ClassLoaders$AppClassLoader.loadClass(ClassLoaders.java:188)
	at java.base/java.lang.ClassLoader.loadClass(ClassLoader.java:526)
	at org.graalvm.nativeimage.builder/com.oracle.svm.hosted.NativeImageClassLoader.loadClass(NativeImageClassLoader.java:637)
	at java.base/java.lang.ClassLoader.loadClass(ClassLoader.java:526)
	... 58 more
------------------------------------------------------------------------------------------------------------------------
                       8.2s (14.7% of total time) in 111 GCs | Peak RSS: 2.71GB | CPU load: 4.92
========================================================================================================================
Finished generating 'quarkus-probe-1-runner' in 54.7s.
Command exited with non-zero status 1
	Command being timed: "native-image -J-Xmx8g --parallelism=4 --no-fallback -march=compatibility @native-image.args"
	User time (seconds): 267.97
	System time (seconds): 6.98
	Percent of CPU this job got: 490%
	Elapsed (wall clock) time (h:mm:ss or m:ss): 0:56.04
	Average shared text size (kbytes): 0
	Average unshared data size (kbytes): 0
	Average stack size (kbytes): 0
	Average total size (kbytes): 0
	Maximum resident set size (kbytes): 2841332
	Average resident set size (kbytes): 0
	Major (requiring I/O) page faults: 162
	Minor (reclaiming a frame) page faults: 233635
	Voluntary context switches: 139735
	Involuntary context switches: 11801
	Swaps: 0
	File system inputs: 195968
	File system outputs: 3264
	Socket messages sent: 0
	Socket messages received: 0
	Signals delivered: 0
	Page size (bytes): 4096
	Exit status: 1
