Warning: The option '-H:ResourceConfigurationResources=META-INF/native-image/org.apache.tomcat.embed/tomcat-embed-core/tomcat-resource.json' is experimental and must be enabled via '-H:+UnlockExperimentalVMOptions' in the future.
Warning: The option '-H:ReflectionConfigurationResources=META-INF/native-image/org.apache.tomcat.embed/tomcat-embed-core/tomcat-reflection.json' is experimental and must be enabled via '-H:+UnlockExperimentalVMOptions' in the future.
Warning: The option '-H:ReflectionConfigurationResources=META-INF/native-image/org.apache.tomcat.embed/tomcat-embed-websocket/tomcat-reflection.json' is experimental and must be enabled via '-H:+UnlockExperimentalVMOptions' in the future.
Warning: The option '-H:ReflectionConfigurationResources=META-INF/native-image/org.apache.tomcat.embed/tomcat-embed-el/tomcat-reflection.json' is experimental and must be enabled via '-H:+UnlockExperimentalVMOptions' in the future.
Warning: The option '-H:ResourceConfigurationResources=META-INF/native-image/org.apache.tomcat.embed/tomcat-embed-el/tomcat-resource.json' is experimental and must be enabled via '-H:+UnlockExperimentalVMOptions' in the future.
Warning: The option '-H:ResourceConfigurationResources=META-INF/native-image/org.apache.tomcat.embed/tomcat-embed-websocket/tomcat-resource.json' is experimental and must be enabled via '-H:+UnlockExperimentalVMOptions' in the future.
Warning: Please re-evaluate whether any experimental option is required, and either remove or unlock it. The build output lists all active experimental options, including where they come from and possible alternatives. If you think an experimental option should be considered as stable, please file an issue.
Warning: Option 'DynamicProxyConfigurationResources' is deprecated and might be removed in a future release: This can be caused by a proxy-config.json file in your META-INF directory. Consider including proxy configuration in the reflection section of reachability-metadata.md instead.. Please refer to the GraalVM release notes.
========================================================================================================================
GraalVM Native Image: Generating 'standalone' (executable)...
========================================================================================================================
For detailed information and explanations on the build output, visit:
https://github.com/oracle/graal/blob/master/docs/reference-manual/native-image/BuildOutput.md
------------------------------------------------------------------------------------------------------------------------
[1/8] Initializing...                                                                                    (7.5s @ 0.18GB)
 Java version: 25.0.4+7-LTS, vendor version: Oracle GraalVM 25.0.4+7.1
 Graal compiler: optimization level: 2, target machine: compatibility, PGO: ML-inferred
 C compiler: gcc (linux, x86_64, 14.2.0)
 Garbage collector: Serial GC (max heap size: 80% of RAM)
 2 user-specific feature(s):
 - com.oracle.svm.thirdparty.gson.GsonFeature
 - org.springframework.aot.nativex.feature.PreComputeFieldFeature
------------------------------------------------------------------------------------------------------------------------
 2 experimental option(s) unlocked:
 - '-H:ResourceConfigurationResources' (origin(s): 'META-INF/native-image/org.apache.tomcat.embed/tomcat-embed-websocket/native-image.properties' in 'file:///home/philip/teaql-startup-benchmark/matched-six/modern/lib/tomcat-embed-websocket-10.1.16.jar', 'META-INF/native-image/org.apache.tomcat.embed/tomcat-embed-core/native-image.properties' in 'file:///home/philip/teaql-startup-benchmark/matched-six/modern/lib/tomcat-embed-core-10.1.16.jar', 'META-INF/native-image/org.apache.tomcat.embed/tomcat-embed-el/native-image.properties' in 'file:///home/philip/teaql-startup-benchmark/matched-six/modern/lib/tomcat-embed-el-10.1.16.jar')
 - '-H:ReflectionConfigurationResources' (origin(s): 'META-INF/native-image/org.apache.tomcat.embed/tomcat-embed-websocket/native-image.properties' in 'file:///home/philip/teaql-startup-benchmark/matched-six/modern/lib/tomcat-embed-websocket-10.1.16.jar', 'META-INF/native-image/org.apache.tomcat.embed/tomcat-embed-core/native-image.properties' in 'file:///home/philip/teaql-startup-benchmark/matched-six/modern/lib/tomcat-embed-core-10.1.16.jar', 'META-INF/native-image/org.apache.tomcat.embed/tomcat-embed-el/native-image.properties' in 'file:///home/philip/teaql-startup-benchmark/matched-six/modern/lib/tomcat-embed-el-10.1.16.jar')
------------------------------------------------------------------------------------------------------------------------
Build resources:
 - 7.64GB of memory (45.9% of system memory, set via '-Xmx8g')
 - 4 thread(s) (50.0% of 8 available processor(s), set via '--parallelism=4')
[2/8] Performing analysis...  [******]                                                                  (41.8s @ 1.34GB)
   11,087 types,  17,936 fields, and  60,235 methods found reachable
    3,987 types,     373 fields, and   3,412 methods registered for reflection
       63 types,      71 fields, and      55 methods registered for JNI access
        0 downcalls and 0 upcalls registered for foreign access
        4 native libraries: dl, pthread, rt, z
[3/8] Building universe...                                                                               (5.6s @ 1.51GB)
[4/8] Parsing methods...      [****]                                                                    (15.5s @ 1.75GB)
[5/8] Inlining methods...     [***]                                                                      (2.4s @ 1.87GB)
[6/8] Compiling methods...    [**********]                                                             (109.0s @ 2.89GB)
[7/8] Laying out methods...   [***]                                                                      (9.7s @ 1.92GB)
[8/8] Creating image...       [***]                                                                      (5.7s @ 2.15GB)
  31.86MB (51.53%) for code area:    34,599 compilation units
  24.51MB (39.64%) for image heap:  315,425 objects and 248 resources
   5.46MB ( 8.84%) for other data
  61.83MB in total image size, 58.85MB in total file size
------------------------------------------------------------------------------------------------------------------------
Top 10 origins of code area:                                Top 10 object types in image heap:
  12.63MB java.base                                            8.85MB byte[] for code metadata
   4.37MB svm.jar (Native Image)                               3.66MB byte[] for java.lang.String
   2.96MB java.xml                                             2.06MB java.lang.String
   2.29MB liquidfilling-core-297.jar                           1.63MB byte[] for general heap data
   1.53MB jackson-databind-2.22.3.jar                          1.46MB java.lang.Class
   1.53MB tomcat-embed-core-10.1.16.jar                        1.15MB com.oracle.svm.core.hub.DynamicHubCompanion
   1.17MB postgresql-42.6.0.jar                              481.89kB java.util.concurrent.ConcurrentHashMap$Node
 582.71kB jackson-core-2.22.3.jar                            392.38kB java.util.HashMap$Node
 421.25kB logback-core-1.4.11.jar                            390.99kB java.lang.Object[]
 383.84kB teaql-sql-portable-1.554-RELEASE.jar               328.18kB byte[] for reflection metadata
   3.43MB for 47 more packages                                 4.10MB for 2626 more object types
                            Use '--emit build-report' to create a report with more details.
------------------------------------------------------------------------------------------------------------------------
Security report:
 - Binary includes Java deserialization.
 - CycloneDX SBOM with 28 component(s) is embedded in binary (1.37kB). 3 type(s) could not be associated to a component.
 - Advanced obfuscation not enabled; enable with '-H:AdvancedObfuscation=""' (experimental support).
 - The log4j library has been detected, but the version is unavailable. Due to Log4Shell, please ensure log4j is at version 2.17.1 or later.
------------------------------------------------------------------------------------------------------------------------
Recommendations:
 PGO:  Use Profile-Guided Optimizations ('--pgo') for improved throughput.
 FUTR: Use '--future-defaults=all' to prepare for future releases.
 HEAP: Set max heap for improved and more predictable memory usage.
 QBM:  Use the quick build mode ('-Ob') to speed up builds during development.
------------------------------------------------------------------------------------------------------------------------
                       17.2s (8.5% of total time) in 2886 GCs | Peak RSS: 4.46GB | CPU load: 5.18
------------------------------------------------------------------------------------------------------------------------
Build artifacts:
 /home/philip/teaql-startup-benchmark/jdk25-27/native25/standalone/standalone (executable)
========================================================================================================================
Finished generating 'standalone' in 3m 20s.
	Command being timed: "native-image -J-Xmx8g --parallelism=4 --no-fallback -march=compatibility -O2 --gc=serial -H:ConfigurationFileDirectories=../common-config,agent-config --add-modules=jdk.httpserver -cp ../../../matched-six/modern/lib/* com.doublechaintech.liquidfilling.probe.StandaloneProbe standalone"
	User time (seconds): 1034.86
	System time (seconds): 10.03
	Percent of CPU this job got: 517%
	Elapsed (wall clock) time (h:mm:ss or m:ss): 3:21.85
	Average shared text size (kbytes): 0
	Average unshared data size (kbytes): 0
	Average stack size (kbytes): 0
	Average total size (kbytes): 0
	Maximum resident set size (kbytes): 4357036
	Average resident set size (kbytes): 0
	Major (requiring I/O) page faults: 20
	Minor (reclaiming a frame) page faults: 1360366
	Voluntary context switches: 423708
	Involuntary context switches: 57416
	Swaps: 0
	File system inputs: 3672
	File system outputs: 472760
	Socket messages sent: 0
	Socket messages received: 0
	Signals delivered: 0
	Page size (bytes): 4096
	Exit status: 0
