Standard Commons Logging discovery in action with spring-jcl: please remove commons-logging.jar from classpath in order to avoid potential conflicts

  .   ____          _            __ _ _
 /\\ / ___'_ __ _ _(_)_ __  __ _ \ \ \ \
( ( )\___ | '_ | '_| | '_ \/ _` | \ \ \ \
 \\/  ___)| |_)| | | | | || (_| |  ) ) ) )
  '  |____| .__|_| |_|_| |_\__, | / / / /
 =========|_|==============|___/=/_/_/_/
 :: Spring Boot ::                (v3.2.0)

2026-10-09 17:24:08,418-[]---INFO -App:50- Starting App v0.0.1-SNAPSHOT using Java 17.0.20.1 with PID 237536 (/home/philip/teaql-startup-benchmark/spring-baseline/app.jar started by philip in /home/philip/teaql-startup-benchmark/spring-baseline)
2026-10-09 17:24:08,423-[]---INFO -App:659- The following 1 profile is active: "benchmark"
2026-10-09 17:24:09,476-[]---INFO -RepositoryConfigurationDelegate:292- Multiple Spring Data modules found, entering strict repository configuration mode
2026-10-09 17:24:09,478-[]---INFO -RepositoryConfigurationDelegate:139- Bootstrapping Spring Data Redis repositories in DEFAULT mode.
2026-10-09 17:24:09,542-[]---INFO -RepositoryConfigurationDelegate:208- Finished Spring Data repository scanning in 43 ms. Found 0 Redis repository interfaces.
2026-10-09 17:24:10,573-[]---INFO -TomcatWebServer:108- Tomcat initialized with port 18880 (http)
2026-10-09 17:24:10,583-[]---INFO -StandardService:173- Starting service [Tomcat]
2026-10-09 17:24:10,583-[]---INFO -StandardEngine:173- Starting Servlet engine: [Apache Tomcat/10.1.16]
2026-10-09 17:24:10,628-[]---INFO -[/]:173- Initializing Spring embedded WebApplicationContext
2026-10-09 17:24:10,629-[]---INFO -ServletWebServerApplicationContext:296- Root WebApplicationContext: initialization completed in 2097 ms
Standard Commons Logging discovery in action with spring-jcl: please remove commons-logging.jar from classpath in order to avoid potential conflicts
2026-10-09 17:24:11,979-[]---INFO -Version:43- Redisson 3.43.0
2026-10-09 17:24:12,062-[]---WARN -SequentialDnsAddressResolverFactory:111- DNS TCP fallback on UDP query timeout disabled. Upgrade Netty to 4.1.105 or higher.
2026-10-09 17:24:12,232-[]---INFO -ConnectionsHolder:132- 1 connections initialized for 127.0.0.1/127.0.0.1:16379
2026-10-09 17:24:12,293-[]---INFO -ConnectionsHolder:132- 24 connections initialized for 127.0.0.1/127.0.0.1:16379
2026-10-09 17:24:12,970-[]---INFO -TomcatWebServer:221- Tomcat started on port 18880 (http) with context path ''
2026-10-09 17:24:12,993-[]---INFO -App:56- Started App in 5.251 seconds (process running for 5.783)
2026-10-09 17:24:13,125-[]---INFO -[/]:173- Initializing Spring DispatcherServlet 'dispatcherServlet'
2026-10-09 17:24:13,126-[]---INFO -DispatcherServlet:532- Initializing Servlet 'dispatcherServlet'
2026-10-09 17:24:13,128-[]---INFO -DispatcherServlet:554- Completed initialization in 2 ms
2026-10-09 17:24:13,225-[T2108488694178123776]---INFO -HikariDataSource:110- HikariPool-1 - Starting...
2026-10-09 17:24:13,378-[T2108488694178123776]---INFO -HikariPool:565- HikariPool-1 - Added connection org.postgresql.jdbc.PgConnection@74d37798
2026-10-09 17:24:13,379-[T2108488694178123776]---INFO -HikariDataSource:123- HikariPool-1 - Start completed.
2026-10-09 17:24:23,457-[]---INFO -HikariDataSource:350- HikariPool-1 - Shutdown initiated...
2026-10-09 17:24:23,462-[]---INFO -HikariDataSource:352- HikariPool-1 - Shutdown completed.
