Standard Commons Logging discovery in action with spring-jcl: please remove commons-logging.jar from classpath in order to avoid potential conflicts

  .   ____          _            __ _ _
 /\\ / ___'_ __ _ _(_)_ __  __ _ \ \ \ \
( ( )\___ | '_ | '_| | '_ \/ _` | \ \ \ \
 \\/  ___)| |_)| | | | | || (_| |  ) ) ) )
  '  |____| .__|_| |_|_| |_\__, | / / / /
 =========|_|==============|___/=/_/_/_/
 :: Spring Boot ::                (v3.2.0)

2026-10-09 17:21:59,208-[]---INFO -App:50- Starting App v0.0.1-SNAPSHOT using Java 17.0.20.1 with PID 235558 (/home/philip/teaql-startup-benchmark/spring-baseline/app.jar started by philip in /home/philip/teaql-startup-benchmark/spring-baseline)
2026-10-09 17:21:59,214-[]---INFO -App:659- The following 1 profile is active: "benchmark"
2026-10-09 17:22:00,293-[]---INFO -RepositoryConfigurationDelegate:292- Multiple Spring Data modules found, entering strict repository configuration mode
2026-10-09 17:22:00,295-[]---INFO -RepositoryConfigurationDelegate:139- Bootstrapping Spring Data Redis repositories in DEFAULT mode.
2026-10-09 17:22:00,347-[]---INFO -RepositoryConfigurationDelegate:208- Finished Spring Data repository scanning in 31 ms. Found 0 Redis repository interfaces.
2026-10-09 17:22:01,197-[]---INFO -TomcatWebServer:108- Tomcat initialized with port 18880 (http)
2026-10-09 17:22:01,206-[]---INFO -StandardService:173- Starting service [Tomcat]
2026-10-09 17:22:01,207-[]---INFO -StandardEngine:173- Starting Servlet engine: [Apache Tomcat/10.1.16]
2026-10-09 17:22:01,247-[]---INFO -[/]:173- Initializing Spring embedded WebApplicationContext
2026-10-09 17:22:01,248-[]---INFO -ServletWebServerApplicationContext:296- Root WebApplicationContext: initialization completed in 1932 ms
Standard Commons Logging discovery in action with spring-jcl: please remove commons-logging.jar from classpath in order to avoid potential conflicts
2026-10-09 17:22:02,577-[]---INFO -Version:43- Redisson 3.43.0
2026-10-09 17:22:02,657-[]---WARN -SequentialDnsAddressResolverFactory:111- DNS TCP fallback on UDP query timeout disabled. Upgrade Netty to 4.1.105 or higher.
2026-10-09 17:22:02,808-[]---INFO -ConnectionsHolder:132- 1 connections initialized for 127.0.0.1/127.0.0.1:16379
2026-10-09 17:22:02,871-[]---INFO -ConnectionsHolder:132- 24 connections initialized for 127.0.0.1/127.0.0.1:16379
2026-10-09 17:22:03,598-[]---INFO -TomcatWebServer:221- Tomcat started on port 18880 (http) with context path ''
2026-10-09 17:22:03,637-[]---INFO -App:56- Started App in 5.078 seconds (process running for 5.621)
2026-10-09 17:22:03,709-[]---INFO -[/]:173- Initializing Spring DispatcherServlet 'dispatcherServlet'
2026-10-09 17:22:03,710-[]---INFO -DispatcherServlet:532- Initializing Servlet 'dispatcherServlet'
2026-10-09 17:22:03,711-[]---INFO -DispatcherServlet:554- Completed initialization in 1 ms
2026-10-09 17:22:03,803-[T2108488151347113984]---INFO -HikariDataSource:110- HikariPool-1 - Starting...
2026-10-09 17:22:03,946-[T2108488151347113984]---INFO -HikariPool:565- HikariPool-1 - Added connection org.postgresql.jdbc.PgConnection@74d37798
2026-10-09 17:22:03,948-[T2108488151347113984]---INFO -HikariDataSource:123- HikariPool-1 - Start completed.
2026-10-09 17:22:14,024-[]---INFO -HikariDataSource:350- HikariPool-1 - Shutdown initiated...
2026-10-09 17:22:14,026-[]---INFO -HikariDataSource:352- HikariPool-1 - Shutdown completed.
