Started StandaloneProbe in 0.423 seconds
[TeaQL SQL][query][3464us] 1 rows returned outcome=success batchOutcome=not_applicable comment=what: locate generated Domain Root purpose=why: idempotent runtime bootstrap auditReason= tracePath=[0:OPERATION:Platform=query -> 1:REQUEST:Platform= -> 2:PROVIDER:postgresql= -> 3:SQL:select=] mutationLineage=[]
SQL: -- TeaQL PLAIN
SELECT id, create_time AS createTime, last_update_time AS lastUpdateTime, name, version FROM platform_data WHERE (version > 0) AND (id = 1) LIMIT 1000 OFFSET 0
[TeaQL SQL][query][925us] 1 rows returned outcome=success batchOutcome=not_applicable comment=what: locate generated constant purpose=why: idempotent runtime bootstrap auditReason= tracePath=[0:OPERATION:RequestType=query -> 1:REQUEST:RequestType= -> 2:PROVIDER:postgresql= -> 3:SQL:select=] mutationLineage=[]
SQL: -- TeaQL PLAIN
SELECT code, entrance_view AS entranceView, id, name, platform, version FROM request_type_data WHERE (version > 0) AND (id = 10001) LIMIT 1000 OFFSET 0
[TeaQL SQL][query][601us] 1 rows returned outcome=success batchOutcome=not_applicable comment=what: locate generated constant purpose=why: idempotent runtime bootstrap auditReason= tracePath=[0:OPERATION:RequestType=query -> 1:REQUEST:RequestType= -> 2:PROVIDER:postgresql= -> 3:SQL:select=] mutationLineage=[]
SQL: -- TeaQL PLAIN
SELECT code, entrance_view AS entranceView, id, name, platform, version FROM request_type_data WHERE (version > 0) AND (id = 10002) LIMIT 1000 OFFSET 0
[TeaQL SQL][query][514us] 1 rows returned outcome=success batchOutcome=not_applicable comment=what: locate generated constant purpose=why: idempotent runtime bootstrap auditReason= tracePath=[0:OPERATION:RequestType=query -> 1:REQUEST:RequestType= -> 2:PROVIDER:postgresql= -> 3:SQL:select=] mutationLineage=[]
SQL: -- TeaQL PLAIN
SELECT code, entrance_view AS entranceView, id, name, platform, version FROM request_type_data WHERE (version > 0) AND (id = 1) LIMIT 1000 OFFSET 0
[TeaQL SQL][query][479us] 1 rows returned outcome=success batchOutcome=not_applicable comment=what: locate generated constant purpose=why: idempotent runtime bootstrap auditReason= tracePath=[0:OPERATION:RequestType=query -> 1:REQUEST:RequestType= -> 2:PROVIDER:postgresql= -> 3:SQL:select=] mutationLineage=[]
SQL: -- TeaQL PLAIN
SELECT code, entrance_view AS entranceView, id, name, platform, version FROM request_type_data WHERE (version > 0) AND (id = 2) LIMIT 1000 OFFSET 0
[TeaQL SQL][query][515us] 1 rows returned outcome=success batchOutcome=not_applicable comment=what: locate generated constant purpose=why: idempotent runtime bootstrap auditReason= tracePath=[0:OPERATION:RequestType=query -> 1:REQUEST:RequestType= -> 2:PROVIDER:postgresql= -> 3:SQL:select=] mutationLineage=[]
SQL: -- TeaQL PLAIN
SELECT code, entrance_view AS entranceView, id, name, platform, version FROM request_type_data WHERE (version > 0) AND (id = 3) LIMIT 1000 OFFSET 0
[TeaQL SQL][query][434us] 1 rows returned outcome=success batchOutcome=not_applicable comment=what: locate generated constant purpose=why: idempotent runtime bootstrap auditReason= tracePath=[0:OPERATION:RequestType=query -> 1:REQUEST:RequestType= -> 2:PROVIDER:postgresql= -> 3:SQL:select=] mutationLineage=[]
SQL: -- TeaQL PLAIN
SELECT code, entrance_view AS entranceView, id, name, platform, version FROM request_type_data WHERE (version > 0) AND (id = 4) LIMIT 1000 OFFSET 0
[TeaQL SQL][query][436us] 1 rows returned outcome=success batchOutcome=not_applicable comment=what: locate generated constant purpose=why: idempotent runtime bootstrap auditReason= tracePath=[0:OPERATION:RequestType=query -> 1:REQUEST:RequestType= -> 2:PROVIDER:postgresql= -> 3:SQL:select=] mutationLineage=[]
SQL: -- TeaQL PLAIN
SELECT code, entrance_view AS entranceView, id, name, platform, version FROM request_type_data WHERE (version > 0) AND (id = 5) LIMIT 1000 OFFSET 0
[TeaQL SQL][query][413us] 1 rows returned outcome=success batchOutcome=not_applicable comment=what: locate generated constant purpose=why: idempotent runtime bootstrap auditReason= tracePath=[0:OPERATION:RequestType=query -> 1:REQUEST:RequestType= -> 2:PROVIDER:postgresql= -> 3:SQL:select=] mutationLineage=[]
SQL: -- TeaQL PLAIN
SELECT code, entrance_view AS entranceView, id, name, platform, version FROM request_type_data WHERE (version > 0) AND (id = 6) LIMIT 1000 OFFSET 0
[TeaQL SQL][query][461us] 1 rows returned outcome=success batchOutcome=not_applicable comment=what: locate generated constant purpose=why: idempotent runtime bootstrap auditReason= tracePath=[0:OPERATION:RequestType=query -> 1:REQUEST:RequestType= -> 2:PROVIDER:postgresql= -> 3:SQL:select=] mutationLineage=[]
SQL: -- TeaQL PLAIN
SELECT code, entrance_view AS entranceView, id, name, platform, version FROM request_type_data WHERE (version > 0) AND (id = 7) LIMIT 1000 OFFSET 0
[TeaQL SQL][query][556us] 1 rows returned outcome=success batchOutcome=not_applicable comment=what: locate generated constant purpose=why: idempotent runtime bootstrap auditReason= tracePath=[0:OPERATION:RequestType=query -> 1:REQUEST:RequestType= -> 2:PROVIDER:postgresql= -> 3:SQL:select=] mutationLineage=[]
SQL: -- TeaQL PLAIN
SELECT code, entrance_view AS entranceView, id, name, platform, version FROM request_type_data WHERE (version > 0) AND (id = 8) LIMIT 1000 OFFSET 0
[TeaQL SQL][query][489us] 1 rows returned outcome=success batchOutcome=not_applicable comment=what: locate generated constant purpose=why: idempotent runtime bootstrap auditReason= tracePath=[0:OPERATION:RequestType=query -> 1:REQUEST:RequestType= -> 2:PROVIDER:postgresql= -> 3:SQL:select=] mutationLineage=[]
SQL: -- TeaQL PLAIN
SELECT code, entrance_view AS entranceView, id, name, platform, version FROM request_type_data WHERE (version > 0) AND (id = 9) LIMIT 1000 OFFSET 0
[TeaQL SQL][query][357us] 1 rows returned outcome=success batchOutcome=not_applicable comment=what: locate generated constant purpose=why: idempotent runtime bootstrap auditReason= tracePath=[0:OPERATION:RequestType=query -> 1:REQUEST:RequestType= -> 2:PROVIDER:postgresql= -> 3:SQL:select=] mutationLineage=[]
SQL: -- TeaQL PLAIN
SELECT code, entrance_view AS entranceView, id, name, platform, version FROM request_type_data WHERE (version > 0) AND (id = 10) LIMIT 1000 OFFSET 0
[TeaQL SQL][query][340us] 1 rows returned outcome=success batchOutcome=not_applicable comment=what: locate generated constant purpose=why: idempotent runtime bootstrap auditReason= tracePath=[0:OPERATION:RequestType=query -> 1:REQUEST:RequestType= -> 2:PROVIDER:postgresql= -> 3:SQL:select=] mutationLineage=[]
SQL: -- TeaQL PLAIN
SELECT code, entrance_view AS entranceView, id, name, platform, version FROM request_type_data WHERE (version > 0) AND (id = 11) LIMIT 1000 OFFSET 0
[TeaQL SQL][query][373us] 1 rows returned outcome=success batchOutcome=not_applicable comment=what: locate generated constant purpose=why: idempotent runtime bootstrap auditReason= tracePath=[0:OPERATION:RequestType=query -> 1:REQUEST:RequestType= -> 2:PROVIDER:postgresql= -> 3:SQL:select=] mutationLineage=[]
SQL: -- TeaQL PLAIN
SELECT code, entrance_view AS entranceView, id, name, platform, version FROM request_type_data WHERE (version > 0) AND (id = 12) LIMIT 1000 OFFSET 0
[TeaQL SQL][query][811us] 1 rows returned outcome=success batchOutcome=not_applicable comment=what: locate generated constant purpose=why: idempotent runtime bootstrap auditReason= tracePath=[0:OPERATION:PermissionType=query -> 1:REQUEST:PermissionType= -> 2:PROVIDER:postgresql= -> 3:SQL:select=] mutationLineage=[]
SQL: -- TeaQL PLAIN
SELECT id, name, code, platform, version FROM permission_type_data WHERE (version > 0) AND (id = 1) LIMIT 1000 OFFSET 0
[TeaQL SQL][query][486us] 1 rows returned outcome=success batchOutcome=not_applicable comment=what: locate generated constant purpose=why: idempotent runtime bootstrap auditReason= tracePath=[0:OPERATION:PermissionType=query -> 1:REQUEST:PermissionType= -> 2:PROVIDER:postgresql= -> 3:SQL:select=] mutationLineage=[]
SQL: -- TeaQL PLAIN
SELECT id, name, code, platform, version FROM permission_type_data WHERE (version > 0) AND (id = 2) LIMIT 1000 OFFSET 0
[TeaQL SQL][query][464us] 1 rows returned outcome=success batchOutcome=not_applicable comment=what: locate generated constant purpose=why: idempotent runtime bootstrap auditReason= tracePath=[0:OPERATION:PermissionType=query -> 1:REQUEST:PermissionType= -> 2:PROVIDER:postgresql= -> 3:SQL:select=] mutationLineage=[]
SQL: -- TeaQL PLAIN
SELECT id, name, code, platform, version FROM permission_type_data WHERE (version > 0) AND (id = 3) LIMIT 1000 OFFSET 0
[TeaQL SQL][query][462us] 1 rows returned outcome=success batchOutcome=not_applicable comment=what: locate generated constant purpose=why: idempotent runtime bootstrap auditReason= tracePath=[0:OPERATION:PermissionType=query -> 1:REQUEST:PermissionType= -> 2:PROVIDER:postgresql= -> 3:SQL:select=] mutationLineage=[]
SQL: -- TeaQL PLAIN
SELECT id, name, code, platform, version FROM permission_type_data WHERE (version > 0) AND (id = 4) LIMIT 1000 OFFSET 0
[TeaQL SQL][query][475us] 1 rows returned outcome=success batchOutcome=not_applicable comment=what: locate generated constant purpose=why: idempotent runtime bootstrap auditReason= tracePath=[0:OPERATION:PermissionType=query -> 1:REQUEST:PermissionType= -> 2:PROVIDER:postgresql= -> 3:SQL:select=] mutationLineage=[]
SQL: -- TeaQL PLAIN
SELECT id, name, code, platform, version FROM permission_type_data WHERE (version > 0) AND (id = 5) LIMIT 1000 OFFSET 0
[TeaQL SQL][query][377us] 1 rows returned outcome=success batchOutcome=not_applicable comment=what: locate generated constant purpose=why: idempotent runtime bootstrap auditReason= tracePath=[0:OPERATION:PermissionType=query -> 1:REQUEST:PermissionType= -> 2:PROVIDER:postgresql= -> 3:SQL:select=] mutationLineage=[]
SQL: -- TeaQL PLAIN
SELECT id, name, code, platform, version FROM permission_type_data WHERE (version > 0) AND (id = 6) LIMIT 1000 OFFSET 0
[TeaQL SQL][query][1125us] 1 rows returned outcome=success batchOutcome=not_applicable comment=what: locate generated constant purpose=why: idempotent runtime bootstrap auditReason= tracePath=[0:OPERATION:MeasureUnit=query -> 1:REQUEST:MeasureUnit= -> 2:PROVIDER:postgresql= -> 3:SQL:select=] mutationLineage=[]
SQL: -- TeaQL PLAIN
SELECT id, name, code, platform, version FROM measure_unit_data WHERE (version > 0) AND (id = 1) LIMIT 1000 OFFSET 0
[TeaQL SQL][query][761us] 1 rows returned outcome=success batchOutcome=not_applicable comment=what: locate generated constant purpose=why: idempotent runtime bootstrap auditReason= tracePath=[0:OPERATION:MeasureUnit=query -> 1:REQUEST:MeasureUnit= -> 2:PROVIDER:postgresql= -> 3:SQL:select=] mutationLineage=[]
SQL: -- TeaQL PLAIN
SELECT id, name, code, platform, version FROM measure_unit_data WHERE (version > 0) AND (id = 2) LIMIT 1000 OFFSET 0
[TeaQL SQL][query][592us] 1 rows returned outcome=success batchOutcome=not_applicable comment=what: locate generated constant purpose=why: idempotent runtime bootstrap auditReason= tracePath=[0:OPERATION:MeasureUnit=query -> 1:REQUEST:MeasureUnit= -> 2:PROVIDER:postgresql= -> 3:SQL:select=] mutationLineage=[]
SQL: -- TeaQL PLAIN
SELECT id, name, code, platform, version FROM measure_unit_data WHERE (version > 0) AND (id = 3) LIMIT 1000 OFFSET 0
[TeaQL SQL][query][480us] 1 rows returned outcome=success batchOutcome=not_applicable comment=what: locate generated constant purpose=why: idempotent runtime bootstrap auditReason= tracePath=[0:OPERATION:MeasureUnit=query -> 1:REQUEST:MeasureUnit= -> 2:PROVIDER:postgresql= -> 3:SQL:select=] mutationLineage=[]
SQL: -- TeaQL PLAIN
SELECT id, name, code, platform, version FROM measure_unit_data WHERE (version > 0) AND (id = 4) LIMIT 1000 OFFSET 0
[TeaQL SQL][query][477us] 1 rows returned outcome=success batchOutcome=not_applicable comment=what: locate generated constant purpose=why: idempotent runtime bootstrap auditReason= tracePath=[0:OPERATION:MeasureUnit=query -> 1:REQUEST:MeasureUnit= -> 2:PROVIDER:postgresql= -> 3:SQL:select=] mutationLineage=[]
SQL: -- TeaQL PLAIN
SELECT id, name, code, platform, version FROM measure_unit_data WHERE (version > 0) AND (id = 5) LIMIT 1000 OFFSET 0
[TeaQL SQL][query][814us] 1 rows returned outcome=success batchOutcome=not_applicable comment=what: locate generated constant purpose=why: idempotent runtime bootstrap auditReason= tracePath=[0:OPERATION:AnalysisComponent=query -> 1:REQUEST:AnalysisComponent= -> 2:PROVIDER:postgresql= -> 3:SQL:select=] mutationLineage=[]
SQL: -- TeaQL PLAIN
SELECT id, name, code, platform, version FROM analysis_component_data WHERE (version > 0) AND (id = 1) LIMIT 1000 OFFSET 0
[TeaQL SQL][query][512us] 1 rows returned outcome=success batchOutcome=not_applicable comment=what: locate generated constant purpose=why: idempotent runtime bootstrap auditReason= tracePath=[0:OPERATION:AnalysisComponent=query -> 1:REQUEST:AnalysisComponent= -> 2:PROVIDER:postgresql= -> 3:SQL:select=] mutationLineage=[]
SQL: -- TeaQL PLAIN
SELECT id, name, code, platform, version FROM analysis_component_data WHERE (version > 0) AND (id = 2) LIMIT 1000 OFFSET 0
[TeaQL SQL][query][438us] 1 rows returned outcome=success batchOutcome=not_applicable comment=what: locate generated constant purpose=why: idempotent runtime bootstrap auditReason= tracePath=[0:OPERATION:AnalysisComponent=query -> 1:REQUEST:AnalysisComponent= -> 2:PROVIDER:postgresql= -> 3:SQL:select=] mutationLineage=[]
SQL: -- TeaQL PLAIN
SELECT id, name, code, platform, version FROM analysis_component_data WHERE (version > 0) AND (id = 3) LIMIT 1000 OFFSET 0
[TeaQL SQL][query][430us] 1 rows returned outcome=success batchOutcome=not_applicable comment=what: locate generated constant purpose=why: idempotent runtime bootstrap auditReason= tracePath=[0:OPERATION:AnalysisComponent=query -> 1:REQUEST:AnalysisComponent= -> 2:PROVIDER:postgresql= -> 3:SQL:select=] mutationLineage=[]
SQL: -- TeaQL PLAIN
SELECT id, name, code, platform, version FROM analysis_component_data WHERE (version > 0) AND (id = 4) LIMIT 1000 OFFSET 0
[TeaQL SQL][query][464us] 1 rows returned outcome=success batchOutcome=not_applicable comment=what: locate generated constant purpose=why: idempotent runtime bootstrap auditReason= tracePath=[0:OPERATION:AnalysisComponent=query -> 1:REQUEST:AnalysisComponent= -> 2:PROVIDER:postgresql= -> 3:SQL:select=] mutationLineage=[]
SQL: -- TeaQL PLAIN
SELECT id, name, code, platform, version FROM analysis_component_data WHERE (version > 0) AND (id = 5) LIMIT 1000 OFFSET 0
[TeaQL SQL][query][395us] 1 rows returned outcome=success batchOutcome=not_applicable comment=what: locate generated constant purpose=why: idempotent runtime bootstrap auditReason= tracePath=[0:OPERATION:AnalysisComponent=query -> 1:REQUEST:AnalysisComponent= -> 2:PROVIDER:postgresql= -> 3:SQL:select=] mutationLineage=[]
SQL: -- TeaQL PLAIN
SELECT id, name, code, platform, version FROM analysis_component_data WHERE (version > 0) AND (id = 6) LIMIT 1000 OFFSET 0
[TeaQL SQL][query][318us] 1 rows returned outcome=success batchOutcome=not_applicable comment=what: locate generated constant purpose=why: idempotent runtime bootstrap auditReason= tracePath=[0:OPERATION:AnalysisComponent=query -> 1:REQUEST:AnalysisComponent= -> 2:PROVIDER:postgresql= -> 3:SQL:select=] mutationLineage=[]
SQL: -- TeaQL PLAIN
SELECT id, name, code, platform, version FROM analysis_component_data WHERE (version > 0) AND (id = 7) LIMIT 1000 OFFSET 0
[TeaQL SQL][query][379us] 1 rows returned outcome=success batchOutcome=not_applicable comment=what: locate generated constant purpose=why: idempotent runtime bootstrap auditReason= tracePath=[0:OPERATION:AnalysisComponent=query -> 1:REQUEST:AnalysisComponent= -> 2:PROVIDER:postgresql= -> 3:SQL:select=] mutationLineage=[]
SQL: -- TeaQL PLAIN
SELECT id, name, code, platform, version FROM analysis_component_data WHERE (version > 0) AND (id = 8) LIMIT 1000 OFFSET 0
[TeaQL SQL][query][368us] 1 rows returned outcome=success batchOutcome=not_applicable comment=what: locate generated constant purpose=why: idempotent runtime bootstrap auditReason= tracePath=[0:OPERATION:AnalysisComponent=query -> 1:REQUEST:AnalysisComponent= -> 2:PROVIDER:postgresql= -> 3:SQL:select=] mutationLineage=[]
SQL: -- TeaQL PLAIN
SELECT id, name, code, platform, version FROM analysis_component_data WHERE (version > 0) AND (id = 9) LIMIT 1000 OFFSET 0
[TeaQL SQL][query][356us] 1 rows returned outcome=success batchOutcome=not_applicable comment=what: locate generated constant purpose=why: idempotent runtime bootstrap auditReason= tracePath=[0:OPERATION:AnalysisComponent=query -> 1:REQUEST:AnalysisComponent= -> 2:PROVIDER:postgresql= -> 3:SQL:select=] mutationLineage=[]
SQL: -- TeaQL PLAIN
SELECT id, name, code, platform, version FROM analysis_component_data WHERE (version > 0) AND (id = 10) LIMIT 1000 OFFSET 0
[TeaQL SQL][query][328us] 1 rows returned outcome=success batchOutcome=not_applicable comment=what: locate generated constant purpose=why: idempotent runtime bootstrap auditReason= tracePath=[0:OPERATION:AnalysisComponent=query -> 1:REQUEST:AnalysisComponent= -> 2:PROVIDER:postgresql= -> 3:SQL:select=] mutationLineage=[]
SQL: -- TeaQL PLAIN
SELECT id, name, code, platform, version FROM analysis_component_data WHERE (version > 0) AND (id = 11) LIMIT 1000 OFFSET 0
[TeaQL SQL][query][328us] 1 rows returned outcome=success batchOutcome=not_applicable comment=what: locate generated constant purpose=why: idempotent runtime bootstrap auditReason= tracePath=[0:OPERATION:AnalysisComponent=query -> 1:REQUEST:AnalysisComponent= -> 2:PROVIDER:postgresql= -> 3:SQL:select=] mutationLineage=[]
SQL: -- TeaQL PLAIN
SELECT id, name, code, platform, version FROM analysis_component_data WHERE (version > 0) AND (id = 12) LIMIT 1000 OFFSET 0
[TeaQL SQL][query][304us] 1 rows returned outcome=success batchOutcome=not_applicable comment=what: locate generated constant purpose=why: idempotent runtime bootstrap auditReason= tracePath=[0:OPERATION:AnalysisComponent=query -> 1:REQUEST:AnalysisComponent= -> 2:PROVIDER:postgresql= -> 3:SQL:select=] mutationLineage=[]
SQL: -- TeaQL PLAIN
SELECT id, name, code, platform, version FROM analysis_component_data WHERE (version > 0) AND (id = 13) LIMIT 1000 OFFSET 0
[TeaQL SQL][query][311us] 1 rows returned outcome=success batchOutcome=not_applicable comment=what: locate generated constant purpose=why: idempotent runtime bootstrap auditReason= tracePath=[0:OPERATION:AnalysisComponent=query -> 1:REQUEST:AnalysisComponent= -> 2:PROVIDER:postgresql= -> 3:SQL:select=] mutationLineage=[]
SQL: -- TeaQL PLAIN
SELECT id, name, code, platform, version FROM analysis_component_data WHERE (version > 0) AND (id = 14) LIMIT 1000 OFFSET 0
[TeaQL SQL][query][308us] 1 rows returned outcome=success batchOutcome=not_applicable comment=what: locate generated constant purpose=why: idempotent runtime bootstrap auditReason= tracePath=[0:OPERATION:AnalysisComponent=query -> 1:REQUEST:AnalysisComponent= -> 2:PROVIDER:postgresql= -> 3:SQL:select=] mutationLineage=[]
SQL: -- TeaQL PLAIN
SELECT id, name, code, platform, version FROM analysis_component_data WHERE (version > 0) AND (id = 15) LIMIT 1000 OFFSET 0
[TeaQL SQL][query][309us] 1 rows returned outcome=success batchOutcome=not_applicable comment=what: locate generated constant purpose=why: idempotent runtime bootstrap auditReason= tracePath=[0:OPERATION:AnalysisComponent=query -> 1:REQUEST:AnalysisComponent= -> 2:PROVIDER:postgresql= -> 3:SQL:select=] mutationLineage=[]
SQL: -- TeaQL PLAIN
SELECT id, name, code, platform, version FROM analysis_component_data WHERE (version > 0) AND (id = 16) LIMIT 1000 OFFSET 0
[TeaQL SQL][query][701us] 1 rows returned outcome=success batchOutcome=not_applicable comment=what: locate generated constant purpose=why: idempotent runtime bootstrap auditReason= tracePath=[0:OPERATION:AnalysisType=query -> 1:REQUEST:AnalysisType= -> 2:PROVIDER:postgresql= -> 3:SQL:select=] mutationLineage=[]
SQL: -- TeaQL PLAIN
SELECT id, name, code, platform, version FROM analysis_type_data WHERE (version > 0) AND (id = 10001) LIMIT 1000 OFFSET 0
[TeaQL SQL][query][438us] 1 rows returned outcome=success batchOutcome=not_applicable comment=what: locate generated constant purpose=why: idempotent runtime bootstrap auditReason= tracePath=[0:OPERATION:AnalysisType=query -> 1:REQUEST:AnalysisType= -> 2:PROVIDER:postgresql= -> 3:SQL:select=] mutationLineage=[]
SQL: -- TeaQL PLAIN
SELECT id, name, code, platform, version FROM analysis_type_data WHERE (version > 0) AND (id = 1) LIMIT 1000 OFFSET 0
[TeaQL SQL][query][410us] 1 rows returned outcome=success batchOutcome=not_applicable comment=what: locate generated constant purpose=why: idempotent runtime bootstrap auditReason= tracePath=[0:OPERATION:AnalysisType=query -> 1:REQUEST:AnalysisType= -> 2:PROVIDER:postgresql= -> 3:SQL:select=] mutationLineage=[]
SQL: -- TeaQL PLAIN
SELECT id, name, code, platform, version FROM analysis_type_data WHERE (version > 0) AND (id = 2) LIMIT 1000 OFFSET 0
[TeaQL SQL][query][464us] 1 rows returned outcome=success batchOutcome=not_applicable comment=what: locate generated constant purpose=why: idempotent runtime bootstrap auditReason= tracePath=[0:OPERATION:AnalysisType=query -> 1:REQUEST:AnalysisType= -> 2:PROVIDER:postgresql= -> 3:SQL:select=] mutationLineage=[]
SQL: -- TeaQL PLAIN
SELECT id, name, code, platform, version FROM analysis_type_data WHERE (version > 0) AND (id = 3) LIMIT 1000 OFFSET 0
[TeaQL SQL][query][435us] 1 rows returned outcome=success batchOutcome=not_applicable comment=what: locate generated constant purpose=why: idempotent runtime bootstrap auditReason= tracePath=[0:OPERATION:AnalysisType=query -> 1:REQUEST:AnalysisType= -> 2:PROVIDER:postgresql= -> 3:SQL:select=] mutationLineage=[]
SQL: -- TeaQL PLAIN
SELECT id, name, code, platform, version FROM analysis_type_data WHERE (version > 0) AND (id = 4) LIMIT 1000 OFFSET 0
[TeaQL SQL][query][726us] 1 rows returned outcome=success batchOutcome=not_applicable comment=what: locate generated constant purpose=why: idempotent runtime bootstrap auditReason= tracePath=[0:OPERATION:CertificationType=query -> 1:REQUEST:CertificationType= -> 2:PROVIDER:postgresql= -> 3:SQL:select=] mutationLineage=[]
SQL: -- TeaQL PLAIN
SELECT id, name, code, platform, version FROM certification_type_data WHERE (version > 0) AND (id = 1001) LIMIT 1000 OFFSET 0
[TeaQL SQL][query][480us] 1 rows returned outcome=success batchOutcome=not_applicable comment=what: locate generated constant purpose=why: idempotent runtime bootstrap auditReason= tracePath=[0:OPERATION:CertificationType=query -> 1:REQUEST:CertificationType= -> 2:PROVIDER:postgresql= -> 3:SQL:select=] mutationLineage=[]
SQL: -- TeaQL PLAIN
SELECT id, name, code, platform, version FROM certification_type_data WHERE (version > 0) AND (id = 1002) LIMIT 1000 OFFSET 0
[TeaQL SQL][query][722us] 1 rows returned outcome=success batchOutcome=not_applicable comment=what: locate generated constant purpose=why: idempotent runtime bootstrap auditReason= tracePath=[0:OPERATION:TruckStatus=query -> 1:REQUEST:TruckStatus= -> 2:PROVIDER:postgresql= -> 3:SQL:select=] mutationLineage=[]
SQL: -- TeaQL PLAIN
SELECT id, name, code, platform, version FROM truck_status_data WHERE (version > 0) AND (id = 1001) LIMIT 1000 OFFSET 0
[TeaQL SQL][query][541us] 1 rows returned outcome=success batchOutcome=not_applicable comment=what: locate generated constant purpose=why: idempotent runtime bootstrap auditReason= tracePath=[0:OPERATION:TruckStatus=query -> 1:REQUEST:TruckStatus= -> 2:PROVIDER:postgresql= -> 3:SQL:select=] mutationLineage=[]
SQL: -- TeaQL PLAIN
SELECT id, name, code, platform, version FROM truck_status_data WHERE (version > 0) AND (id = 1002) LIMIT 1000 OFFSET 0
[TeaQL SQL][query][993us] 1 rows returned outcome=success batchOutcome=not_applicable comment=what: locate generated constant purpose=why: idempotent runtime bootstrap auditReason= tracePath=[0:OPERATION:AttachmentType=query -> 1:REQUEST:AttachmentType= -> 2:PROVIDER:postgresql= -> 3:SQL:select=] mutationLineage=[]
SQL: -- TeaQL PLAIN
SELECT id, name, code, platform, version FROM attachment_type_data WHERE (version > 0) AND (id = 1001) LIMIT 1000 OFFSET 0
[TeaQL SQL][query][632us] 1 rows returned outcome=success batchOutcome=not_applicable comment=what: locate generated constant purpose=why: idempotent runtime bootstrap auditReason= tracePath=[0:OPERATION:AttachmentType=query -> 1:REQUEST:AttachmentType= -> 2:PROVIDER:postgresql= -> 3:SQL:select=] mutationLineage=[]
SQL: -- TeaQL PLAIN
SELECT id, name, code, platform, version FROM attachment_type_data WHERE (version > 0) AND (id = 1002) LIMIT 1000 OFFSET 0
[TeaQL SQL][query][630us] 1 rows returned outcome=success batchOutcome=not_applicable comment=what: locate generated constant purpose=why: idempotent runtime bootstrap auditReason= tracePath=[0:OPERATION:AttachmentType=query -> 1:REQUEST:AttachmentType= -> 2:PROVIDER:postgresql= -> 3:SQL:select=] mutationLineage=[]
SQL: -- TeaQL PLAIN
SELECT id, name, code, platform, version FROM attachment_type_data WHERE (version > 0) AND (id = 1003) LIMIT 1000 OFFSET 0
[TeaQL SQL][query][742us] 1 rows returned outcome=success batchOutcome=not_applicable comment=what: locate generated constant purpose=why: idempotent runtime bootstrap auditReason= tracePath=[0:OPERATION:SubTaskStatus=query -> 1:REQUEST:SubTaskStatus= -> 2:PROVIDER:postgresql= -> 3:SQL:select=] mutationLineage=[]
SQL: -- TeaQL PLAIN
SELECT id, name, code, platform, version FROM sub_task_status_data WHERE (version > 0) AND (id = 1001) LIMIT 1000 OFFSET 0
[TeaQL SQL][query][544us] 1 rows returned outcome=success batchOutcome=not_applicable comment=what: locate generated constant purpose=why: idempotent runtime bootstrap auditReason= tracePath=[0:OPERATION:SubTaskStatus=query -> 1:REQUEST:SubTaskStatus= -> 2:PROVIDER:postgresql= -> 3:SQL:select=] mutationLineage=[]
SQL: -- TeaQL PLAIN
SELECT id, name, code, platform, version FROM sub_task_status_data WHERE (version > 0) AND (id = 1002) LIMIT 1000 OFFSET 0
[TeaQL SQL][query][514us] 1 rows returned outcome=success batchOutcome=not_applicable comment=what: locate generated constant purpose=why: idempotent runtime bootstrap auditReason= tracePath=[0:OPERATION:SubTaskStatus=query -> 1:REQUEST:SubTaskStatus= -> 2:PROVIDER:postgresql= -> 3:SQL:select=] mutationLineage=[]
SQL: -- TeaQL PLAIN
SELECT id, name, code, platform, version FROM sub_task_status_data WHERE (version > 0) AND (id = 1003) LIMIT 1000 OFFSET 0
[TeaQL SQL][query][482us] 1 rows returned outcome=success batchOutcome=not_applicable comment=what: locate generated constant purpose=why: idempotent runtime bootstrap auditReason= tracePath=[0:OPERATION:SubTaskStatus=query -> 1:REQUEST:SubTaskStatus= -> 2:PROVIDER:postgresql= -> 3:SQL:select=] mutationLineage=[]
SQL: -- TeaQL PLAIN
SELECT id, name, code, platform, version FROM sub_task_status_data WHERE (version > 0) AND (id = 1004) LIMIT 1000 OFFSET 0
[TeaQL SQL][query][479us] 1 rows returned outcome=success batchOutcome=not_applicable comment=what: locate generated constant purpose=why: idempotent runtime bootstrap auditReason= tracePath=[0:OPERATION:SubTaskStatus=query -> 1:REQUEST:SubTaskStatus= -> 2:PROVIDER:postgresql= -> 3:SQL:select=] mutationLineage=[]
SQL: -- TeaQL PLAIN
SELECT id, name, code, platform, version FROM sub_task_status_data WHERE (version > 0) AND (id = 1005) LIMIT 1000 OFFSET 0
[TeaQL SQL][query][754us] 1 rows returned outcome=success batchOutcome=not_applicable comment=what: locate generated constant purpose=why: idempotent runtime bootstrap auditReason= tracePath=[0:OPERATION:TaskStatus=query -> 1:REQUEST:TaskStatus= -> 2:PROVIDER:postgresql= -> 3:SQL:select=] mutationLineage=[]
SQL: -- TeaQL PLAIN
SELECT id, name, code, platform, version FROM task_status_data WHERE (version > 0) AND (id = 1001) LIMIT 1000 OFFSET 0
[TeaQL SQL][query][480us] 1 rows returned outcome=success batchOutcome=not_applicable comment=what: locate generated constant purpose=why: idempotent runtime bootstrap auditReason= tracePath=[0:OPERATION:TaskStatus=query -> 1:REQUEST:TaskStatus= -> 2:PROVIDER:postgresql= -> 3:SQL:select=] mutationLineage=[]
SQL: -- TeaQL PLAIN
SELECT id, name, code, platform, version FROM task_status_data WHERE (version > 0) AND (id = 1002) LIMIT 1000 OFFSET 0
[TeaQL SQL][query][482us] 1 rows returned outcome=success batchOutcome=not_applicable comment=what: locate generated constant purpose=why: idempotent runtime bootstrap auditReason= tracePath=[0:OPERATION:TaskStatus=query -> 1:REQUEST:TaskStatus= -> 2:PROVIDER:postgresql= -> 3:SQL:select=] mutationLineage=[]
SQL: -- TeaQL PLAIN
SELECT id, name, code, platform, version FROM task_status_data WHERE (version > 0) AND (id = 1003) LIMIT 1000 OFFSET 0
[TeaQL SQL][query][554us] 1 rows returned outcome=success batchOutcome=not_applicable comment=what: locate generated constant purpose=why: idempotent runtime bootstrap auditReason= tracePath=[0:OPERATION:TaskStatus=query -> 1:REQUEST:TaskStatus= -> 2:PROVIDER:postgresql= -> 3:SQL:select=] mutationLineage=[]
SQL: -- TeaQL PLAIN
SELECT id, name, code, platform, version FROM task_status_data WHERE (version > 0) AND (id = 1004) LIMIT 1000 OFFSET 0
[TeaQL SQL][query][581us] 1 rows returned outcome=success batchOutcome=not_applicable comment=what: locate generated constant purpose=why: idempotent runtime bootstrap auditReason= tracePath=[0:OPERATION:TaskStatus=query -> 1:REQUEST:TaskStatus= -> 2:PROVIDER:postgresql= -> 3:SQL:select=] mutationLineage=[]
SQL: -- TeaQL PLAIN
SELECT id, name, code, platform, version FROM task_status_data WHERE (version > 0) AND (id = 1005) LIMIT 1000 OFFSET 0
[TeaQL SQL][query][475us] 1 rows returned outcome=success batchOutcome=not_applicable comment=what: locate generated constant purpose=why: idempotent runtime bootstrap auditReason= tracePath=[0:OPERATION:TaskStatus=query -> 1:REQUEST:TaskStatus= -> 2:PROVIDER:postgresql= -> 3:SQL:select=] mutationLineage=[]
SQL: -- TeaQL PLAIN
SELECT id, name, code, platform, version FROM task_status_data WHERE (version > 0) AND (id = 10001) LIMIT 1000 OFFSET 0
[TeaQL SQL][query][489us] 1 rows returned outcome=success batchOutcome=not_applicable comment=what: locate generated constant purpose=why: idempotent runtime bootstrap auditReason= tracePath=[0:OPERATION:TaskStatus=query -> 1:REQUEST:TaskStatus= -> 2:PROVIDER:postgresql= -> 3:SQL:select=] mutationLineage=[]
SQL: -- TeaQL PLAIN
SELECT id, name, code, platform, version FROM task_status_data WHERE (version > 0) AND (id = 10002) LIMIT 1000 OFFSET 0
[TeaQL SQL][query][533us] 1 rows returned outcome=success batchOutcome=not_applicable comment=what: locate generated constant purpose=why: idempotent runtime bootstrap auditReason= tracePath=[0:OPERATION:TaskStatus=query -> 1:REQUEST:TaskStatus= -> 2:PROVIDER:postgresql= -> 3:SQL:select=] mutationLineage=[]
SQL: -- TeaQL PLAIN
SELECT id, name, code, platform, version FROM task_status_data WHERE (version > 0) AND (id = 1) LIMIT 1000 OFFSET 0
[TeaQL SQL][query][501us] 1 rows returned outcome=success batchOutcome=not_applicable comment=what: locate generated constant purpose=why: idempotent runtime bootstrap auditReason= tracePath=[0:OPERATION:TaskStatus=query -> 1:REQUEST:TaskStatus= -> 2:PROVIDER:postgresql= -> 3:SQL:select=] mutationLineage=[]
SQL: -- TeaQL PLAIN
SELECT id, name, code, platform, version FROM task_status_data WHERE (version > 0) AND (id = 2) LIMIT 1000 OFFSET 0
[TeaQL SQL][query][428us] 1 rows returned outcome=success batchOutcome=not_applicable comment=what: locate generated constant purpose=why: idempotent runtime bootstrap auditReason= tracePath=[0:OPERATION:TaskStatus=query -> 1:REQUEST:TaskStatus= -> 2:PROVIDER:postgresql= -> 3:SQL:select=] mutationLineage=[]
SQL: -- TeaQL PLAIN
SELECT id, name, code, platform, version FROM task_status_data WHERE (version > 0) AND (id = 3) LIMIT 1000 OFFSET 0
[TeaQL SQL][query][419us] 1 rows returned outcome=success batchOutcome=not_applicable comment=what: locate generated constant purpose=why: idempotent runtime bootstrap auditReason= tracePath=[0:OPERATION:TaskStatus=query -> 1:REQUEST:TaskStatus= -> 2:PROVIDER:postgresql= -> 3:SQL:select=] mutationLineage=[]
SQL: -- TeaQL PLAIN
SELECT id, name, code, platform, version FROM task_status_data WHERE (version > 0) AND (id = 4) LIMIT 1000 OFFSET 0
[TeaQL SQL][query][399us] 1 rows returned outcome=success batchOutcome=not_applicable comment=what: locate generated constant purpose=why: idempotent runtime bootstrap auditReason= tracePath=[0:OPERATION:TaskStatus=query -> 1:REQUEST:TaskStatus= -> 2:PROVIDER:postgresql= -> 3:SQL:select=] mutationLineage=[]
SQL: -- TeaQL PLAIN
SELECT id, name, code, platform, version FROM task_status_data WHERE (version > 0) AND (id = 5) LIMIT 1000 OFFSET 0
[TeaQL SQL][query][926us] 1 rows returned outcome=success batchOutcome=not_applicable comment=what: locate generated constant purpose=why: idempotent runtime bootstrap auditReason= tracePath=[0:OPERATION:TaskType=query -> 1:REQUEST:TaskType= -> 2:PROVIDER:postgresql= -> 3:SQL:select=] mutationLineage=[]
SQL: -- TeaQL PLAIN
SELECT id, name, code, platform, version FROM task_type_data WHERE (version > 0) AND (id = 1) LIMIT 1000 OFFSET 0
[TeaQL SQL][query][608us] 1 rows returned outcome=success batchOutcome=not_applicable comment=what: locate generated constant purpose=why: idempotent runtime bootstrap auditReason= tracePath=[0:OPERATION:TaskType=query -> 1:REQUEST:TaskType= -> 2:PROVIDER:postgresql= -> 3:SQL:select=] mutationLineage=[]
SQL: -- TeaQL PLAIN
SELECT id, name, code, platform, version FROM task_type_data WHERE (version > 0) AND (id = 2) LIMIT 1000 OFFSET 0
[TeaQL SQL][query][556us] 1 rows returned outcome=success batchOutcome=not_applicable comment=what: locate generated constant purpose=why: idempotent runtime bootstrap auditReason= tracePath=[0:OPERATION:TaskType=query -> 1:REQUEST:TaskType= -> 2:PROVIDER:postgresql= -> 3:SQL:select=] mutationLineage=[]
SQL: -- TeaQL PLAIN
SELECT id, name, code, platform, version FROM task_type_data WHERE (version > 0) AND (id = 3) LIMIT 1000 OFFSET 0
[TeaQL SQL][query][704us] 1 rows returned outcome=success batchOutcome=not_applicable comment=what: locate generated constant purpose=why: idempotent runtime bootstrap auditReason= tracePath=[0:OPERATION:TaskType=query -> 1:REQUEST:TaskType= -> 2:PROVIDER:postgresql= -> 3:SQL:select=] mutationLineage=[]
SQL: -- TeaQL PLAIN
SELECT id, name, code, platform, version FROM task_type_data WHERE (version > 0) AND (id = 4) LIMIT 1000 OFFSET 0
[TeaQL SQL][query][559us] 1 rows returned outcome=success batchOutcome=not_applicable comment=what: locate generated constant purpose=why: idempotent runtime bootstrap auditReason= tracePath=[0:OPERATION:TaskType=query -> 1:REQUEST:TaskType= -> 2:PROVIDER:postgresql= -> 3:SQL:select=] mutationLineage=[]
SQL: -- TeaQL PLAIN
SELECT id, name, code, platform, version FROM task_type_data WHERE (version > 0) AND (id = 5) LIMIT 1000 OFFSET 0
[TeaQL SQL][query][443us] 1 rows returned outcome=success batchOutcome=not_applicable comment=what: locate generated constant purpose=why: idempotent runtime bootstrap auditReason= tracePath=[0:OPERATION:TaskType=query -> 1:REQUEST:TaskType= -> 2:PROVIDER:postgresql= -> 3:SQL:select=] mutationLineage=[]
SQL: -- TeaQL PLAIN
SELECT id, name, code, platform, version FROM task_type_data WHERE (version > 0) AND (id = 6) LIMIT 1000 OFFSET 0
[TeaQL SQL][query][462us] 1 rows returned outcome=success batchOutcome=not_applicable comment=what: locate generated constant purpose=why: idempotent runtime bootstrap auditReason= tracePath=[0:OPERATION:TaskType=query -> 1:REQUEST:TaskType= -> 2:PROVIDER:postgresql= -> 3:SQL:select=] mutationLineage=[]
SQL: -- TeaQL PLAIN
SELECT id, name, code, platform, version FROM task_type_data WHERE (version > 0) AND (id = 7) LIMIT 1000 OFFSET 0
[TeaQL SQL][query][398us] 1 rows returned outcome=success batchOutcome=not_applicable comment=what: locate generated constant purpose=why: idempotent runtime bootstrap auditReason= tracePath=[0:OPERATION:TaskType=query -> 1:REQUEST:TaskType= -> 2:PROVIDER:postgresql= -> 3:SQL:select=] mutationLineage=[]
SQL: -- TeaQL PLAIN
SELECT id, name, code, platform, version FROM task_type_data WHERE (version > 0) AND (id = 8) LIMIT 1000 OFFSET 0
[TeaQL SQL][query][415us] 1 rows returned outcome=success batchOutcome=not_applicable comment=what: locate generated constant purpose=why: idempotent runtime bootstrap auditReason= tracePath=[0:OPERATION:TaskType=query -> 1:REQUEST:TaskType= -> 2:PROVIDER:postgresql= -> 3:SQL:select=] mutationLineage=[]
SQL: -- TeaQL PLAIN
SELECT id, name, code, platform, version FROM task_type_data WHERE (version > 0) AND (id = 10) LIMIT 1000 OFFSET 0
[TeaQL SQL][query][873us] 1 rows returned outcome=success batchOutcome=not_applicable comment=what: locate generated constant purpose=why: idempotent runtime bootstrap auditReason= tracePath=[0:OPERATION:ProductStatus=query -> 1:REQUEST:ProductStatus= -> 2:PROVIDER:postgresql= -> 3:SQL:select=] mutationLineage=[]
SQL: -- TeaQL PLAIN
SELECT id, name, code, platform, version FROM product_status_data WHERE (version > 0) AND (id = 1) LIMIT 1000 OFFSET 0
[TeaQL SQL][query][601us] 1 rows returned outcome=success batchOutcome=not_applicable comment=what: locate generated constant purpose=why: idempotent runtime bootstrap auditReason= tracePath=[0:OPERATION:ProductStatus=query -> 1:REQUEST:ProductStatus= -> 2:PROVIDER:postgresql= -> 3:SQL:select=] mutationLineage=[]
SQL: -- TeaQL PLAIN
SELECT id, name, code, platform, version FROM product_status_data WHERE (version > 0) AND (id = 2) LIMIT 1000 OFFSET 0
[TeaQL SQL][query][985us] 1 rows returned outcome=success batchOutcome=not_applicable comment=what: locate generated Domain Root purpose=why: idempotent runtime bootstrap auditReason= tracePath=[0:OPERATION:Platform=query -> 1:REQUEST:Platform= -> 2:PROVIDER:postgresql= -> 3:SQL:select=] mutationLineage=[]
SQL: -- TeaQL PLAIN
SELECT id, create_time AS createTime, last_update_time AS lastUpdateTime, name, version FROM platform_data WHERE (version > 0) AND (id = 1) LIMIT 1000 OFFSET 0
[TeaQL SQL][query][355us] 1 rows returned outcome=success batchOutcome=not_applicable comment=what: locate generated constant purpose=why: idempotent runtime bootstrap auditReason= tracePath=[0:OPERATION:RequestType=query -> 1:REQUEST:RequestType= -> 2:PROVIDER:postgresql= -> 3:SQL:select=] mutationLineage=[]
SQL: -- TeaQL PLAIN
SELECT code, entrance_view AS entranceView, id, name, platform, version FROM request_type_data WHERE (version > 0) AND (id = 10001) LIMIT 1000 OFFSET 0
[TeaQL SQL][query][313us] 1 rows returned outcome=success batchOutcome=not_applicable comment=what: locate generated constant purpose=why: idempotent runtime bootstrap auditReason= tracePath=[0:OPERATION:RequestType=query -> 1:REQUEST:RequestType= -> 2:PROVIDER:postgresql= -> 3:SQL:select=] mutationLineage=[]
SQL: -- TeaQL PLAIN
SELECT code, entrance_view AS entranceView, id, name, platform, version FROM request_type_data WHERE (version > 0) AND (id = 10002) LIMIT 1000 OFFSET 0
[TeaQL SQL][query][316us] 1 rows returned outcome=success batchOutcome=not_applicable comment=what: locate generated constant purpose=why: idempotent runtime bootstrap auditReason= tracePath=[0:OPERATION:RequestType=query -> 1:REQUEST:RequestType= -> 2:PROVIDER:postgresql= -> 3:SQL:select=] mutationLineage=[]
SQL: -- TeaQL PLAIN
SELECT code, entrance_view AS entranceView, id, name, platform, version FROM request_type_data WHERE (version > 0) AND (id = 1) LIMIT 1000 OFFSET 0
[TeaQL SQL][query][330us] 1 rows returned outcome=success batchOutcome=not_applicable comment=what: locate generated constant purpose=why: idempotent runtime bootstrap auditReason= tracePath=[0:OPERATION:RequestType=query -> 1:REQUEST:RequestType= -> 2:PROVIDER:postgresql= -> 3:SQL:select=] mutationLineage=[]
SQL: -- TeaQL PLAIN
SELECT code, entrance_view AS entranceView, id, name, platform, version FROM request_type_data WHERE (version > 0) AND (id = 2) LIMIT 1000 OFFSET 0
[TeaQL SQL][query][327us] 1 rows returned outcome=success batchOutcome=not_applicable comment=what: locate generated constant purpose=why: idempotent runtime bootstrap auditReason= tracePath=[0:OPERATION:RequestType=query -> 1:REQUEST:RequestType= -> 2:PROVIDER:postgresql= -> 3:SQL:select=] mutationLineage=[]
SQL: -- TeaQL PLAIN
SELECT code, entrance_view AS entranceView, id, name, platform, version FROM request_type_data WHERE (version > 0) AND (id = 3) LIMIT 1000 OFFSET 0
[TeaQL SQL][query][313us] 1 rows returned outcome=success batchOutcome=not_applicable comment=what: locate generated constant purpose=why: idempotent runtime bootstrap auditReason= tracePath=[0:OPERATION:RequestType=query -> 1:REQUEST:RequestType= -> 2:PROVIDER:postgresql= -> 3:SQL:select=] mutationLineage=[]
SQL: -- TeaQL PLAIN
SELECT code, entrance_view AS entranceView, id, name, platform, version FROM request_type_data WHERE (version > 0) AND (id = 4) LIMIT 1000 OFFSET 0
[TeaQL SQL][query][285us] 1 rows returned outcome=success batchOutcome=not_applicable comment=what: locate generated constant purpose=why: idempotent runtime bootstrap auditReason= tracePath=[0:OPERATION:RequestType=query -> 1:REQUEST:RequestType= -> 2:PROVIDER:postgresql= -> 3:SQL:select=] mutationLineage=[]
SQL: -- TeaQL PLAIN
SELECT code, entrance_view AS entranceView, id, name, platform, version FROM request_type_data WHERE (version > 0) AND (id = 5) LIMIT 1000 OFFSET 0
[TeaQL SQL][query][303us] 1 rows returned outcome=success batchOutcome=not_applicable comment=what: locate generated constant purpose=why: idempotent runtime bootstrap auditReason= tracePath=[0:OPERATION:RequestType=query -> 1:REQUEST:RequestType= -> 2:PROVIDER:postgresql= -> 3:SQL:select=] mutationLineage=[]
SQL: -- TeaQL PLAIN
SELECT code, entrance_view AS entranceView, id, name, platform, version FROM request_type_data WHERE (version > 0) AND (id = 6) LIMIT 1000 OFFSET 0
[TeaQL SQL][query][275us] 1 rows returned outcome=success batchOutcome=not_applicable comment=what: locate generated constant purpose=why: idempotent runtime bootstrap auditReason= tracePath=[0:OPERATION:RequestType=query -> 1:REQUEST:RequestType= -> 2:PROVIDER:postgresql= -> 3:SQL:select=] mutationLineage=[]
SQL: -- TeaQL PLAIN
SELECT code, entrance_view AS entranceView, id, name, platform, version FROM request_type_data WHERE (version > 0) AND (id = 7) LIMIT 1000 OFFSET 0
[TeaQL SQL][query][260us] 1 rows returned outcome=success batchOutcome=not_applicable comment=what: locate generated constant purpose=why: idempotent runtime bootstrap auditReason= tracePath=[0:OPERATION:RequestType=query -> 1:REQUEST:RequestType= -> 2:PROVIDER:postgresql= -> 3:SQL:select=] mutationLineage=[]
SQL: -- TeaQL PLAIN
SELECT code, entrance_view AS entranceView, id, name, platform, version FROM request_type_data WHERE (version > 0) AND (id = 8) LIMIT 1000 OFFSET 0
[TeaQL SQL][query][309us] 1 rows returned outcome=success batchOutcome=not_applicable comment=what: locate generated constant purpose=why: idempotent runtime bootstrap auditReason= tracePath=[0:OPERATION:RequestType=query -> 1:REQUEST:RequestType= -> 2:PROVIDER:postgresql= -> 3:SQL:select=] mutationLineage=[]
SQL: -- TeaQL PLAIN
SELECT code, entrance_view AS entranceView, id, name, platform, version FROM request_type_data WHERE (version > 0) AND (id = 9) LIMIT 1000 OFFSET 0
[TeaQL SQL][query][330us] 1 rows returned outcome=success batchOutcome=not_applicable comment=what: locate generated constant purpose=why: idempotent runtime bootstrap auditReason= tracePath=[0:OPERATION:RequestType=query -> 1:REQUEST:RequestType= -> 2:PROVIDER:postgresql= -> 3:SQL:select=] mutationLineage=[]
SQL: -- TeaQL PLAIN
SELECT code, entrance_view AS entranceView, id, name, platform, version FROM request_type_data WHERE (version > 0) AND (id = 10) LIMIT 1000 OFFSET 0
[TeaQL SQL][query][327us] 1 rows returned outcome=success batchOutcome=not_applicable comment=what: locate generated constant purpose=why: idempotent runtime bootstrap auditReason= tracePath=[0:OPERATION:RequestType=query -> 1:REQUEST:RequestType= -> 2:PROVIDER:postgresql= -> 3:SQL:select=] mutationLineage=[]
SQL: -- TeaQL PLAIN
SELECT code, entrance_view AS entranceView, id, name, platform, version FROM request_type_data WHERE (version > 0) AND (id = 11) LIMIT 1000 OFFSET 0
[TeaQL SQL][query][401us] 1 rows returned outcome=success batchOutcome=not_applicable comment=what: locate generated constant purpose=why: idempotent runtime bootstrap auditReason= tracePath=[0:OPERATION:RequestType=query -> 1:REQUEST:RequestType= -> 2:PROVIDER:postgresql= -> 3:SQL:select=] mutationLineage=[]
SQL: -- TeaQL PLAIN
SELECT code, entrance_view AS entranceView, id, name, platform, version FROM request_type_data WHERE (version > 0) AND (id = 12) LIMIT 1000 OFFSET 0
[TeaQL SQL][query][421us] 1 rows returned outcome=success batchOutcome=not_applicable comment=what: locate generated constant purpose=why: idempotent runtime bootstrap auditReason= tracePath=[0:OPERATION:PermissionType=query -> 1:REQUEST:PermissionType= -> 2:PROVIDER:postgresql= -> 3:SQL:select=] mutationLineage=[]
SQL: -- TeaQL PLAIN
SELECT id, name, code, platform, version FROM permission_type_data WHERE (version > 0) AND (id = 1) LIMIT 1000 OFFSET 0
[TeaQL SQL][query][368us] 1 rows returned outcome=success batchOutcome=not_applicable comment=what: locate generated constant purpose=why: idempotent runtime bootstrap auditReason= tracePath=[0:OPERATION:PermissionType=query -> 1:REQUEST:PermissionType= -> 2:PROVIDER:postgresql= -> 3:SQL:select=] mutationLineage=[]
SQL: -- TeaQL PLAIN
SELECT id, name, code, platform, version FROM permission_type_data WHERE (version > 0) AND (id = 2) LIMIT 1000 OFFSET 0
[TeaQL SQL][query][322us] 1 rows returned outcome=success batchOutcome=not_applicable comment=what: locate generated constant purpose=why: idempotent runtime bootstrap auditReason= tracePath=[0:OPERATION:PermissionType=query -> 1:REQUEST:PermissionType= -> 2:PROVIDER:postgresql= -> 3:SQL:select=] mutationLineage=[]
SQL: -- TeaQL PLAIN
SELECT id, name, code, platform, version FROM permission_type_data WHERE (version > 0) AND (id = 3) LIMIT 1000 OFFSET 0
[TeaQL SQL][query][409us] 1 rows returned outcome=success batchOutcome=not_applicable comment=what: locate generated constant purpose=why: idempotent runtime bootstrap auditReason= tracePath=[0:OPERATION:PermissionType=query -> 1:REQUEST:PermissionType= -> 2:PROVIDER:postgresql= -> 3:SQL:select=] mutationLineage=[]
SQL: -- TeaQL PLAIN
SELECT id, name, code, platform, version FROM permission_type_data WHERE (version > 0) AND (id = 4) LIMIT 1000 OFFSET 0
[TeaQL SQL][query][311us] 1 rows returned outcome=success batchOutcome=not_applicable comment=what: locate generated constant purpose=why: idempotent runtime bootstrap auditReason= tracePath=[0:OPERATION:PermissionType=query -> 1:REQUEST:PermissionType= -> 2:PROVIDER:postgresql= -> 3:SQL:select=] mutationLineage=[]
SQL: -- TeaQL PLAIN
SELECT id, name, code, platform, version FROM permission_type_data WHERE (version > 0) AND (id = 5) LIMIT 1000 OFFSET 0
[TeaQL SQL][query][304us] 1 rows returned outcome=success batchOutcome=not_applicable comment=what: locate generated constant purpose=why: idempotent runtime bootstrap auditReason= tracePath=[0:OPERATION:PermissionType=query -> 1:REQUEST:PermissionType= -> 2:PROVIDER:postgresql= -> 3:SQL:select=] mutationLineage=[]
SQL: -- TeaQL PLAIN
SELECT id, name, code, platform, version FROM permission_type_data WHERE (version > 0) AND (id = 6) LIMIT 1000 OFFSET 0
[TeaQL SQL][query][336us] 1 rows returned outcome=success batchOutcome=not_applicable comment=what: locate generated constant purpose=why: idempotent runtime bootstrap auditReason= tracePath=[0:OPERATION:MeasureUnit=query -> 1:REQUEST:MeasureUnit= -> 2:PROVIDER:postgresql= -> 3:SQL:select=] mutationLineage=[]
SQL: -- TeaQL PLAIN
SELECT id, name, code, platform, version FROM measure_unit_data WHERE (version > 0) AND (id = 1) LIMIT 1000 OFFSET 0
[TeaQL SQL][query][312us] 1 rows returned outcome=success batchOutcome=not_applicable comment=what: locate generated constant purpose=why: idempotent runtime bootstrap auditReason= tracePath=[0:OPERATION:MeasureUnit=query -> 1:REQUEST:MeasureUnit= -> 2:PROVIDER:postgresql= -> 3:SQL:select=] mutationLineage=[]
SQL: -- TeaQL PLAIN
SELECT id, name, code, platform, version FROM measure_unit_data WHERE (version > 0) AND (id = 2) LIMIT 1000 OFFSET 0
[TeaQL SQL][query][330us] 1 rows returned outcome=success batchOutcome=not_applicable comment=what: locate generated constant purpose=why: idempotent runtime bootstrap auditReason= tracePath=[0:OPERATION:MeasureUnit=query -> 1:REQUEST:MeasureUnit= -> 2:PROVIDER:postgresql= -> 3:SQL:select=] mutationLineage=[]
SQL: -- TeaQL PLAIN
SELECT id, name, code, platform, version FROM measure_unit_data WHERE (version > 0) AND (id = 3) LIMIT 1000 OFFSET 0
[TeaQL SQL][query][269us] 1 rows returned outcome=success batchOutcome=not_applicable comment=what: locate generated constant purpose=why: idempotent runtime bootstrap auditReason= tracePath=[0:OPERATION:MeasureUnit=query -> 1:REQUEST:MeasureUnit= -> 2:PROVIDER:postgresql= -> 3:SQL:select=] mutationLineage=[]
SQL: -- TeaQL PLAIN
SELECT id, name, code, platform, version FROM measure_unit_data WHERE (version > 0) AND (id = 4) LIMIT 1000 OFFSET 0
[TeaQL SQL][query][274us] 1 rows returned outcome=success batchOutcome=not_applicable comment=what: locate generated constant purpose=why: idempotent runtime bootstrap auditReason= tracePath=[0:OPERATION:MeasureUnit=query -> 1:REQUEST:MeasureUnit= -> 2:PROVIDER:postgresql= -> 3:SQL:select=] mutationLineage=[]
SQL: -- TeaQL PLAIN
SELECT id, name, code, platform, version FROM measure_unit_data WHERE (version > 0) AND (id = 5) LIMIT 1000 OFFSET 0
[TeaQL SQL][query][356us] 1 rows returned outcome=success batchOutcome=not_applicable comment=what: locate generated constant purpose=why: idempotent runtime bootstrap auditReason= tracePath=[0:OPERATION:AnalysisComponent=query -> 1:REQUEST:AnalysisComponent= -> 2:PROVIDER:postgresql= -> 3:SQL:select=] mutationLineage=[]
SQL: -- TeaQL PLAIN
SELECT id, name, code, platform, version FROM analysis_component_data WHERE (version > 0) AND (id = 1) LIMIT 1000 OFFSET 0
[TeaQL SQL][query][299us] 1 rows returned outcome=success batchOutcome=not_applicable comment=what: locate generated constant purpose=why: idempotent runtime bootstrap auditReason= tracePath=[0:OPERATION:AnalysisComponent=query -> 1:REQUEST:AnalysisComponent= -> 2:PROVIDER:postgresql= -> 3:SQL:select=] mutationLineage=[]
SQL: -- TeaQL PLAIN
SELECT id, name, code, platform, version FROM analysis_component_data WHERE (version > 0) AND (id = 2) LIMIT 1000 OFFSET 0
[TeaQL SQL][query][287us] 1 rows returned outcome=success batchOutcome=not_applicable comment=what: locate generated constant purpose=why: idempotent runtime bootstrap auditReason= tracePath=[0:OPERATION:AnalysisComponent=query -> 1:REQUEST:AnalysisComponent= -> 2:PROVIDER:postgresql= -> 3:SQL:select=] mutationLineage=[]
SQL: -- TeaQL PLAIN
SELECT id, name, code, platform, version FROM analysis_component_data WHERE (version > 0) AND (id = 3) LIMIT 1000 OFFSET 0
[TeaQL SQL][query][287us] 1 rows returned outcome=success batchOutcome=not_applicable comment=what: locate generated constant purpose=why: idempotent runtime bootstrap auditReason= tracePath=[0:OPERATION:AnalysisComponent=query -> 1:REQUEST:AnalysisComponent= -> 2:PROVIDER:postgresql= -> 3:SQL:select=] mutationLineage=[]
SQL: -- TeaQL PLAIN
SELECT id, name, code, platform, version FROM analysis_component_data WHERE (version > 0) AND (id = 4) LIMIT 1000 OFFSET 0
[TeaQL SQL][query][250us] 1 rows returned outcome=success batchOutcome=not_applicable comment=what: locate generated constant purpose=why: idempotent runtime bootstrap auditReason= tracePath=[0:OPERATION:AnalysisComponent=query -> 1:REQUEST:AnalysisComponent= -> 2:PROVIDER:postgresql= -> 3:SQL:select=] mutationLineage=[]
SQL: -- TeaQL PLAIN
SELECT id, name, code, platform, version FROM analysis_component_data WHERE (version > 0) AND (id = 5) LIMIT 1000 OFFSET 0
[TeaQL SQL][query][307us] 1 rows returned outcome=success batchOutcome=not_applicable comment=what: locate generated constant purpose=why: idempotent runtime bootstrap auditReason= tracePath=[0:OPERATION:AnalysisComponent=query -> 1:REQUEST:AnalysisComponent= -> 2:PROVIDER:postgresql= -> 3:SQL:select=] mutationLineage=[]
SQL: -- TeaQL PLAIN
SELECT id, name, code, platform, version FROM analysis_component_data WHERE (version > 0) AND (id = 6) LIMIT 1000 OFFSET 0
[TeaQL SQL][query][305us] 1 rows returned outcome=success batchOutcome=not_applicable comment=what: locate generated constant purpose=why: idempotent runtime bootstrap auditReason= tracePath=[0:OPERATION:AnalysisComponent=query -> 1:REQUEST:AnalysisComponent= -> 2:PROVIDER:postgresql= -> 3:SQL:select=] mutationLineage=[]
SQL: -- TeaQL PLAIN
SELECT id, name, code, platform, version FROM analysis_component_data WHERE (version > 0) AND (id = 7) LIMIT 1000 OFFSET 0
[TeaQL SQL][query][271us] 1 rows returned outcome=success batchOutcome=not_applicable comment=what: locate generated constant purpose=why: idempotent runtime bootstrap auditReason= tracePath=[0:OPERATION:AnalysisComponent=query -> 1:REQUEST:AnalysisComponent= -> 2:PROVIDER:postgresql= -> 3:SQL:select=] mutationLineage=[]
SQL: -- TeaQL PLAIN
SELECT id, name, code, platform, version FROM analysis_component_data WHERE (version > 0) AND (id = 8) LIMIT 1000 OFFSET 0
[TeaQL SQL][query][258us] 1 rows returned outcome=success batchOutcome=not_applicable comment=what: locate generated constant purpose=why: idempotent runtime bootstrap auditReason= tracePath=[0:OPERATION:AnalysisComponent=query -> 1:REQUEST:AnalysisComponent= -> 2:PROVIDER:postgresql= -> 3:SQL:select=] mutationLineage=[]
SQL: -- TeaQL PLAIN
SELECT id, name, code, platform, version FROM analysis_component_data WHERE (version > 0) AND (id = 9) LIMIT 1000 OFFSET 0
[TeaQL SQL][query][312us] 1 rows returned outcome=success batchOutcome=not_applicable comment=what: locate generated constant purpose=why: idempotent runtime bootstrap auditReason= tracePath=[0:OPERATION:AnalysisComponent=query -> 1:REQUEST:AnalysisComponent= -> 2:PROVIDER:postgresql= -> 3:SQL:select=] mutationLineage=[]
SQL: -- TeaQL PLAIN
SELECT id, name, code, platform, version FROM analysis_component_data WHERE (version > 0) AND (id = 10) LIMIT 1000 OFFSET 0
[TeaQL SQL][query][374us] 1 rows returned outcome=success batchOutcome=not_applicable comment=what: locate generated constant purpose=why: idempotent runtime bootstrap auditReason= tracePath=[0:OPERATION:AnalysisComponent=query -> 1:REQUEST:AnalysisComponent= -> 2:PROVIDER:postgresql= -> 3:SQL:select=] mutationLineage=[]
SQL: -- TeaQL PLAIN
SELECT id, name, code, platform, version FROM analysis_component_data WHERE (version > 0) AND (id = 11) LIMIT 1000 OFFSET 0
[TeaQL SQL][query][344us] 1 rows returned outcome=success batchOutcome=not_applicable comment=what: locate generated constant purpose=why: idempotent runtime bootstrap auditReason= tracePath=[0:OPERATION:AnalysisComponent=query -> 1:REQUEST:AnalysisComponent= -> 2:PROVIDER:postgresql= -> 3:SQL:select=] mutationLineage=[]
SQL: -- TeaQL PLAIN
SELECT id, name, code, platform, version FROM analysis_component_data WHERE (version > 0) AND (id = 12) LIMIT 1000 OFFSET 0
[TeaQL SQL][query][292us] 1 rows returned outcome=success batchOutcome=not_applicable comment=what: locate generated constant purpose=why: idempotent runtime bootstrap auditReason= tracePath=[0:OPERATION:AnalysisComponent=query -> 1:REQUEST:AnalysisComponent= -> 2:PROVIDER:postgresql= -> 3:SQL:select=] mutationLineage=[]
SQL: -- TeaQL PLAIN
SELECT id, name, code, platform, version FROM analysis_component_data WHERE (version > 0) AND (id = 13) LIMIT 1000 OFFSET 0
[TeaQL SQL][query][308us] 1 rows returned outcome=success batchOutcome=not_applicable comment=what: locate generated constant purpose=why: idempotent runtime bootstrap auditReason= tracePath=[0:OPERATION:AnalysisComponent=query -> 1:REQUEST:AnalysisComponent= -> 2:PROVIDER:postgresql= -> 3:SQL:select=] mutationLineage=[]
SQL: -- TeaQL PLAIN
SELECT id, name, code, platform, version FROM analysis_component_data WHERE (version > 0) AND (id = 14) LIMIT 1000 OFFSET 0
[TeaQL SQL][query][403us] 1 rows returned outcome=success batchOutcome=not_applicable comment=what: locate generated constant purpose=why: idempotent runtime bootstrap auditReason= tracePath=[0:OPERATION:AnalysisComponent=query -> 1:REQUEST:AnalysisComponent= -> 2:PROVIDER:postgresql= -> 3:SQL:select=] mutationLineage=[]
SQL: -- TeaQL PLAIN
SELECT id, name, code, platform, version FROM analysis_component_data WHERE (version > 0) AND (id = 15) LIMIT 1000 OFFSET 0
[TeaQL SQL][query][395us] 1 rows returned outcome=success batchOutcome=not_applicable comment=what: locate generated constant purpose=why: idempotent runtime bootstrap auditReason= tracePath=[0:OPERATION:AnalysisComponent=query -> 1:REQUEST:AnalysisComponent= -> 2:PROVIDER:postgresql= -> 3:SQL:select=] mutationLineage=[]
SQL: -- TeaQL PLAIN
SELECT id, name, code, platform, version FROM analysis_component_data WHERE (version > 0) AND (id = 16) LIMIT 1000 OFFSET 0
[TeaQL SQL][query][423us] 1 rows returned outcome=success batchOutcome=not_applicable comment=what: locate generated constant purpose=why: idempotent runtime bootstrap auditReason= tracePath=[0:OPERATION:AnalysisType=query -> 1:REQUEST:AnalysisType= -> 2:PROVIDER:postgresql= -> 3:SQL:select=] mutationLineage=[]
SQL: -- TeaQL PLAIN
SELECT id, name, code, platform, version FROM analysis_type_data WHERE (version > 0) AND (id = 10001) LIMIT 1000 OFFSET 0
[TeaQL SQL][query][382us] 1 rows returned outcome=success batchOutcome=not_applicable comment=what: locate generated constant purpose=why: idempotent runtime bootstrap auditReason= tracePath=[0:OPERATION:AnalysisType=query -> 1:REQUEST:AnalysisType= -> 2:PROVIDER:postgresql= -> 3:SQL:select=] mutationLineage=[]
SQL: -- TeaQL PLAIN
SELECT id, name, code, platform, version FROM analysis_type_data WHERE (version > 0) AND (id = 1) LIMIT 1000 OFFSET 0
[TeaQL SQL][query][390us] 1 rows returned outcome=success batchOutcome=not_applicable comment=what: locate generated constant purpose=why: idempotent runtime bootstrap auditReason= tracePath=[0:OPERATION:AnalysisType=query -> 1:REQUEST:AnalysisType= -> 2:PROVIDER:postgresql= -> 3:SQL:select=] mutationLineage=[]
SQL: -- TeaQL PLAIN
SELECT id, name, code, platform, version FROM analysis_type_data WHERE (version > 0) AND (id = 2) LIMIT 1000 OFFSET 0
[TeaQL SQL][query][412us] 1 rows returned outcome=success batchOutcome=not_applicable comment=what: locate generated constant purpose=why: idempotent runtime bootstrap auditReason= tracePath=[0:OPERATION:AnalysisType=query -> 1:REQUEST:AnalysisType= -> 2:PROVIDER:postgresql= -> 3:SQL:select=] mutationLineage=[]
SQL: -- TeaQL PLAIN
SELECT id, name, code, platform, version FROM analysis_type_data WHERE (version > 0) AND (id = 3) LIMIT 1000 OFFSET 0
[TeaQL SQL][query][449us] 1 rows returned outcome=success batchOutcome=not_applicable comment=what: locate generated constant purpose=why: idempotent runtime bootstrap auditReason= tracePath=[0:OPERATION:AnalysisType=query -> 1:REQUEST:AnalysisType= -> 2:PROVIDER:postgresql= -> 3:SQL:select=] mutationLineage=[]
SQL: -- TeaQL PLAIN
SELECT id, name, code, platform, version FROM analysis_type_data WHERE (version > 0) AND (id = 4) LIMIT 1000 OFFSET 0
[TeaQL SQL][query][575us] 1 rows returned outcome=success batchOutcome=not_applicable comment=what: locate generated constant purpose=why: idempotent runtime bootstrap auditReason= tracePath=[0:OPERATION:CertificationType=query -> 1:REQUEST:CertificationType= -> 2:PROVIDER:postgresql= -> 3:SQL:select=] mutationLineage=[]
SQL: -- TeaQL PLAIN
SELECT id, name, code, platform, version FROM certification_type_data WHERE (version > 0) AND (id = 1001) LIMIT 1000 OFFSET 0
[TeaQL SQL][query][444us] 1 rows returned outcome=success batchOutcome=not_applicable comment=what: locate generated constant purpose=why: idempotent runtime bootstrap auditReason= tracePath=[0:OPERATION:CertificationType=query -> 1:REQUEST:CertificationType= -> 2:PROVIDER:postgresql= -> 3:SQL:select=] mutationLineage=[]
SQL: -- TeaQL PLAIN
SELECT id, name, code, platform, version FROM certification_type_data WHERE (version > 0) AND (id = 1002) LIMIT 1000 OFFSET 0
[TeaQL SQL][query][478us] 1 rows returned outcome=success batchOutcome=not_applicable comment=what: locate generated constant purpose=why: idempotent runtime bootstrap auditReason= tracePath=[0:OPERATION:TruckStatus=query -> 1:REQUEST:TruckStatus= -> 2:PROVIDER:postgresql= -> 3:SQL:select=] mutationLineage=[]
SQL: -- TeaQL PLAIN
SELECT id, name, code, platform, version FROM truck_status_data WHERE (version > 0) AND (id = 1001) LIMIT 1000 OFFSET 0
[TeaQL SQL][query][485us] 1 rows returned outcome=success batchOutcome=not_applicable comment=what: locate generated constant purpose=why: idempotent runtime bootstrap auditReason= tracePath=[0:OPERATION:TruckStatus=query -> 1:REQUEST:TruckStatus= -> 2:PROVIDER:postgresql= -> 3:SQL:select=] mutationLineage=[]
SQL: -- TeaQL PLAIN
SELECT id, name, code, platform, version FROM truck_status_data WHERE (version > 0) AND (id = 1002) LIMIT 1000 OFFSET 0
[TeaQL SQL][query][439us] 1 rows returned outcome=success batchOutcome=not_applicable comment=what: locate generated constant purpose=why: idempotent runtime bootstrap auditReason= tracePath=[0:OPERATION:AttachmentType=query -> 1:REQUEST:AttachmentType= -> 2:PROVIDER:postgresql= -> 3:SQL:select=] mutationLineage=[]
SQL: -- TeaQL PLAIN
SELECT id, name, code, platform, version FROM attachment_type_data WHERE (version > 0) AND (id = 1001) LIMIT 1000 OFFSET 0
[TeaQL SQL][query][460us] 1 rows returned outcome=success batchOutcome=not_applicable comment=what: locate generated constant purpose=why: idempotent runtime bootstrap auditReason= tracePath=[0:OPERATION:AttachmentType=query -> 1:REQUEST:AttachmentType= -> 2:PROVIDER:postgresql= -> 3:SQL:select=] mutationLineage=[]
SQL: -- TeaQL PLAIN
SELECT id, name, code, platform, version FROM attachment_type_data WHERE (version > 0) AND (id = 1002) LIMIT 1000 OFFSET 0
[TeaQL SQL][query][290us] 1 rows returned outcome=success batchOutcome=not_applicable comment=what: locate generated constant purpose=why: idempotent runtime bootstrap auditReason= tracePath=[0:OPERATION:AttachmentType=query -> 1:REQUEST:AttachmentType= -> 2:PROVIDER:postgresql= -> 3:SQL:select=] mutationLineage=[]
SQL: -- TeaQL PLAIN
SELECT id, name, code, platform, version FROM attachment_type_data WHERE (version > 0) AND (id = 1003) LIMIT 1000 OFFSET 0
[TeaQL SQL][query][357us] 1 rows returned outcome=success batchOutcome=not_applicable comment=what: locate generated constant purpose=why: idempotent runtime bootstrap auditReason= tracePath=[0:OPERATION:SubTaskStatus=query -> 1:REQUEST:SubTaskStatus= -> 2:PROVIDER:postgresql= -> 3:SQL:select=] mutationLineage=[]
SQL: -- TeaQL PLAIN
SELECT id, name, code, platform, version FROM sub_task_status_data WHERE (version > 0) AND (id = 1001) LIMIT 1000 OFFSET 0
[TeaQL SQL][query][383us] 1 rows returned outcome=success batchOutcome=not_applicable comment=what: locate generated constant purpose=why: idempotent runtime bootstrap auditReason= tracePath=[0:OPERATION:SubTaskStatus=query -> 1:REQUEST:SubTaskStatus= -> 2:PROVIDER:postgresql= -> 3:SQL:select=] mutationLineage=[]
SQL: -- TeaQL PLAIN
SELECT id, name, code, platform, version FROM sub_task_status_data WHERE (version > 0) AND (id = 1002) LIMIT 1000 OFFSET 0
[TeaQL SQL][query][301us] 1 rows returned outcome=success batchOutcome=not_applicable comment=what: locate generated constant purpose=why: idempotent runtime bootstrap auditReason= tracePath=[0:OPERATION:SubTaskStatus=query -> 1:REQUEST:SubTaskStatus= -> 2:PROVIDER:postgresql= -> 3:SQL:select=] mutationLineage=[]
SQL: -- TeaQL PLAIN
SELECT id, name, code, platform, version FROM sub_task_status_data WHERE (version > 0) AND (id = 1003) LIMIT 1000 OFFSET 0
[TeaQL SQL][query][309us] 1 rows returned outcome=success batchOutcome=not_applicable comment=what: locate generated constant purpose=why: idempotent runtime bootstrap auditReason= tracePath=[0:OPERATION:SubTaskStatus=query -> 1:REQUEST:SubTaskStatus= -> 2:PROVIDER:postgresql= -> 3:SQL:select=] mutationLineage=[]
SQL: -- TeaQL PLAIN
SELECT id, name, code, platform, version FROM sub_task_status_data WHERE (version > 0) AND (id = 1004) LIMIT 1000 OFFSET 0
[TeaQL SQL][query][338us] 1 rows returned outcome=success batchOutcome=not_applicable comment=what: locate generated constant purpose=why: idempotent runtime bootstrap auditReason= tracePath=[0:OPERATION:SubTaskStatus=query -> 1:REQUEST:SubTaskStatus= -> 2:PROVIDER:postgresql= -> 3:SQL:select=] mutationLineage=[]
SQL: -- TeaQL PLAIN
SELECT id, name, code, platform, version FROM sub_task_status_data WHERE (version > 0) AND (id = 1005) LIMIT 1000 OFFSET 0
[TeaQL SQL][query][253us] 1 rows returned outcome=success batchOutcome=not_applicable comment=what: locate generated constant purpose=why: idempotent runtime bootstrap auditReason= tracePath=[0:OPERATION:TaskStatus=query -> 1:REQUEST:TaskStatus= -> 2:PROVIDER:postgresql= -> 3:SQL:select=] mutationLineage=[]
SQL: -- TeaQL PLAIN
SELECT id, name, code, platform, version FROM task_status_data WHERE (version > 0) AND (id = 1001) LIMIT 1000 OFFSET 0
[TeaQL SQL][query][331us] 1 rows returned outcome=success batchOutcome=not_applicable comment=what: locate generated constant purpose=why: idempotent runtime bootstrap auditReason= tracePath=[0:OPERATION:TaskStatus=query -> 1:REQUEST:TaskStatus= -> 2:PROVIDER:postgresql= -> 3:SQL:select=] mutationLineage=[]
SQL: -- TeaQL PLAIN
SELECT id, name, code, platform, version FROM task_status_data WHERE (version > 0) AND (id = 1002) LIMIT 1000 OFFSET 0
[TeaQL SQL][query][289us] 1 rows returned outcome=success batchOutcome=not_applicable comment=what: locate generated constant purpose=why: idempotent runtime bootstrap auditReason= tracePath=[0:OPERATION:TaskStatus=query -> 1:REQUEST:TaskStatus= -> 2:PROVIDER:postgresql= -> 3:SQL:select=] mutationLineage=[]
SQL: -- TeaQL PLAIN
SELECT id, name, code, platform, version FROM task_status_data WHERE (version > 0) AND (id = 1003) LIMIT 1000 OFFSET 0
[TeaQL SQL][query][273us] 1 rows returned outcome=success batchOutcome=not_applicable comment=what: locate generated constant purpose=why: idempotent runtime bootstrap auditReason= tracePath=[0:OPERATION:TaskStatus=query -> 1:REQUEST:TaskStatus= -> 2:PROVIDER:postgresql= -> 3:SQL:select=] mutationLineage=[]
SQL: -- TeaQL PLAIN
SELECT id, name, code, platform, version FROM task_status_data WHERE (version > 0) AND (id = 1004) LIMIT 1000 OFFSET 0
[TeaQL SQL][query][277us] 1 rows returned outcome=success batchOutcome=not_applicable comment=what: locate generated constant purpose=why: idempotent runtime bootstrap auditReason= tracePath=[0:OPERATION:TaskStatus=query -> 1:REQUEST:TaskStatus= -> 2:PROVIDER:postgresql= -> 3:SQL:select=] mutationLineage=[]
SQL: -- TeaQL PLAIN
SELECT id, name, code, platform, version FROM task_status_data WHERE (version > 0) AND (id = 1005) LIMIT 1000 OFFSET 0
[TeaQL SQL][query][275us] 1 rows returned outcome=success batchOutcome=not_applicable comment=what: locate generated constant purpose=why: idempotent runtime bootstrap auditReason= tracePath=[0:OPERATION:TaskStatus=query -> 1:REQUEST:TaskStatus= -> 2:PROVIDER:postgresql= -> 3:SQL:select=] mutationLineage=[]
SQL: -- TeaQL PLAIN
SELECT id, name, code, platform, version FROM task_status_data WHERE (version > 0) AND (id = 10001) LIMIT 1000 OFFSET 0
[TeaQL SQL][query][323us] 1 rows returned outcome=success batchOutcome=not_applicable comment=what: locate generated constant purpose=why: idempotent runtime bootstrap auditReason= tracePath=[0:OPERATION:TaskStatus=query -> 1:REQUEST:TaskStatus= -> 2:PROVIDER:postgresql= -> 3:SQL:select=] mutationLineage=[]
SQL: -- TeaQL PLAIN
SELECT id, name, code, platform, version FROM task_status_data WHERE (version > 0) AND (id = 10002) LIMIT 1000 OFFSET 0
[TeaQL SQL][query][286us] 1 rows returned outcome=success batchOutcome=not_applicable comment=what: locate generated constant purpose=why: idempotent runtime bootstrap auditReason= tracePath=[0:OPERATION:TaskStatus=query -> 1:REQUEST:TaskStatus= -> 2:PROVIDER:postgresql= -> 3:SQL:select=] mutationLineage=[]
SQL: -- TeaQL PLAIN
SELECT id, name, code, platform, version FROM task_status_data WHERE (version > 0) AND (id = 1) LIMIT 1000 OFFSET 0
[TeaQL SQL][query][304us] 1 rows returned outcome=success batchOutcome=not_applicable comment=what: locate generated constant purpose=why: idempotent runtime bootstrap auditReason= tracePath=[0:OPERATION:TaskStatus=query -> 1:REQUEST:TaskStatus= -> 2:PROVIDER:postgresql= -> 3:SQL:select=] mutationLineage=[]
SQL: -- TeaQL PLAIN
SELECT id, name, code, platform, version FROM task_status_data WHERE (version > 0) AND (id = 2) LIMIT 1000 OFFSET 0
[TeaQL SQL][query][284us] 1 rows returned outcome=success batchOutcome=not_applicable comment=what: locate generated constant purpose=why: idempotent runtime bootstrap auditReason= tracePath=[0:OPERATION:TaskStatus=query -> 1:REQUEST:TaskStatus= -> 2:PROVIDER:postgresql= -> 3:SQL:select=] mutationLineage=[]
SQL: -- TeaQL PLAIN
SELECT id, name, code, platform, version FROM task_status_data WHERE (version > 0) AND (id = 3) LIMIT 1000 OFFSET 0
[TeaQL SQL][query][287us] 1 rows returned outcome=success batchOutcome=not_applicable comment=what: locate generated constant purpose=why: idempotent runtime bootstrap auditReason= tracePath=[0:OPERATION:TaskStatus=query -> 1:REQUEST:TaskStatus= -> 2:PROVIDER:postgresql= -> 3:SQL:select=] mutationLineage=[]
SQL: -- TeaQL PLAIN
SELECT id, name, code, platform, version FROM task_status_data WHERE (version > 0) AND (id = 4) LIMIT 1000 OFFSET 0
[TeaQL SQL][query][272us] 1 rows returned outcome=success batchOutcome=not_applicable comment=what: locate generated constant purpose=why: idempotent runtime bootstrap auditReason= tracePath=[0:OPERATION:TaskStatus=query -> 1:REQUEST:TaskStatus= -> 2:PROVIDER:postgresql= -> 3:SQL:select=] mutationLineage=[]
SQL: -- TeaQL PLAIN
SELECT id, name, code, platform, version FROM task_status_data WHERE (version > 0) AND (id = 5) LIMIT 1000 OFFSET 0
[TeaQL SQL][query][348us] 1 rows returned outcome=success batchOutcome=not_applicable comment=what: locate generated constant purpose=why: idempotent runtime bootstrap auditReason= tracePath=[0:OPERATION:TaskType=query -> 1:REQUEST:TaskType= -> 2:PROVIDER:postgresql= -> 3:SQL:select=] mutationLineage=[]
SQL: -- TeaQL PLAIN
SELECT id, name, code, platform, version FROM task_type_data WHERE (version > 0) AND (id = 1) LIMIT 1000 OFFSET 0
[TeaQL SQL][query][292us] 1 rows returned outcome=success batchOutcome=not_applicable comment=what: locate generated constant purpose=why: idempotent runtime bootstrap auditReason= tracePath=[0:OPERATION:TaskType=query -> 1:REQUEST:TaskType= -> 2:PROVIDER:postgresql= -> 3:SQL:select=] mutationLineage=[]
SQL: -- TeaQL PLAIN
SELECT id, name, code, platform, version FROM task_type_data WHERE (version > 0) AND (id = 2) LIMIT 1000 OFFSET 0
[TeaQL SQL][query][212us] 1 rows returned outcome=success batchOutcome=not_applicable comment=what: locate generated constant purpose=why: idempotent runtime bootstrap auditReason= tracePath=[0:OPERATION:TaskType=query -> 1:REQUEST:TaskType= -> 2:PROVIDER:postgresql= -> 3:SQL:select=] mutationLineage=[]
SQL: -- TeaQL PLAIN
SELECT id, name, code, platform, version FROM task_type_data WHERE (version > 0) AND (id = 3) LIMIT 1000 OFFSET 0
[TeaQL SQL][query][214us] 1 rows returned outcome=success batchOutcome=not_applicable comment=what: locate generated constant purpose=why: idempotent runtime bootstrap auditReason= tracePath=[0:OPERATION:TaskType=query -> 1:REQUEST:TaskType= -> 2:PROVIDER:postgresql= -> 3:SQL:select=] mutationLineage=[]
SQL: -- TeaQL PLAIN
SELECT id, name, code, platform, version FROM task_type_data WHERE (version > 0) AND (id = 4) LIMIT 1000 OFFSET 0
[TeaQL SQL][query][221us] 1 rows returned outcome=success batchOutcome=not_applicable comment=what: locate generated constant purpose=why: idempotent runtime bootstrap auditReason= tracePath=[0:OPERATION:TaskType=query -> 1:REQUEST:TaskType= -> 2:PROVIDER:postgresql= -> 3:SQL:select=] mutationLineage=[]
SQL: -- TeaQL PLAIN
SELECT id, name, code, platform, version FROM task_type_data WHERE (version > 0) AND (id = 5) LIMIT 1000 OFFSET 0
[TeaQL SQL][query][287us] 1 rows returned outcome=success batchOutcome=not_applicable comment=what: locate generated constant purpose=why: idempotent runtime bootstrap auditReason= tracePath=[0:OPERATION:TaskType=query -> 1:REQUEST:TaskType= -> 2:PROVIDER:postgresql= -> 3:SQL:select=] mutationLineage=[]
SQL: -- TeaQL PLAIN
SELECT id, name, code, platform, version FROM task_type_data WHERE (version > 0) AND (id = 6) LIMIT 1000 OFFSET 0
[TeaQL SQL][query][334us] 1 rows returned outcome=success batchOutcome=not_applicable comment=what: locate generated constant purpose=why: idempotent runtime bootstrap auditReason= tracePath=[0:OPERATION:TaskType=query -> 1:REQUEST:TaskType= -> 2:PROVIDER:postgresql= -> 3:SQL:select=] mutationLineage=[]
SQL: -- TeaQL PLAIN
SELECT id, name, code, platform, version FROM task_type_data WHERE (version > 0) AND (id = 7) LIMIT 1000 OFFSET 0
[TeaQL SQL][query][278us] 1 rows returned outcome=success batchOutcome=not_applicable comment=what: locate generated constant purpose=why: idempotent runtime bootstrap auditReason= tracePath=[0:OPERATION:TaskType=query -> 1:REQUEST:TaskType= -> 2:PROVIDER:postgresql= -> 3:SQL:select=] mutationLineage=[]
SQL: -- TeaQL PLAIN
SELECT id, name, code, platform, version FROM task_type_data WHERE (version > 0) AND (id = 8) LIMIT 1000 OFFSET 0
[TeaQL SQL][query][302us] 1 rows returned outcome=success batchOutcome=not_applicable comment=what: locate generated constant purpose=why: idempotent runtime bootstrap auditReason= tracePath=[0:OPERATION:TaskType=query -> 1:REQUEST:TaskType= -> 2:PROVIDER:postgresql= -> 3:SQL:select=] mutationLineage=[]
SQL: -- TeaQL PLAIN
SELECT id, name, code, platform, version FROM task_type_data WHERE (version > 0) AND (id = 10) LIMIT 1000 OFFSET 0
[TeaQL SQL][query][517us] 1 rows returned outcome=success batchOutcome=not_applicable comment=what: locate generated constant purpose=why: idempotent runtime bootstrap auditReason= tracePath=[0:OPERATION:ProductStatus=query -> 1:REQUEST:ProductStatus= -> 2:PROVIDER:postgresql= -> 3:SQL:select=] mutationLineage=[]
SQL: -- TeaQL PLAIN
SELECT id, name, code, platform, version FROM product_status_data WHERE (version > 0) AND (id = 1) LIMIT 1000 OFFSET 0
[TeaQL SQL][query][486us] 1 rows returned outcome=success batchOutcome=not_applicable comment=what: locate generated constant purpose=why: idempotent runtime bootstrap auditReason= tracePath=[0:OPERATION:ProductStatus=query -> 1:REQUEST:ProductStatus= -> 2:PROVIDER:postgresql= -> 3:SQL:select=] mutationLineage=[]
SQL: -- TeaQL PLAIN
SELECT id, name, code, platform, version FROM product_status_data WHERE (version > 0) AND (id = 2) LIMIT 1000 OFFSET 0
[TeaQL SQL][query][855us] 1 rows returned outcome=success batchOutcome=not_applicable comment=matched fixture root purpose=benchmark fixture auditReason= tracePath=[0:OPERATION:Platform=query -> 1:REQUEST:Platform= -> 2:PROVIDER:postgresql= -> 3:SQL:select=] mutationLineage=[]
SQL: -- TeaQL PLAIN
SELECT id, create_time AS createTime, last_update_time AS lastUpdateTime, name, version FROM platform_data WHERE (version > 0) AND (id = 1) LIMIT 1000 OFFSET 0
[TeaQL SQL][query][1351us] 1 rows returned outcome=success batchOutcome=not_applicable comment=matched fixture lookup purpose=benchmark fixture auditReason= tracePath=[0:OPERATION:Merchant=query -> 1:REQUEST:Merchant= -> 2:PROVIDER:postgresql= -> 3:SQL:select=] mutationLineage=[]
SQL: -- TeaQL PLAIN
SELECT id, name, code, external_id AS externalId, task_life_hours AS taskLifeHours, platform, version FROM merchant_data WHERE (version > 0) AND (external_id = 'matched-merchant') LIMIT 1000 OFFSET 0
[TeaQL SQL][query][708us] 1 rows returned outcome=success batchOutcome=not_applicable comment=matched merchant read with relation purpose=matched benchmark read auditReason= tracePath=[0:OPERATION:Merchant=query -> 1:REQUEST:Merchant= -> 2:PROVIDER:postgresql= -> 3:SQL:select=] mutationLineage=[]
SQL: -- TeaQL PLAIN
SELECT id, name, code, external_id AS externalId, task_life_hours AS taskLifeHours, version, platform FROM merchant_data WHERE (version > 0) AND (external_id = 'matched-merchant') LIMIT 1000 OFFSET 0
[TeaQL SQL][query][611us] 1 rows returned outcome=success batchOutcome=not_applicable comment=matched merchant read with relation purpose=matched benchmark read auditReason= tracePath=[0:OPERATION:Merchant=query -> 1:REQUEST:Merchant= -> 2:RELATION:platform=Merchant.platform -> 3:PROVIDER:postgresql= -> 4:SQL:select=] mutationLineage=[]
SQL: -- TeaQL PLAIN
SELECT id, create_time AS createTime, last_update_time AS lastUpdateTime, name, version FROM platform_data WHERE (version > 0) AND (id = 1) LIMIT 1 OFFSET 0
[TeaQL SQL][query][684us] 1 rows returned outcome=success batchOutcome=not_applicable comment=matched merchant read with relation purpose=matched benchmark read auditReason= tracePath=[0:OPERATION:Merchant=query -> 1:REQUEST:Merchant= -> 2:PROVIDER:postgresql= -> 3:SQL:select=] mutationLineage=[]
SQL: -- TeaQL PLAIN
SELECT id, name, code, external_id AS externalId, task_life_hours AS taskLifeHours, version, platform FROM merchant_data WHERE (version > 0) AND (external_id = 'matched-merchant') LIMIT 1000 OFFSET 0
[TeaQL SQL][query][949us] 1 rows returned outcome=success batchOutcome=not_applicable comment=matched merchant read with relation purpose=matched benchmark read auditReason= tracePath=[0:OPERATION:Merchant=query -> 1:REQUEST:Merchant= -> 2:RELATION:platform=Merchant.platform -> 3:PROVIDER:postgresql= -> 4:SQL:select=] mutationLineage=[]
SQL: -- TeaQL PLAIN
SELECT id, create_time AS createTime, last_update_time AS lastUpdateTime, name, version FROM platform_data WHERE (version > 0) AND (id = 1) LIMIT 1 OFFSET 0
[TeaQL SQL][query][877us] 1 rows returned outcome=success batchOutcome=not_applicable comment=matched update lookup purpose=matched benchmark write auditReason= tracePath=[0:OPERATION:Merchant=query -> 1:REQUEST:Merchant= -> 2:PROVIDER:postgresql= -> 3:SQL:select=] mutationLineage=[]
SQL: -- TeaQL PLAIN
SELECT id, name, code, external_id AS externalId, task_life_hours AS taskLifeHours, platform, version FROM merchant_data WHERE (version > 0) AND (external_id = 'matched-merchant') LIMIT 1000 OFFSET 0
[TeaQL MUTATION GOVERNANCE][MUTATION-POLICY-001] request=Merchant.saveGraph execution=327e00a5-4d8f-4ee2-9a58-3472ed09f9c3 policy=none approval=NOT_APPLICABLE
[TeaQL SQL][mutation][2726us] 1 rows affected outcome=success batchOutcome=not_applicable comment= purpose= auditReason=matched benchmark update tracePath=[0:OPERATION:Merchant=mutation -> 1:ENTITY:Merchant= -> 2:PROVIDER:postgresql= -> 3:SQL:update=] mutationLineage=[0:AUDIT_REASON:Merchant#1=matched benchmark update]
SQL: -- TeaQL PLAIN
UPDATE merchant_data SET task_life_hours = 49 , version = 1112 WHERE id = 1 AND version = 1111
[TeaQL SQL][query][1161us] 1 rows returned outcome=success batchOutcome=not_applicable comment=matched benchmark update purpose=runtime: read authoritative persisted mutation result auditReason=matched benchmark update tracePath=[0:OPERATION:Merchant=query -> 1:REQUEST:Merchant= -> 2:PROVIDER:postgresql= -> 3:SQL:select=] mutationLineage=[0:AUDIT_REASON:Merchant#1=matched benchmark update]
SQL: -- TeaQL PLAIN
SELECT * FROM merchant_data WHERE id = 1
[TeaQL SQL][query][676us] 1 rows returned outcome=success batchOutcome=not_applicable comment=matched merchant read with relation purpose=matched benchmark read auditReason= tracePath=[0:OPERATION:Merchant=query -> 1:REQUEST:Merchant= -> 2:PROVIDER:postgresql= -> 3:SQL:select=] mutationLineage=[]
SQL: -- TeaQL PLAIN
SELECT id, name, code, external_id AS externalId, task_life_hours AS taskLifeHours, version, platform FROM merchant_data WHERE (version > 0) AND (external_id = 'matched-merchant') LIMIT 1000 OFFSET 0
[TeaQL SQL][query][1086us] 1 rows returned outcome=success batchOutcome=not_applicable comment=matched merchant read with relation purpose=matched benchmark read auditReason= tracePath=[0:OPERATION:Merchant=query -> 1:REQUEST:Merchant= -> 2:RELATION:platform=Merchant.platform -> 3:PROVIDER:postgresql= -> 4:SQL:select=] mutationLineage=[]
SQL: -- TeaQL PLAIN
SELECT id, create_time AS createTime, last_update_time AS lastUpdateTime, name, version FROM platform_data WHERE (version > 0) AND (id = 1) LIMIT 1 OFFSET 0
[TeaQL SQL][query][964us] 1 rows returned outcome=success batchOutcome=not_applicable comment=matched update lookup purpose=matched benchmark write auditReason= tracePath=[0:OPERATION:Merchant=query -> 1:REQUEST:Merchant= -> 2:PROVIDER:postgresql= -> 3:SQL:select=] mutationLineage=[]
SQL: -- TeaQL PLAIN
SELECT id, name, code, external_id AS externalId, task_life_hours AS taskLifeHours, platform, version FROM merchant_data WHERE (version > 0) AND (external_id = 'matched-merchant') LIMIT 1000 OFFSET 0
[TeaQL SQL][mutation][565us] 1 rows affected outcome=success batchOutcome=not_applicable comment= purpose= auditReason=matched benchmark update tracePath=[0:OPERATION:Merchant=mutation -> 1:ENTITY:Merchant= -> 2:PROVIDER:postgresql= -> 3:SQL:update=] mutationLineage=[0:AUDIT_REASON:Merchant#1=matched benchmark update]
SQL: -- TeaQL PLAIN
UPDATE merchant_data SET task_life_hours = 48 , version = 1113 WHERE id = 1 AND version = 1112
[TeaQL SQL][query][384us] 1 rows returned outcome=success batchOutcome=not_applicable comment=matched benchmark update purpose=runtime: read authoritative persisted mutation result auditReason=matched benchmark update tracePath=[0:OPERATION:Merchant=query -> 1:REQUEST:Merchant= -> 2:PROVIDER:postgresql= -> 3:SQL:select=] mutationLineage=[0:AUDIT_REASON:Merchant#1=matched benchmark update]
SQL: -- TeaQL PLAIN
SELECT * FROM merchant_data WHERE id = 1
[TeaQL SQL][query][590us] 1 rows returned outcome=success batchOutcome=not_applicable comment=matched merchant read with relation purpose=matched benchmark read auditReason= tracePath=[0:OPERATION:Merchant=query -> 1:REQUEST:Merchant= -> 2:PROVIDER:postgresql= -> 3:SQL:select=] mutationLineage=[]
SQL: -- TeaQL PLAIN
SELECT id, name, code, external_id AS externalId, task_life_hours AS taskLifeHours, version, platform FROM merchant_data WHERE (version > 0) AND (external_id = 'matched-merchant') LIMIT 1000 OFFSET 0
[TeaQL SQL][query][540us] 1 rows returned outcome=success batchOutcome=not_applicable comment=matched merchant read with relation purpose=matched benchmark read auditReason= tracePath=[0:OPERATION:Merchant=query -> 1:REQUEST:Merchant= -> 2:RELATION:platform=Merchant.platform -> 3:PROVIDER:postgresql= -> 4:SQL:select=] mutationLineage=[]
SQL: -- TeaQL PLAIN
SELECT id, create_time AS createTime, last_update_time AS lastUpdateTime, name, version FROM platform_data WHERE (version > 0) AND (id = 1) LIMIT 1 OFFSET 0
[TeaQL SQL][query][1048us] 0 rows returned outcome=success batchOutcome=not_applicable comment=what: execute the original weight-report query purpose=why: verify latest-runtime SQL readiness auditReason= tracePath=[0:OPERATION:WeightReport=query -> 1:REQUEST:WeightReport= -> 2:RELATION:subTask=WeightReport.subTask -> 3:PROVIDER:postgresql= -> 4:SQL:select=] mutationLineage=[]
SQL: -- TeaQL PLAIN
SELECT subTaskData.id AS id, subTaskData.name AS name, subTaskData.status AS status, subTaskData.sequence AS sequence, subTaskData.max_snapshot_number AS maxSnapshotNumber, subTaskData.task AS task, subTaskData.version AS version, _child_type AS _type_ FROM sub_task_data AS subTaskData WHERE (subTaskData.version > 0) AND (subTaskData.sequence = 2) AND (subTaskData.task = 26001) LIMIT 1000 OFFSET 0
[TeaQL SQL][query][1405us] 0 rows returned outcome=success batchOutcome=not_applicable comment=what: execute the original weight-report query purpose=why: verify latest-runtime SQL readiness auditReason= tracePath=[0:OPERATION:WeightReport=query -> 1:REQUEST:WeightReport= -> 2:PROVIDER:postgresql= -> 3:SQL:select=] mutationLineage=[]
SQL: -- TeaQL PLAIN
SELECT weightReportData.id AS id, subTaskReportData.name AS name, subTaskReportData.tractor AS tractor, subTaskReportData.trailer AS trailer, subTaskReportData.fill_station AS fillStation, subTaskReportData.executor AS executor, subTaskReportData.execute_time AS executeTime, subTaskReportData.snapshot_number AS snapshotNumber, subTaskReportData.sub_task AS subTask, subTaskReportData.task AS task, subTaskReportData.merchant AS merchant, subTaskReportData.version AS version, weightReportData.weight AS weight FROM weight_report_data AS weightReportData INNER JOIN sub_task_report_data AS subTaskReportData ON subTaskReportData.id = weightReportData.id WHERE (subTaskReportData.version > 0) AND (subTaskReportData.sub_task IN (NULL)) ORDER BY subTaskReportData.execute_time DESC LIMIT 1000 OFFSET 0
java.lang.IllegalArgumentException: Fixture value only
	at modern.probe/com.doublechaintech.liquidfilling.probe.ProbeOperations.write(ProbeOperations.java:100)
	at modern.probe/com.doublechaintech.liquidfilling.probe.StandaloneProbe.lambda$main$0(StandaloneProbe.java:21)
	at jdk.httpserver/com.sun.net.httpserver.Filter$Chain.doFilter(Filter.java:98)
	at jdk.httpserver/sun.net.httpserver.AuthFilter.doFilter(AuthFilter.java:82)
	at jdk.httpserver/com.sun.net.httpserver.Filter$Chain.doFilter(Filter.java:101)
	at jdk.httpserver/sun.net.httpserver.ServerImpl$Exchange$LinkHandler.handle(ServerImpl.java:932)
	at jdk.httpserver/com.sun.net.httpserver.Filter$Chain.doFilter(Filter.java:98)
	at jdk.httpserver/sun.net.httpserver.ServerImpl$Exchange.run(ServerImpl.java:908)
	at java.base/java.util.concurrent.ThreadPoolExecutor.runWorker(ThreadPoolExecutor.java:1144)
	at java.base/java.util.concurrent.ThreadPoolExecutor$Worker.run(ThreadPoolExecutor.java:642)
	at java.base/java.lang.Thread.run(Thread.java:1583)
[TeaQL SQL][query][645us] 1 rows returned outcome=success batchOutcome=not_applicable comment=matched merchant read with relation purpose=matched benchmark read auditReason= tracePath=[0:OPERATION:Merchant=query -> 1:REQUEST:Merchant= -> 2:PROVIDER:postgresql= -> 3:SQL:select=] mutationLineage=[]
SQL: -- TeaQL PLAIN
SELECT id, name, code, external_id AS externalId, task_life_hours AS taskLifeHours, version, platform FROM merchant_data WHERE (version > 0) AND (external_id = 'matched-merchant') LIMIT 1000 OFFSET 0
[TeaQL SQL][query][677us] 1 rows returned outcome=success batchOutcome=not_applicable comment=matched merchant read with relation purpose=matched benchmark read auditReason= tracePath=[0:OPERATION:Merchant=query -> 1:REQUEST:Merchant= -> 2:RELATION:platform=Merchant.platform -> 3:PROVIDER:postgresql= -> 4:SQL:select=] mutationLineage=[]
SQL: -- TeaQL PLAIN
SELECT id, create_time AS createTime, last_update_time AS lastUpdateTime, name, version FROM platform_data WHERE (version > 0) AND (id = 1) LIMIT 1 OFFSET 0
