Warning: The option '-H:ReflectionConfigurationResources=META-INF/native-image/org.apache.tomcat.embed/tomcat-embed-websocket/tomcat-reflection.json' is experimental and must be enabled via '-H:+UnlockExperimentalVMOptions' in the future.
Warning: The option '-H:ReflectionConfigurationResources=META-INF/native-image/org.apache.tomcat.embed/tomcat-embed-el/tomcat-reflection.json' is experimental and must be enabled via '-H:+UnlockExperimentalVMOptions' in the future.
Warning: The option '-H:ResourceConfigurationResources=META-INF/native-image/org.apache.tomcat.embed/tomcat-embed-core/tomcat-resource.json' is experimental and must be enabled via '-H:+UnlockExperimentalVMOptions' in the future.
Warning: The option '-H:ReflectionConfigurationResources=META-INF/native-image/org.apache.tomcat.embed/tomcat-embed-core/tomcat-reflection.json' is experimental and must be enabled via '-H:+UnlockExperimentalVMOptions' in the future.
Warning: The option '-H:ResourceConfigurationResources=META-INF/native-image/org.apache.tomcat.embed/tomcat-embed-el/tomcat-resource.json' is experimental and must be enabled via '-H:+UnlockExperimentalVMOptions' in the future.
Warning: The option '-H:ReflectionConfigurationResources=META-INF/native-image/io.netty/netty-transport/reflection-config.json' is experimental and must be enabled via '-H:+UnlockExperimentalVMOptions' in the future.
Warning: The option '-H:ResourceConfigurationResources=META-INF/native-image/org.apache.tomcat.embed/tomcat-embed-websocket/tomcat-resource.json' is experimental and must be enabled via '-H:+UnlockExperimentalVMOptions' in the future.
Warning: Please re-evaluate whether any experimental option is required, and either remove or unlock it. The build output lists all active experimental options, including where they come from and possible alternatives. If you think an experimental option should be considered as stable, please file an issue.
========================================================================================================================
GraalVM Native Image: Generating 'legacy' (executable)...
========================================================================================================================
For detailed information and explanations on the build output, visit:
https://github.com/oracle/graal/blob/master/docs/reference-manual/native-image/BuildOutput.md
------------------------------------------------------------------------------------------------------------------------
[1/8] Initializing...                                                                                    (8.5s @ 0.25GB)
 Java version: 21.0.12+7-LTS, vendor version: Oracle GraalVM 21.0.12+7.1
 Graal compiler: optimization level: 2, target machine: compatibility, PGO: ML-inferred
 C compiler: gcc (linux, x86_64, 14.2.0)
 Garbage collector: Serial GC (max heap size: 80% of RAM)
 2 user-specific feature(s):
 - com.oracle.svm.thirdparty.gson.GsonFeature
 - org.springframework.aot.nativex.feature.PreComputeFieldFeature
------------------------------------------------------------------------------------------------------------------------
 2 experimental option(s) unlocked:
 - '-H:ResourceConfigurationResources' (origin(s): 'META-INF/native-image/org.apache.tomcat.embed/tomcat-embed-websocket/native-image.properties' in 'file:///home/philip/teaql-startup-benchmark/native/legacy/lib/tomcat-embed-websocket-10.1.16.jar', 'META-INF/native-image/org.apache.tomcat.embed/tomcat-embed-core/native-image.properties' in 'file:///home/philip/teaql-startup-benchmark/native/legacy/lib/tomcat-embed-core-10.1.16.jar', 'META-INF/native-image/org.apache.tomcat.embed/tomcat-embed-el/native-image.properties' in 'file:///home/philip/teaql-startup-benchmark/native/legacy/lib/tomcat-embed-el-10.1.16.jar')
 - '-H:ReflectionConfigurationResources' (origin(s): 'META-INF/native-image/org.apache.tomcat.embed/tomcat-embed-websocket/native-image.properties' in 'file:///home/philip/teaql-startup-benchmark/native/legacy/lib/tomcat-embed-websocket-10.1.16.jar', 'META-INF/native-image/org.apache.tomcat.embed/tomcat-embed-core/native-image.properties' in 'file:///home/philip/teaql-startup-benchmark/native/legacy/lib/tomcat-embed-core-10.1.16.jar', 'META-INF/native-image/org.apache.tomcat.embed/tomcat-embed-el/native-image.properties' in 'file:///home/philip/teaql-startup-benchmark/native/legacy/lib/tomcat-embed-el-10.1.16.jar', 'META-INF/native-image/io.netty/netty-transport/native-image.properties' in 'file:///home/philip/teaql-startup-benchmark/native/legacy/lib/netty-transport-4.1.101.Final.jar')
------------------------------------------------------------------------------------------------------------------------
Build resources:
 - 7.11GB of memory (45.9% of 15.50GB system memory, set via '-Xmx8g')
 - 4 thread(s) (50.0% of 8 available processor(s), set via '--parallelism=4')
SLF4J: No SLF4J providers were found.
SLF4J: Defaulting to no-operation (NOP) logger implementation
SLF4J: See https://www.slf4j.org/codes.html#noProviders for further details.
[2/8] Performing analysis...  [*****]                                                                  (129.3s @ 2.33GB)
   30,665 reachable types   (90.7% of   33,797 total)
   45,933 reachable fields  (58.7% of   78,314 total)
  162,607 reachable methods (63.1% of  257,539 total)
    9,581 types, 1,209 fields, and 20,656 methods registered for reflection
       63 types,    66 fields, and    55 methods registered for JNI access
        4 native libraries: dl, pthread, rt, z
[3/8] Building universe...                                                                              (17.8s @ 3.12GB)
[4/8] Parsing methods...      [******]                                                                  (41.5s @ 3.36GB)
[5/8] Inlining methods...     [****]                                                                     (5.1s @ 4.34GB)
Error: Image build request for 'legacy' (pid: 457975, path: /home/philip/teaql-startup-benchmark/native/legacy) failed with exit status 143
Command exited with non-zero status 143
	Command being timed: "native-image -J-Xmx8g --parallelism=4 --no-fallback -march=compatibility -cp aot:lib/* com.doublechaintech.liquidfilling.legacyprobe.LegacyProbeApplication legacy"
	User time (seconds): 1881.09
	System time (seconds): 18.39
	Percent of CPU this job got: 496%
	Elapsed (wall clock) time (h:mm:ss or m:ss): 6:22.46
	Average shared text size (kbytes): 0
	Average unshared data size (kbytes): 0
	Average stack size (kbytes): 0
	Average total size (kbytes): 0
	Maximum resident set size (kbytes): 6717152
	Average resident set size (kbytes): 0
	Major (requiring I/O) page faults: 24
	Minor (reclaiming a frame) page faults: 1133756
	Voluntary context switches: 319895
	Involuntary context switches: 78277
	Swaps: 0
	File system inputs: 122248
	File system outputs: 35800
	Socket messages sent: 0
	Socket messages received: 0
	Signals delivered: 0
	Page size (bytes): 4096
	Exit status: 143
