2026-10-10 00:14:58,962-[]---WARN -LogbackLoggingSystem:195- Ignoring 'logback.configurationFile' system property. Please use 'logging.config' instead.

  .   ____          _            __ _ _
 /\\ / ___'_ __ _ _(_)_ __  __ _ \ \ \ \
( ( )\___ | '_ | '_| | '_ \/ _` | \ \ \ \
 \\/  ___)| |_)| | | | | || (_| |  ) ) ) )
  '  |____| .__|_| |_|_| |_\__, | / / / /
 =========|_|==============|___/=/_/_/_/
 :: Spring Boot ::                (v3.2.0)

2026-10-10 00:14:58,970-[]---INFO -LegacyProbeApplication:50- Starting AOT-processed LegacyProbeApplication using Java 21.0.12 with PID 475303 (/home/philip/teaql-startup-benchmark/native/legacy/legacy started by philip in /home/philip/teaql-startup-benchmark/native)
2026-10-10 00:14:58,970-[]---INFO -LegacyProbeApplication:653- No active profile set, falling back to 1 default profile: "default"
2026-10-10 00:14:59,015-[]---INFO -TomcatWebServer:108- Tomcat initialized with port 18884 (http)
2026-10-10 00:14:59,016-[]---INFO -StandardService:173- Starting service [Tomcat]
2026-10-10 00:14:59,016-[]---INFO -StandardEngine:173- Starting Servlet engine: [Apache Tomcat/10.1.16]
2026-10-10 00:14:59,022-[]---INFO -[/]:173- Initializing Spring embedded WebApplicationContext
2026-10-10 00:14:59,022-[]---INFO -ServletWebServerApplicationContext:296- Root WebApplicationContext: initialization completed in 51 ms
2026-10-10 00:14:59,316-[]---INFO -EndpointLinksResolver:58- Exposing 1 endpoint(s) beneath base path '/actuator'
2026-10-10 00:14:59,328-[]---INFO -TomcatWebServer:221- Tomcat started on port 18884 (http) with context path ''
2026-10-10 00:14:59,329-[]---INFO -LegacyProbeApplication:56- Started LegacyProbeApplication in 0.386 seconds (process running for 0.395)
2026-10-10 00:14:59,361-[]---INFO -[/]:173- Initializing Spring DispatcherServlet 'dispatcherServlet'
2026-10-10 00:14:59,361-[]---INFO -DispatcherServlet:532- Initializing Servlet 'dispatcherServlet'
2026-10-10 00:14:59,362-[]---INFO -DispatcherServlet:554- Completed initialization in 1 ms
2026-10-10 00:14:59,383-[]---INFO -HikariDataSource:110- HikariPool-1 - Starting...
2026-10-10 00:14:59,413-[]---INFO -HikariPool:565- HikariPool-1 - Added connection org.postgresql.jdbc.PgConnection@15e18e3f
2026-10-10 00:14:59,413-[]---INFO -HikariDataSource:123- HikariPool-1 - Start completed.
2026-10-10 00:15:52,260-[]---INFO -AbstractRepository:210- start execute request: matched fixture root
2026-10-10 00:15:52,260-[]---ERROR-[dispatcherServlet]:175- Servlet.service() for servlet [dispatcherServlet] in context with path [] threw exception [Request processing failed: io.teaql.data.RepositoryException: no parse for expression type:class io.teaql.data.criteria.AND] with root cause
io.teaql.data.RepositoryException: no parse for expression type:class io.teaql.data.criteria.AND
	at io.teaql.data.sql.expression.ExpressionHelper.toSql(ExpressionHelper.java:38)
	at io.teaql.data.sql.SQLRepository.prepareCondition(SQLRepository.java:972)
	at io.teaql.data.sql.SQLRepository.buildDataSQL(SQLRepository.java:756)
	at io.teaql.data.sql.SQLRepository.loadInternal(SQLRepository.java:534)
	at io.teaql.data.repository.AbstractRepository.executeForList(AbstractRepository.java:212)
	at io.teaql.data.Repository.execute(Repository.java:86)
	at io.teaql.data.RepositoryAdaptor.execute(RepositoryAdaptor.java:165)
	at io.teaql.data.UserContext.execute(UserContext.java:100)
	at io.teaql.data.SearchRequest.execute(SearchRequest.java:63)
	at com.doublechaintech.liquidfilling.legacyprobe.LegacyProbeController.setup(LegacyProbeController.java:21)
	at java.base@21.0.12/java.lang.reflect.Method.invoke(Method.java:580)
	at org.springframework.web.method.support.InvocableHandlerMethod.doInvoke(InvocableHandlerMethod.java:254)
	at org.springframework.web.method.support.InvocableHandlerMethod.invokeForRequest(InvocableHandlerMethod.java:182)
	at org.springframework.web.servlet.mvc.method.annotation.ServletInvocableHandlerMethod.invokeAndHandle(ServletInvocableHandlerMethod.java:118)
	at org.springframework.web.servlet.mvc.method.annotation.RequestMappingHandlerAdapter.invokeHandlerMethod(RequestMappingHandlerAdapter.java:917)
	at org.springframework.web.servlet.mvc.method.annotation.RequestMappingHandlerAdapter.handleInternal(RequestMappingHandlerAdapter.java:829)
	at org.springframework.web.servlet.mvc.method.AbstractHandlerMethodAdapter.handle(AbstractHandlerMethodAdapter.java:87)
	at org.springframework.web.servlet.DispatcherServlet.doDispatch(DispatcherServlet.java:1089)
	at org.springframework.web.servlet.DispatcherServlet.doService(DispatcherServlet.java:979)
	at org.springframework.web.servlet.FrameworkServlet.processRequest(FrameworkServlet.java:1014)
	at org.springframework.web.servlet.FrameworkServlet.doGet(FrameworkServlet.java:903)
	at jakarta.servlet.http.HttpServlet.service(HttpServlet.java:564)
	at org.springframework.web.servlet.FrameworkServlet.service(FrameworkServlet.java:885)
	at jakarta.servlet.http.HttpServlet.service(HttpServlet.java:658)
	at org.apache.catalina.core.ApplicationFilterChain.internalDoFilter(ApplicationFilterChain.java:205)
	at org.apache.catalina.core.ApplicationFilterChain.doFilter(ApplicationFilterChain.java:149)
	at org.apache.tomcat.websocket.server.WsFilter.doFilter(WsFilter.java:51)
	at org.apache.catalina.core.ApplicationFilterChain.internalDoFilter(ApplicationFilterChain.java:174)
	at org.apache.catalina.core.ApplicationFilterChain.doFilter(ApplicationFilterChain.java:149)
	at io.teaql.data.web.MultiReadFilter.doFilter(MultiReadFilter.java:34)
	at org.apache.catalina.core.ApplicationFilterChain.internalDoFilter(ApplicationFilterChain.java:174)
	at org.apache.catalina.core.ApplicationFilterChain.doFilter(ApplicationFilterChain.java:149)
	at org.springframework.web.filter.RequestContextFilter.doFilterInternal(RequestContextFilter.java:100)
	at org.springframework.web.filter.OncePerRequestFilter.doFilter(OncePerRequestFilter.java:116)
	at org.apache.catalina.core.ApplicationFilterChain.internalDoFilter(ApplicationFilterChain.java:174)
	at org.apache.catalina.core.ApplicationFilterChain.doFilter(ApplicationFilterChain.java:149)
	at org.springframework.web.filter.FormContentFilter.doFilterInternal(FormContentFilter.java:93)
	at org.springframework.web.filter.OncePerRequestFilter.doFilter(OncePerRequestFilter.java:116)
	at org.apache.catalina.core.ApplicationFilterChain.internalDoFilter(ApplicationFilterChain.java:174)
	at org.apache.catalina.core.ApplicationFilterChain.doFilter(ApplicationFilterChain.java:149)
	at org.springframework.web.filter.ServerHttpObservationFilter.doFilterInternal(ServerHttpObservationFilter.java:109)
	at org.springframework.web.filter.OncePerRequestFilter.doFilter(OncePerRequestFilter.java:116)
	at org.apache.catalina.core.ApplicationFilterChain.internalDoFilter(ApplicationFilterChain.java:174)
	at org.apache.catalina.core.ApplicationFilterChain.doFilter(ApplicationFilterChain.java:149)
	at org.springframework.web.filter.CharacterEncodingFilter.doFilterInternal(CharacterEncodingFilter.java:201)
	at org.springframework.web.filter.OncePerRequestFilter.doFilter(OncePerRequestFilter.java:116)
	at org.apache.catalina.core.ApplicationFilterChain.internalDoFilter(ApplicationFilterChain.java:174)
	at org.apache.catalina.core.ApplicationFilterChain.doFilter(ApplicationFilterChain.java:149)
	at org.apache.catalina.core.StandardWrapperValve.invoke(StandardWrapperValve.java:167)
	at org.apache.catalina.core.StandardContextValve.invoke(StandardContextValve.java:90)
	at org.apache.catalina.authenticator.AuthenticatorBase.invoke(AuthenticatorBase.java:482)
	at org.apache.catalina.core.StandardHostValve.invoke(StandardHostValve.java:115)
	at org.apache.catalina.valves.ErrorReportValve.invoke(ErrorReportValve.java:93)
	at org.apache.catalina.core.StandardEngineValve.invoke(StandardEngineValve.java:74)
	at org.apache.catalina.connector.CoyoteAdapter.service(CoyoteAdapter.java:340)
	at org.apache.coyote.http11.Http11Processor.service(Http11Processor.java:391)
	at org.apache.coyote.AbstractProcessorLight.process(AbstractProcessorLight.java:63)
	at org.apache.coyote.AbstractProtocol$ConnectionHandler.process(AbstractProtocol.java:896)
	at org.apache.tomcat.util.net.NioEndpoint$SocketProcessor.doRun(NioEndpoint.java:1744)
	at org.apache.tomcat.util.net.SocketProcessorBase.run(SocketProcessorBase.java:52)
	at org.apache.tomcat.util.threads.ThreadPoolExecutor.runWorker(ThreadPoolExecutor.java:1191)
	at org.apache.tomcat.util.threads.ThreadPoolExecutor$Worker.run(ThreadPoolExecutor.java:659)
	at org.apache.tomcat.util.threads.TaskThread$WrappingRunnable.run(TaskThread.java:61)
	at java.base@21.0.12/java.lang.Thread.runWith(Thread.java:1596)
	at java.base@21.0.12/java.lang.Thread.run(Thread.java:1583)
	at org.graalvm.nativeimage.builder/com.oracle.svm.core.thread.PlatformThreads.threadStartRoutine(PlatformThreads.java:896)
	at org.graalvm.nativeimage.builder/com.oracle.svm.core.thread.PlatformThreads.threadStartRoutine(PlatformThreads.java:872)
2026-10-10 00:15:52,267-[]---INFO -HikariDataSource:350- HikariPool-1 - Shutdown initiated...
2026-10-10 00:15:52,267-[]---INFO -HikariDataSource:352- HikariPool-1 - Shutdown completed.
